Component: ARM Compiler 5.05 update 1 (build 106) Tool: armlink [4d0efa]

==============================================================================

Section Cross References

    startup_stm32f427xx.o(RESET) refers to startup_stm32f427xx.o(STACK) for __initial_sp
    startup_stm32f427xx.o(RESET) refers to startup_stm32f427xx.o(.text) for Reset_Handler
    startup_stm32f427xx.o(RESET) refers to stm32f4xx_it.o(i.NMI_Handler) for NMI_Handler
    startup_stm32f427xx.o(RESET) refers to stm32f4xx_it.o(i.HardFault_Handler) for HardFault_Handler
    startup_stm32f427xx.o(RESET) refers to stm32f4xx_it.o(i.MemManage_Handler) for MemManage_Handler
    startup_stm32f427xx.o(RESET) refers to stm32f4xx_it.o(i.BusFault_Handler) for BusFault_Handler
    startup_stm32f427xx.o(RESET) refers to stm32f4xx_it.o(i.UsageFault_Handler) for UsageFault_Handler
    startup_stm32f427xx.o(RESET) refers to port.o(.emb_text) for SVC_Handler
    startup_stm32f427xx.o(RESET) refers to stm32f4xx_it.o(i.DebugMon_Handler) for DebugMon_Handler
    startup_stm32f427xx.o(RESET) refers to stm32f4xx_it.o(i.SysTick_Handler) for SysTick_Handler
    startup_stm32f427xx.o(RESET) refers to stm32f4xx_it.o(i.CAN1_TX_IRQHandler) for CAN1_TX_IRQHandler
    startup_stm32f427xx.o(RESET) refers to stm32f4xx_it.o(i.CAN1_RX0_IRQHandler) for CAN1_RX0_IRQHandler
    startup_stm32f427xx.o(RESET) refers to stm32f4xx_it.o(i.DMA2_Stream1_IRQHandler) for DMA2_Stream1_IRQHandler
    startup_stm32f427xx.o(RESET) refers to stm32f4xx_it.o(i.CAN2_TX_IRQHandler) for CAN2_TX_IRQHandler
    startup_stm32f427xx.o(RESET) refers to stm32f4xx_it.o(i.CAN2_RX0_IRQHandler) for CAN2_RX0_IRQHandler
    startup_stm32f427xx.o(RESET) refers to stm32f4xx_it.o(i.USART6_IRQHandler) for USART6_IRQHandler
    startup_stm32f427xx.o(.text) refers to system_stm32f4xx.o(i.SystemInit) for SystemInit
    startup_stm32f427xx.o(.text) refers to entry.o(.ARM.Collect$$$$00000000) for __main
    ano_dt.o(i.ANO_DT_Data_Exchange) refers to ano_dt.o(.data) for .data
    ano_dt.o(i.ANO_DT_Data_Exchange) refers to ano_dt.o(.bss) for .bss
    ano_dt.o(i.ANO_DT_Send_Data) refers to stm32f4xx_hal_uart.o(i.HAL_UART_Transmit) for HAL_UART_Transmit
    ano_dt.o(i.ANO_DT_Send_Data) refers to usart.o(.bss) for huart6
    ano_dt.o(i.ANO_DT_Send_MotoPWM) refers to ano_dt.o(i.ANO_DT_Send_Data) for ANO_DT_Send_Data
    ano_dt.o(i.ANO_DT_Send_MotoPWM) refers to ano_dt.o(.bss) for .bss
    ano_dt.o(i.ANO_DT_Send_PID) refers to ano_dt.o(i.ANO_DT_Send_Data) for ANO_DT_Send_Data
    ano_dt.o(i.ANO_DT_Send_PID) refers to ano_dt.o(.bss) for .bss
    ano_dt.o(i.ANO_DT_Send_Power) refers to ano_dt.o(i.ANO_DT_Send_Data) for ANO_DT_Send_Data
    ano_dt.o(i.ANO_DT_Send_Power) refers to ano_dt.o(.bss) for .bss
    ano_dt.o(i.ANO_DT_Send_RCData) refers to ano_dt.o(i.ANO_DT_Send_Data) for ANO_DT_Send_Data
    ano_dt.o(i.ANO_DT_Send_RCData) refers to ano_dt.o(.bss) for .bss
    ano_dt.o(i.ANO_DT_Send_Senser) refers to ano_dt.o(i.ANO_DT_Send_Data) for ANO_DT_Send_Data
    ano_dt.o(i.ANO_DT_Send_Senser) refers to ano_dt.o(.bss) for .bss
    ano_dt.o(i.ANO_DT_Send_Status) refers to ano_dt.o(i.ANO_DT_Send_Data) for ANO_DT_Send_Data
    ano_dt.o(i.ANO_DT_Send_Status) refers to ano_dt.o(.bss) for .bss
    ano_dt.o(i.ANO_DT_Send_Version) refers to ano_dt.o(i.ANO_DT_Send_Data) for ANO_DT_Send_Data
    ano_dt.o(i.ANO_DT_Send_Version) refers to ano_dt.o(.bss) for .bss
    crc_check.o(i.Append_CRC16_Check_Sum) refers to crc_check.o(i.Get_CRC16_Check_Sum) for Get_CRC16_Check_Sum
    crc_check.o(i.Append_CRC16_Check_Sum) refers to crc_check.o(.data) for .data
    crc_check.o(i.Append_CRC8_Check_Sum) refers to crc_check.o(i.Get_CRC8_Check_Sum) for Get_CRC8_Check_Sum
    crc_check.o(i.Get_CRC16_Check_Sum) refers to crc_check.o(.constdata) for .constdata
    crc_check.o(i.Get_CRC8_Check_Sum) refers to crc_check.o(.constdata) for .constdata
    crc_check.o(i.Verify_CRC16_Check_Sum) refers to crc_check.o(i.Get_CRC16_Check_Sum) for Get_CRC16_Check_Sum
    crc_check.o(i.Verify_CRC16_Check_Sum) refers to crc_check.o(.data) for .data
    crc_check.o(i.Verify_CRC8_Check_Sum) refers to crc_check.o(i.Get_CRC8_Check_Sum) for Get_CRC8_Check_Sum
    pid.o(i.pid_ast) refers to f2d.o(.text) for __aeabi_f2d
    pid.o(i.pid_ast) refers to dadd.o(.text) for __aeabi_dsub
    pid.o(i.pid_ast) refers to ddiv.o(.text) for __aeabi_ddiv
    pid.o(i.pid_ast) refers to dmul.o(.text) for __aeabi_dmul
    pid.o(i.pid_ast) refers to d2f.o(.text) for __aeabi_d2f
    stmgood.o(i.Command) refers to stmgood.o(i.CompStr) for CompStr
    stmgood.o(i.Command) refers to stmgood.o(i.multi1) for multi1
    stmgood.o(i.Command) refers to stmgood.o(i.multi2) for multi2
    stmgood.o(i.Command) refers to stmgood.o(i.multi3) for multi3
    stmgood.o(i.Command) refers to stmgood.o(i.go1) for go1
    stmgood.o(i.Command) refers to stmgood.o(i.cmd) for cmd
    stmgood.o(i.CompStr) refers to stmgood.o(i.Strlen) for Strlen
    stmgood.o(i.DealStr) refers to stmgood.o(i.Strlen) for Strlen
[...]
    i.HAL_CAN_TxMailbox2AbortCallback        0x08001518   Section        0  stm32f4xx_hal_can.o(i.HAL_CAN_TxMailbox2AbortCallback)
    i.HAL_CAN_TxMailbox2CompleteCallback     0x0800151a   Section        0  stm32f4xx_hal_can.o(i.HAL_CAN_TxMailbox2CompleteCallback)
    i.HAL_CAN_WakeUpFromRxMsgCallback        0x0800151c   Section        0  stm32f4xx_hal_can.o(i.HAL_CAN_WakeUpFromRxMsgCallback)
    i.HAL_DMA_Abort                          0x0800151e   Section        0  stm32f4xx_hal_dma.o(i.HAL_DMA_Abort)
    i.HAL_DMA_IRQHandler                     0x080015ac   Section        0  stm32f4xx_hal_dma.o(i.HAL_DMA_IRQHandler)
    i.HAL_DMA_Init                           0x0800174c   Section        0  stm32f4xx_hal_dma.o(i.HAL_DMA_Init)
    i.HAL_DMA_Start_IT                       0x08001820   Section        0  stm32f4xx_hal_dma.o(i.HAL_DMA_Start_IT)
    i.HAL_GPIO_Init                          0x08001898   Section        0  stm32f4xx_hal_gpio.o(i.HAL_GPIO_Init)
    i.HAL_GPIO_TogglePin                     0x08001a64   Section        0  stm32f4xx_hal_gpio.o(i.HAL_GPIO_TogglePin)
    i.HAL_GPIO_WritePin                      0x08001a72   Section        0  stm32f4xx_hal_gpio.o(i.HAL_GPIO_WritePin)
    i.HAL_GetTick                            0x08001a7c   Section        0  stm32f4xx_hal.o(i.HAL_GetTick)
    i.HAL_IncTick                            0x08001a88   Section        0  stm32f4xx_hal.o(i.HAL_IncTick)
    i.HAL_Init                               0x08001a98   Section        0  stm32f4xx_hal.o(i.HAL_Init)
    i.HAL_InitTick                           0x08001acc   Section        0  stm32f4xx_hal.o(i.HAL_InitTick)
    i.HAL_MspInit                            0x08001b0c   Section        0  stm32f4xx_hal_msp.o(i.HAL_MspInit)
    i.HAL_NVIC_EnableIRQ                     0x08001b44   Section        0  stm32f4xx_hal_cortex.o(i.HAL_NVIC_EnableIRQ)
    i.HAL_NVIC_SetPriority                   0x08001b60   Section        0  stm32f4xx_hal_cortex.o(i.HAL_NVIC_SetPriority)
    i.HAL_NVIC_SetPriorityGrouping           0x08001ba0   Section        0  stm32f4xx_hal_cortex.o(i.HAL_NVIC_SetPriorityGrouping)
    i.HAL_RCC_ClockConfig                    0x08001bc4   Section        0  stm32f4xx_hal_rcc.o(i.HAL_RCC_ClockConfig)
    i.HAL_RCC_GetPCLK1Freq                   0x08001cf4   Section        0  stm32f4xx_hal_rcc.o(i.HAL_RCC_GetPCLK1Freq)
    i.HAL_RCC_GetPCLK2Freq                   0x08001d14   Section        0  stm32f4xx_hal_rcc.o(i.HAL_RCC_GetPCLK2Freq)
    i.HAL_RCC_GetSysClockFreq                0x08001d34   Section        0  stm32f4xx_hal_rcc.o(i.HAL_RCC_GetSysClockFreq)
    i.HAL_RCC_OscConfig                      0x08001d98   Section        0  stm32f4xx_hal_rcc.o(i.HAL_RCC_OscConfig)
    i.HAL_SPI_Init                           0x080020b4   Section        0  stm32f4xx_hal_spi.o(i.HAL_SPI_Init)
    i.HAL_SPI_MspInit                        0x08002134   Section        0  spi.o(i.HAL_SPI_MspInit)
    i.HAL_SYSTICK_Config                     0x080021a0   Section        0  stm32f4xx_hal_cortex.o(i.HAL_SYSTICK_Config)
    i.HAL_TIM_MspPostInit                    0x080021c8   Section        0  tim.o(i.HAL_TIM_MspPostInit)
    i.HAL_TIM_PWM_ConfigChannel              0x0800221c   Section        0  stm32f4xx_hal_tim.o(i.HAL_TIM_PWM_ConfigChannel)
    i.HAL_TIM_PWM_Init                       0x080022ec   Section        0  stm32f4xx_hal_tim.o(i.HAL_TIM_PWM_Init)
    i.HAL_TIM_PWM_MspInit                    0x08002324   Section        0  tim.o(i.HAL_TIM_PWM_MspInit)
    i.HAL_UART_DMAStop                       0x0800234c   Section        0  stm32f4xx_hal_uart.o(i.HAL_UART_DMAStop)
    i.HAL_UART_ErrorCallback                 0x080023a4   Section        0  bsp_uart.o(i.HAL_UART_ErrorCallback)
    i.HAL_UART_Init                          0x080023b6   Section        0  stm32f4xx_hal_uart.o(i.HAL_UART_Init)
    i.HAL_UART_MspInit                       0x08002418   Section        0  usart.o(i.HAL_UART_MspInit)
    i.HAL_UART_Receive_DMA                   0x08002510   Section        0  stm32f4xx_hal_uart.o(i.HAL_UART_Receive_DMA)
    i.HAL_UART_RxCpltCallback                0x080025a8   Section        0  stm32f4xx_hal_uart.o(i.HAL_UART_RxCpltCallback)
    i.HAL_UART_RxHalfCpltCallback            0x080025aa   Section        0  stm32f4xx_hal_uart.o(i.HAL_UART_RxHalfCpltCallback)
    i.HardFault_Handler                      0x080025ac   Section        0  stm32f4xx_it.o(i.HardFault_Handler)
    i.MX_CAN1_Init                           0x080025b0   Section        0  can.o(i.MX_CAN1_Init)
    i.MX_CAN2_Init                           0x080025f8   Section        0  can.o(i.MX_CAN2_Init)
    i.MX_DMA_Init                            0x08002640   Section        0  dma.o(i.MX_DMA_Init)
    i.MX_FREERTOS_Init                       0x0800266c   Section        0  freertos.o(i.MX_FREERTOS_Init)
    i.MX_GPIO_Init                           0x080026d4   Section        0  gpio.o(i.MX_GPIO_Init)
    i.MX_SPI5_Init                           0x080027ec   Section        0  spi.o(i.MX_SPI5_Init)
    i.MX_TIM12_Init                          0x08002834   Section        0  tim.o(i.MX_TIM12_Init)
    i.MX_UART7_Init                          0x08002888   Section        0  usart.o(i.MX_UART7_Init)
    i.MX_USART6_UART_Init                    0x080028c0   Section        0  usart.o(i.MX_USART6_UART_Init)
    i.MemManage_Handler                      0x080028f8   Section        0  stm32f4xx_it.o(i.MemManage_Handler)
    i.NMI_Handler                            0x080028fa   Section        0  stm32f4xx_it.o(i.NMI_Handler)
    i.SplitStr                               0x080028fc   Section        0  stmgood.o(i.SplitStr)
    i.StrToFloat                             0x0800294c   Section        0  stmgood.o(i.StrToFloat)
    i.Strlen                                 0x08002a80   Section        0  stmgood.o(i.Strlen)
    i.SubStr                                 0x08002a90   Section        0  stmgood.o(i.SubStr)
    i.SysTick_Handler                        0x08002ab8   Section        0  stm32f4xx_it.o(i.SysTick_Handler)
    i.SystemClock_Config                     0x08002ad0   Section        0  main.o(i.SystemClock_Config)
    i.SystemInit                             0x08002b54   Section        0  system_stm32f4xx.o(i.SystemInit)
    i.TIM_Base_SetConfig                     0x08002ba8   Section        0  stm32f4xx_hal_tim.o(i.TIM_Base_SetConfig)
    i.TIM_OC1_SetConfig                      0x08002c70   Section        0  stm32f4xx_hal_tim.o(i.TIM_OC1_SetConfig)
    TIM_OC1_SetConfig                        0x08002c71   Thumb Code    88  stm32f4xx_hal_tim.o(i.TIM_OC1_SetConfig)
    i.TIM_OC2_SetConfig                      0x08002cd0   Section        0  stm32f4xx_hal_tim.o(i.TIM_OC2_SetConfig)
    i.TIM_OC3_SetConfig                      0x08002d3c   Section        0  stm32f4xx_hal_tim.o(i.TIM_OC3_SetConfig)
    TIM_OC3_SetConfig                        0x08002d3d   Thumb Code    96  stm32f4xx_hal_tim.o(i.TIM_OC3_SetConfig)
    i.TIM_OC4_SetConfig                      0x08002da4   Section        0  stm32f4xx_hal_tim.o(i.TIM_OC4_SetConfig)
    TIM_OC4_SetConfig                        0x08002da5   Thumb Code    70  stm32f4xx_hal_tim.o(i.TIM_OC4_SetConfig)
    i.UART_DMAError                          0x08002df4   Section        0  stm32f4xx_hal_uart.o(i.UART_DMAError)
    UART_DMAError                            0x08002df5   Thumb Code    74  stm32f4xx_hal_uart.o(i.UART_DMAError)
    i.UART_DMAReceiveCplt                    0x08002e3e   Section        0  stm32f4xx_hal_uart.o(i.UART_DMAReceiveCplt)
    UART_DMAReceiveCplt                      0x08002e3f   Thumb Code    60  stm32f4xx_hal_uart.o(i.UART_DMAReceiveCplt)
    i.UART_DMARxHalfCplt                     0x08002e7a   Section        0  stm32f4xx_hal_uart.o(i.UART_DMARxHalfCplt)
    UART_DMARxHalfCplt                       0x08002e7b   Thumb Code    10  stm32f4xx_hal_uart.o(i.UART_DMARxHalfCplt)
    i.UART_EndRxTransfer                     0x08002e84   Section        0  stm32f4xx_hal_uart.o(i.UART_EndRxTransfer)
    UART_EndRxTransfer                       0x08002e85   Thumb Code    28  stm32f4xx_hal_uart.o(i.UART_EndRxTransfer)
    i.UART_EndTxTransfer                     0x08002ea0   Section        0  stm32f4xx_hal_uart.o(i.UART_EndTxTransfer)
    UART_EndTxTransfer                       0x08002ea1   Thumb Code    18  stm32f4xx_hal_uart.o(i.UART_EndTxTransfer)
    i.UART_RX_IDLE_IRQ                       0x08002eb4   Section        0  bsp_uart.o(i.UART_RX_IDLE_IRQ)
    i.UART_SetConfig                         0x08002ef4   Section        0  stm32f4xx_hal_uart.o(i.UART_SetConfig)
    UART_SetConfig                           0x08002ef5   Thumb Code   676  stm32f4xx_hal_uart.o(i.UART_SetConfig)
    i.USART6_IRQHandler                      0x080031a0   Section        0  stm32f4xx_it.o(i.USART6_IRQHandler)
    i.USER_DMA_INIT                          0x080031ac   Section        0  bsp_uart.o(i.USER_DMA_INIT)
    i.UsageFault_Handler                     0x080031ee   Section        0  stm32f4xx_it.o(i.UsageFault_Handler)
    i.__0printf                              0x080031f0   Section        0  printfa.o(i.__0printf)
    i.__NVIC_SetPriority                     0x08003210   Section        0  stm32f4xx_hal_cortex.o(i.__NVIC_SetPriority)
    __NVIC_SetPriority                       0x08003211   Thumb Code    32  stm32f4xx_hal_cortex.o(i.__NVIC_SetPriority)
    i.__scatterload_copy                     0x08003230   Section       14  handlers.o(i.__scatterload_copy)
    i.__scatterload_null                     0x0800323e   Section        2  handlers.o(i.__scatterload_null)
    i.__scatterload_zeroinit                 0x08003240   Section       14  handlers.o(i.__scatterload_zeroinit)
    i._fp_digits                             0x08003250   Section        0  printfa.o(i._fp_digits)
    _fp_digits                               0x08003251   Thumb Code   334  printfa.o(i._fp_digits)
    i._printf_core                           0x080033b4   Section        0  printfa.o(i._printf_core)
    _printf_core                             0x080033b5   Thumb Code  1744  printfa.o(i._printf_core)
    i._printf_post_padding                   0x08003a90   Section        0  printfa.o(i._printf_post_padding)
    _printf_post_padding                     0x08003a91   Thumb Code    36  printfa.o(i._printf_post_padding)
    i._printf_pre_padding                    0x08003ab4   Section        0  printfa.o(i._printf_pre_padding)
    _printf_pre_padding                      0x08003ab5   Thumb Code    46  printfa.o(i._printf_pre_padding)
    i.can_device_init                        0x08003ae4   Section        0  bsp_can.o(i.can_device_init)
    i.can_receive_start                      0x08003b40   Section        0  bsp_can.o(i.can_receive_start)
    i.cmd                                    0x08003b70   Section        0  stmgood.o(i.cmd)
    i.debug_task                             0x08003d80   Section        0  freertos.o(i.debug_task)
    i.detect_task                            0x08003f0c   Section        0  detect_task.o(i.detect_task)
    i.encoder_data_handle                    0x08003fe0   Section        0  bsp_can.o(i.encoder_data_handle)
    i.err_detector_hook                      0x08004050   Section        0  detect_task.o(i.err_detector_hook)
    i.fputc                                  0x0800406c   Section        0  bsp_uart.o(i.fputc)
    i.go1                                    0x08004084   Section        0  stmgood.o(i.go1)
    i.inHandlerMode                          0x08004094   Section        0  cmsis_os.o(i.inHandlerMode)
    inHandlerMode                            0x08004095   Thumb Code    12  cmsis_os.o(i.inHandlerMode)
    i.logic_handle_task                      0x080040a0   Section        0  logic_handle_task.o(i.logic_handle_task)
    i.main                                   0x080040bc   Section        0  main.o(i.main)
    i.makeFreeRtosPriority                   0x0800410c   Section        0  cmsis_os.o(i.makeFreeRtosPriority)
    makeFreeRtosPriority                     0x0800410d   Thumb Code    12  cmsis_os.o(i.makeFreeRtosPriority)
    i.module_offline_callback                0x08004118   Section        0  detect_task.o(i.module_offline_callback)
    module_offline_callback                  0x08004119   Thumb Code   174  detect_task.o(i.module_offline_callback)
    i.module_offline_detect                  0x080041d4   Section        0  detect_task.o(i.module_offline_detect)
    module_offline_detect                    0x080041d5   Thumb Code    90  detect_task.o(i.module_offline_detect)
    i.multi1                                 0x08004234   Section        0  stmgood.o(i.multi1)
    i.multi2                                 0x080042b4   Section        0  stmgood.o(i.multi2)
    i.multi3                                 0x080042f0   Section        0  stmgood.o(i.multi3)
    i.osDelay                                0x0800432c   Section        0  cmsis_os.o(i.osDelay)
    i.osDelayUntil                           0x0800433a   Section        0  cmsis_os.o(i.osDelayUntil)
    i.osKernelStart                          0x08004348   Section        0  cmsis_os.o(i.osKernelStart)
    i.osKernelSysTick                        0x08004352   Section        0  cmsis_os.o(i.osKernelSysTick)
    i.osThreadCreate                         0x0800436a   Section        0  cmsis_os.o(i.osThreadCreate)
    i.pid_ast                                0x080043c0   Section        0  pid.o(i.pid_ast)
    i.pid_handle_task                        0x08004548   Section        0  pid_handle_task.o(i.pid_handle_task)
    i.prvAddCurrentTaskToDelayedList         0x08004650   Section        0  tasks.o(i.prvAddCurrentTaskToDelayedList)
    prvAddCurrentTaskToDelayedList           0x08004651   Thumb Code   102  tasks.o(i.prvAddCurrentTaskToDelayedList)
    i.prvAddNewTaskToReadyList               0x080046c0   Section        0  tasks.o(i.prvAddNewTaskToReadyList)
    prvAddNewTaskToReadyList                 0x080046c1   Thumb Code   194  tasks.o(i.prvAddNewTaskToReadyList)
    i.prvDeleteTCB                           0x08004790   Section        0  tasks.o(i.prvDeleteTCB)
    prvDeleteTCB                             0x08004791   Thumb Code    52  tasks.o(i.prvDeleteTCB)
    i.prvHeapInit                            0x080047c4   Section        0  heap_4.o(i.prvHeapInit)
    prvHeapInit                              0x080047c5   Thumb Code    66  heap_4.o(i.prvHeapInit)
    i.prvIdleTask                            0x08004810   Section        0  tasks.o(i.prvIdleTask)
    prvIdleTask                              0x08004811   Thumb Code    82  tasks.o(i.prvIdleTask)
    i.prvInitialiseNewTask                   0x08004870   Section        0  tasks.o(i.prvInitialiseNewTask)
    prvInitialiseNewTask                     0x08004871   Thumb Code   142  tasks.o(i.prvInitialiseNewTask)
    i.prvInsertBlockIntoFreeList             0x08004900   Section        0  heap_4.o(i.prvInsertBlockIntoFreeList)
    prvInsertBlockIntoFreeList               0x08004901   Thumb Code    72  heap_4.o(i.prvInsertBlockIntoFreeList)
    i.prvResetNextTaskUnblockTime            0x0800494c   Section        0  tasks.o(i.prvResetNextTaskUnblockTime)
    prvResetNextTaskUnblockTime              0x0800494d   Thumb Code    26  tasks.o(i.prvResetNextTaskUnblockTime)
    i.prvTaskExitError                       0x0800496c   Section        0  port.o(i.prvTaskExitError)
    prvTaskExitError                         0x0800496d   Thumb Code    36  port.o(i.prvTaskExitError)
    i.pvPortMalloc                           0x08004994   Section        0  heap_4.o(i.pvPortMalloc)
    i.pxPortInitialiseStack                  0x08004a6c   Section        0  port.o(i.pxPortInitialiseStack)
    i.uxListRemove                           0x08004a98   Section        0  list.o(i.uxListRemove)
    i.vApplicationGetIdleTaskMemory          0x08004ac0   Section        0  freertos.o(i.vApplicationGetIdleTaskMemory)
    i.vApplicationStackOverflowHook          0x08004ad4   Section        0  freertos.o(i.vApplicationStackOverflowHook)
    i.vListInitialise                        0x08004ad6   Section        0  list.o(i.vListInitialise)
    i.vListInitialiseItem                    0x08004aec   Section        0  list.o(i.vListInitialiseItem)
    i.vListInsert                            0x08004af2   Section        0  list.o(i.vListInsert)
    i.vListInsertEnd                         0x08004b22   Section        0  list.o(i.vListInsertEnd)
    i.vPortEnterCritical                     0x08004b3c   Section        0  port.o(i.vPortEnterCritical)
    i.vPortExitCritical                      0x08004b7c   Section        0  port.o(i.vPortExitCritical)
    i.vPortFree                              0x08004ba4   Section        0  heap_4.o(i.vPortFree)
    i.vPortSetupTimerInterrupt               0x08004c00   Section        0  port.o(i.vPortSetupTimerInterrupt)
    i.vPortValidateInterruptPriority         0x08004c24   Section        0  port.o(i.vPortValidateInterruptPriority)
    i.vTaskDelay                             0x08004c78   Section        0  tasks.o(i.vTaskDelay)
    i.vTaskDelayUntil                        0x08004cc4   Section        0  tasks.o(i.vTaskDelayUntil)
    i.vTaskStartScheduler                    0x08004d50   Section        0  tasks.o(i.vTaskStartScheduler)
    i.vTaskSuspendAll                        0x08004dbc   Section        0  tasks.o(i.vTaskSuspendAll)
    i.vTaskSwitchContext                     0x08004dcc   Section        0  tasks.o(i.vTaskSwitchContext)
    i.xPortStartScheduler                    0x08004e40   Section        0  port.o(i.xPortStartScheduler)
    i.xPortSysTickHandler                    0x08004f34   Section        0  port.o(i.xPortSysTickHandler)
    i.xTaskCreate                            0x08004f60   Section        0  tasks.o(i.xTaskCreate)
    i.xTaskCreateStatic                      0x08004fba   Section        0  tasks.o(i.xTaskCreateStatic)
    i.xTaskGetSchedulerState                 0x08005010   Section        0  tasks.o(i.xTaskGetSchedulerState)
    i.xTaskGetTickCount                      0x0800502c   Section        0  tasks.o(i.xTaskGetTickCount)
    i.xTaskGetTickCountFromISR               0x08005038   Section        0  tasks.o(i.xTaskGetTickCountFromISR)
    i.xTaskIncrementTick                     0x08005048   Section        0  tasks.o(i.xTaskIncrementTick)
    i.xTaskResumeAll                         0x08005110   Section        0  tasks.o(i.xTaskResumeAll)
    .constdata                               0x080051d4   Section      112  freertos.o(.constdata)
    .constdata                               0x08005244   Section        8  stm32f4xx_hal_dma.o(.constdata)
    flagBitshiftOffset                       0x08005244   Data           8  stm32f4xx_hal_dma.o(.constdata)
    .constdata                               0x0800524c   Section       16  system_stm32f4xx.o(.constdata)
    .constdata                               0x0800525c   Section        8  system_stm32f4xx.o(.constdata)
    .conststring                             0x08005264   Section       48  freertos.o(.conststring)
    .data                                    0x20000000   Section       40  stmgood.o(.data)
    .data                                    0x20000028   Section       11  bsp_can.o(.data)
    i                                        0x20000029   Data           1  bsp_can.o(.data)
    i                                        0x2000002a   Data           1  bsp_can.o(.data)
    .data                                    0x20000034   Section        8  detect_task.o(.data)
    .data                                    0x2000003c   Section        4  can.o(.data)
    HAL_RCC_CAN1_CLK_ENABLED                 0x2000003c   Data           4  can.o(.data)
    .data                                    0x20000040   Section       16  freertos.o(.data)
    .data                                    0x20000050   Section       12  stm32f4xx_hal.o(.data)
    .data                                    0x2000005c   Section        4  system_stm32f4xx.o(.data)
    .data                                    0x20000060   Section       60  tasks.o(.data)
    pxDelayedTaskList                        0x20000064   Data           4  tasks.o(.data)
    pxOverflowDelayedTaskList                0x20000068   Data           4  tasks.o(.data)
    uxDeletedTasksWaitingCleanUp             0x2000006c   Data           4  tasks.o(.data)
    uxCurrentNumberOfTasks                   0x20000070   Data           4  tasks.o(.data)
    xTickCount                               0x20000074   Data           4  tasks.o(.data)
    uxTopReadyPriority                       0x20000078   Data           4  tasks.o(.data)
    xSchedulerRunning                        0x2000007c   Data           4  tasks.o(.data)
    uxPendedTicks                            0x20000080   Data           4  tasks.o(.data)
    xYieldPending                            0x20000084   Data           4  tasks.o(.data)
    xNumOfOverflows                          0x20000088   Data           4  tasks.o(.data)
    uxTaskNumber                             0x2000008c   Data           4  tasks.o(.data)
    xNextTaskUnblockTime                     0x20000090   Data           4  tasks.o(.data)
    xIdleTaskHandle                          0x20000094   Data           4  tasks.o(.data)
    uxSchedulerSuspended                     0x20000098   Data           4  tasks.o(.data)
    .data                                    0x2000009c   Section       24  heap_4.o(.data)
    pxEnd                                    0x2000009c   Data           4  heap_4.o(.data)
    xFreeBytesRemaining                      0x200000a0   Data           4  heap_4.o(.data)
    xMinimumEverFreeBytesRemaining           0x200000a4   Data           4  heap_4.o(.data)
    xBlockAllocatedBit                       0x200000a8   Data           4  heap_4.o(.data)
    xStart                                   0x200000ac   Data           8  heap_4.o(.data)
    .data                                    0x200000b4   Section       12  port.o(.data)
    ucMaxSysCallPriority                     0x200000b4   Data           1  port.o(.data)
    uxCriticalNesting                        0x200000b8   Data           4  port.o(.data)
    ulMaxPRIGROUPValue                       0x200000bc   Data           4  port.o(.data)
    .data                                    0x200000c0   Section        4  stdout.o(.data)
    .bss                                     0x200000c4   Section      156  pid.o(.bss)
    .bss                                     0x20000160   Section      260  pid.o(.bss)
    .bss                                     0x20000268   Section     1104  stmgood.o(.bss)
    .bss                                     0x200006b8   Section      384  bsp_can.o(.bss)
    .bss                                     0x20000838   Section       50  bsp_uart.o(.bss)
    .bss                                     0x2000086c   Section      244  detect_task.o(.bss)
    offline_dev                              0x20000918   Data          72  detect_task.o(.bss)
    .bss                                     0x20000960   Section       36  logic_handle_task.o(.bss)
    .bss                                     0x20000984   Section       80  can.o(.bss)
    .bss                                     0x200009d4   Section      596  freertos.o(.bss)
    xIdleTaskTCBBuffer                       0x200009d4   Data          84  freertos.o(.bss)
    xIdleStack                               0x20000a28   Data         512  freertos.o(.bss)
    .bss                                     0x20000c28   Section       88  spi.o(.bss)
    .bss                                     0x20000c80   Section       64  tim.o(.bss)
    .bss                                     0x20000cc0   Section      224  usart.o(.bss)
    .bss                                     0x20000da0   Section      240  tasks.o(.bss)
    pxReadyTasksLists                        0x20000da0   Data         140  tasks.o(.bss)
    xDelayedTaskList1                        0x20000e2c   Data          20  tasks.o(.bss)
    xDelayedTaskList2                        0x20000e40   Data          20  tasks.o(.bss)
    xPendingReadyList                        0x20000e54   Data          20  tasks.o(.bss)
    xTasksWaitingTermination                 0x20000e68   Data          20  tasks.o(.bss)
    xSuspendedTaskList                       0x20000e7c   Data          20  tasks.o(.bss)
    .bss                                     0x20000e90   Section    15360  heap_4.o(.bss)
    ucHeap                                   0x20000e90   Data       15360  heap_4.o(.bss)
    STACK                                    0x20004a90   Section     1024  startup_stm32f427xx.o(STACK)

    Global Symbols

    Symbol Name                              Value     Ov Type        Size  Object(Section)

    BuildAttributes$$THM_ISAv4$E$P$D$K$B$S$7EM$VFPi3$EXTD16$VFPS$VFMA$PE$A:L22UL41UL21$X:L11$S22US41US21$IEEE1$IW$USESV6$~STKCKD$USESV7$~SHL$OTIME$ROPI$EBA8$MICROLIB$REQ8$PRES8$EABIv2 0x00000000   Number         0  anon$$obj.o ABSOLUTE
    __ARM_use_no_argv                        0x00000000   Number         0  main.o ABSOLUTE
    _printf_a                                0x00000000   Number         0  stubs.o ABSOLUTE
    _printf_c                                0x00000000   Number         0  stubs.o ABSOLUTE
    _printf_charcount                        0x00000000   Number         0  stubs.o ABSOLUTE
    _printf_d                                0x00000000   Number         0  stubs.o ABSOLUTE
    _printf_e                                0x00000000   Number         0  stubs.o ABSOLUTE
    _printf_f                                0x00000000   Number         0  stubs.o ABSOLUTE
    _printf_flags                            0x00000000   Number         0  stubs.o ABSOLUTE
    _printf_fp_dec                           0x00000000   Number         0  stubs.o ABSOLUTE
    _printf_fp_hex                           0x00000000   Number         0  stubs.o ABSOLUTE
    _printf_g                                0x00000000   Number         0  stubs.o ABSOLUTE
    _printf_i                                0x00000000   Number         0  stubs.o ABSOLUTE
    _printf_int_dec                          0x00000000   Number         0  stubs.o ABSOLUTE
    _printf_l                                0x00000000   Number         0  stubs.o ABSOLUTE
    _printf_lc                               0x00000000   Number         0  stubs.o ABSOLUTE
    _printf_ll                               0x00000000   Number         0  stubs.o ABSOLUTE
    _printf_lld                              0x00000000   Number         0  stubs.o ABSOLUTE
    _printf_lli                              0x00000000   Number         0  stubs.o ABSOLUTE
    _printf_llo                              0x00000000   Number         0  stubs.o ABSOLUTE
    _printf_llu                              0x00000000   Number         0  stubs.o ABSOLUTE
    _printf_llx                              0x00000000   Number         0  stubs.o ABSOLUTE
    _printf_longlong_dec                     0x00000000   Number         0  stubs.o ABSOLUTE
    _printf_longlong_hex                     0x00000000   Number         0  stubs.o ABSOLUTE
    _printf_longlong_oct                     0x00000000   Number         0  stubs.o ABSOLUTE
    _printf_ls                               0x00000000   Number         0  stubs.o ABSOLUTE
    _printf_mbtowc                           0x00000000   Number         0  stubs.o ABSOLUTE
    _printf_n                                0x00000000   Number         0  stubs.o ABSOLUTE
    _printf_o                                0x00000000   Number         0  stubs.o ABSOLUTE
    _printf_p                                0x00000000   Number         0  stubs.o ABSOLUTE
    _printf_percent                          0x00000000   Number         0  stubs.o ABSOLUTE
    _printf_pre_padding                      0x00000000   Number         0  stubs.o ABSOLUTE
    _printf_return_value                     0x00000000   Number         0  stubs.o ABSOLUTE
    _printf_s                                0x00000000   Number         0  stubs.o ABSOLUTE
    _printf_sizespec                         0x00000000   Number         0  stubs.o ABSOLUTE
    _printf_str                              0x00000000   Number         0  stubs.o ABSOLUTE
    _printf_truncate_signed                  0x00000000   Number         0  stubs.o ABSOLUTE
    _printf_truncate_unsigned                0x00000000   Number         0  stubs.o ABSOLUTE
    _printf_u                                0x00000000   Number         0  stubs.o ABSOLUTE
    _printf_wc                               0x00000000   Number         0  stubs.o ABSOLUTE
    _printf_wctomb                           0x00000000   Number         0  stubs.o ABSOLUTE
    _printf_widthprec                        0x00000000   Number         0  stubs.o ABSOLUTE
    _printf_x                                0x00000000   Number         0  stubs.o ABSOLUTE
    __cpp_initialize__aeabi_                  - Undefined Weak Reference
    __cxa_finalize                            - Undefined Weak Reference
    __decompress                              - Undefined Weak Reference
    _clock_init                               - Undefined Weak Reference
    _microlib_exit                            - Undefined Weak Reference
    __Vectors_Size                           0x000001ac   Number         0  startup_stm32f427xx.o ABSOLUTE
    __Vectors                                0x08000000   Data           4  startup_stm32f427xx.o(RESET)
    __Vectors_End                            0x080001ac   Data           0  startup_stm32f427xx.o(RESET)
    __main                                   0x080001ad   Thumb Code     0  entry.o(.ARM.Collect$$$$00000000)
    _main_stk                                0x080001ad   Thumb Code     0  entry2.o(.ARM.Collect$$$$00000001)
    _main_scatterload                        0x080001b1   Thumb Code     0  entry5.o(.ARM.Collect$$$$00000004)
    __main_after_scatterload                 0x080001b5   Thumb Code     0  entry5.o(.ARM.Collect$$$$00000004)
    _main_clock                              0x080001b5   Thumb Code     0  entry7b.o(.ARM.Collect$$$$00000008)
    _main_cpp_init                           0x080001b5   Thumb Code     0  entry8b.o(.ARM.Collect$$$$0000000A)
    _main_init                               0x080001b5   Thumb Code     0  entry9a.o(.ARM.Collect$$$$0000000B)
    __rt_final_cpp                           0x080001bd   Thumb Code     0  entry10a.o(.ARM.Collect$$$$0000000D)
    __rt_final_exit                          0x080001bd   Thumb Code     0  entry11a.o(.ARM.Collect$$$$0000000F)
    SVC_Handler                              0x080001c1   Thumb Code    28  port.o(.emb_text)
    __asm___6_port_c_39a90d8d__prvStartFirstTask 0x080001e1   Thumb Code    36  port.o(.emb_text)
    __asm___6_port_c_39a90d8d__prvEnableVFP  0x08000209   Thumb Code    16  port.o(.emb_text)
    PendSV_Handler                           0x0800021d   Thumb Code    88  port.o(.emb_text)
    vPortGetIPSR                             0x08000279   Thumb Code     6  port.o(.emb_text)
    Reset_Handler                            0x08000281   Thumb Code     8  startup_stm32f427xx.o(.text)
    ADC_IRQHandler                           0x0800029b   Thumb Code     0  startup_stm32f427xx.o(.text)
    CAN1_RX1_IRQHandler                      0x0800029b   Thumb Code     0  startup_stm32f427xx.o(.text)
    CAN1_SCE_IRQHandler                      0x0800029b   Thumb Code     0  startup_stm32f427xx.o(.text)
    CAN2_RX1_IRQHandler                      0x0800029b   Thumb Code     0  startup_stm32f427xx.o(.text)
    CAN2_SCE_IRQHandler                      0x0800029b   Thumb Code     0  startup_stm32f427xx.o(.text)
    DCMI_IRQHandler                          0x0800029b   Thumb Code     0  startup_stm32f427xx.o(.text)
    DMA1_Stream0_IRQHandler                  0x0800029b   Thumb Code     0  startup_stm32f427xx.o(.text)
    DMA1_Stream1_IRQHandler                  0x0800029b   Thumb Code     0  startup_stm32f427xx.o(.text)
    DMA1_Stream2_IRQHandler                  0x0800029b   Thumb Code     0  startup_stm32f427xx.o(.text)
    DMA1_Stream3_IRQHandler                  0x0800029b   Thumb Code     0  startup_stm32f427xx.o(.text)
    DMA1_Stream4_IRQHandler                  0x0800029b   Thumb Code     0  startup_stm32f427xx.o(.text)
    DMA1_Stream5_IRQHandler                  0x0800029b   Thumb Code     0  startup_stm32f427xx.o(.text)
    DMA1_Stream6_IRQHandler                  0x0800029b   Thumb Code     0  startup_stm32f427xx.o(.text)
    DMA1_Stream7_IRQHandler                  0x0800029b   Thumb Code     0  startup_stm32f427xx.o(.text)
    DMA2D_IRQHandler                         0x0800029b   Thumb Code     0  startup_stm32f427xx.o(.text)
    DMA2_Stream0_IRQHandler                  0x0800029b   Thumb Code     0  startup_stm32f427xx.o(.text)
    DMA2_Stream2_IRQHandler                  0x0800029b   Thumb Code     0  startup_stm32f427xx.o(.text)
    DMA2_Stream3_IRQHandler                  0x0800029b   Thumb Code     0  startup_stm32f427xx.o(.text)
    DMA2_Stream4_IRQHandler                  0x0800029b   Thumb Code     0  startup_stm32f427xx.o(.text)
    DMA2_Stream5_IRQHandler                  0x0800029b   Thumb Code     0  startup_stm32f427xx.o(.text)
    DMA2_Stream6_IRQHandler                  0x0800029b   Thumb Code     0  startup_stm32f427xx.o(.text)
    DMA2_Stream7_IRQHandler                  0x0800029b   Thumb Code     0  startup_stm32f427xx.o(.text)
    ETH_IRQHandler                           0x0800029b   Thumb Code     0  startup_stm32f427xx.o(.text)
    ETH_WKUP_IRQHandler                      0x0800029b   Thumb Code     0  startup_stm32f427xx.o(.text)
    EXTI0_IRQHandler                         0x0800029b   Thumb Code     0  startup_stm32f427xx.o(.text)
    EXTI15_10_IRQHandler                     0x0800029b   Thumb Code     0  startup_stm32f427xx.o(.text)
    EXTI1_IRQHandler                         0x0800029b   Thumb Code     0  startup_stm32f427xx.o(.text)
    EXTI2_IRQHandler                         0x0800029b   Thumb Code     0  startup_stm32f427xx.o(.text)
    EXTI3_IRQHandler                         0x0800029b   Thumb Code     0  startup_stm32f427xx.o(.text)
    EXTI4_IRQHandler                         0x0800029b   Thumb Code     0  startup_stm32f427xx.o(.text)
    EXTI9_5_IRQHandler                       0x0800029b   Thumb Code     0  startup_stm32f427xx.o(.text)
    FLASH_IRQHandler                         0x0800029b   Thumb Code     0  startup_stm32f427xx.o(.text)
    FMC_IRQHandler                           0x0800029b   Thumb Code     0  startup_stm32f427xx.o(.text)
    FPU_IRQHandler                           0x0800029b   Thumb Code     0  startup_stm32f427xx.o(.text)
    HASH_RNG_IRQHandler                      0x0800029b   Thumb Code     0  startup_stm32f427xx.o(.text)
    I2C1_ER_IRQHandler                       0x0800029b   Thumb Code     0  startup_stm32f427xx.o(.text)
    I2C1_EV_IRQHandler                       0x0800029b   Thumb Code     0  startup_stm32f427xx.o(.text)
    I2C2_ER_IRQHandler                       0x0800029b   Thumb Code     0  startup_stm32f427xx.o(.text)
    I2C2_EV_IRQHandler                       0x0800029b   Thumb Code     0  startup_stm32f427xx.o(.text)
    I2C3_ER_IRQHandler                       0x0800029b   Thumb Code     0  startup_stm32f427xx.o(.text)
    I2C3_EV_IRQHandler                       0x0800029b   Thumb Code     0  startup_stm32f427xx.o(.text)
    OTG_FS_IRQHandler                        0x0800029b   Thumb Code     0  startup_stm32f427xx.o(.text)
    OTG_FS_WKUP_IRQHandler                   0x0800029b   Thumb Code     0  startup_stm32f427xx.o(.text)
    OTG_HS_EP1_IN_IRQHandler                 0x0800029b   Thumb Code     0  startup_stm32f427xx.o(.text)
    OTG_HS_EP1_OUT_IRQHandler                0x0800029b   Thumb Code     0  startup_stm32f427xx.o(.text)
    OTG_HS_IRQHandler                        0x0800029b   Thumb Code     0  startup_stm32f427xx.o(.text)
    OTG_HS_WKUP_IRQHandler                   0x0800029b   Thumb Code     0  startup_stm32f427xx.o(.text)
    PVD_IRQHandler                           0x0800029b   Thumb Code     0  startup_stm32f427xx.o(.text)
    RCC_IRQHandler                           0x0800029b   Thumb Code     0  startup_stm32f427xx.o(.text)
    RTC_Alarm_IRQHandler                     0x0800029b   Thumb Code     0  startup_stm32f427xx.o(.text)
    RTC_WKUP_IRQHandler                      0x0800029b   Thumb Code     0  startup_stm32f427xx.o(.text)
    SAI1_IRQHandler                          0x0800029b   Thumb Code     0  startup_stm32f427xx.o(.text)
    SDIO_IRQHandler                          0x0800029b   Thumb Code     0  startup_stm32f427xx.o(.text)
    SPI1_IRQHandler                          0x0800029b   Thumb Code     0  startup_stm32f427xx.o(.text)
    SPI2_IRQHandler                          0x0800029b   Thumb Code     0  startup_stm32f427xx.o(.text)
    SPI3_IRQHandler                          0x0800029b   Thumb Code     0  startup_stm32f427xx.o(.text)
    SPI4_IRQHandler                          0x0800029b   Thumb Code     0  startup_stm32f427xx.o(.text)
    SPI5_IRQHandler                          0x0800029b   Thumb Code     0  startup_stm32f427xx.o(.text)
    SPI6_IRQHandler                          0x0800029b   Thumb Code     0  startup_stm32f427xx.o(.text)
    TAMP_STAMP_IRQHandler                    0x0800029b   Thumb Code     0  startup_stm32f427xx.o(.text)
    TIM1_BRK_TIM9_IRQHandler                 0x0800029b   Thumb Code     0  startup_stm32f427xx.o(.text)
    TIM1_CC_IRQHandler                       0x0800029b   Thumb Code     0  startup_stm32f427xx.o(.text)
    TIM1_TRG_COM_TIM11_IRQHandler            0x0800029b   Thumb Code     0  startup_stm32f427xx.o(.text)
    TIM1_UP_TIM10_IRQHandler                 0x0800029b   Thumb Code     0  startup_stm32f427xx.o(.text)
    TIM2_IRQHandler                          0x0800029b   Thumb Code     0  startup_stm32f427xx.o(.text)
    TIM3_IRQHandler                          0x0800029b   Thumb Code     0  startup_stm32f427xx.o(.text)
    TIM4_IRQHandler                          0x0800029b   Thumb Code     0  startup_stm32f427xx.o(.text)
    TIM5_IRQHandler                          0x0800029b   Thumb Code     0  startup_stm32f427xx.o(.text)
    TIM6_DAC_IRQHandler                      0x0800029b   Thumb Code     0  startup_stm32f427xx.o(.text)
    TIM7_IRQHandler                          0x0800029b   Thumb Code     0  startup_stm32f427xx.o(.text)
    TIM8_BRK_TIM12_IRQHandler                0x0800029b   Thumb Code     0  startup_stm32f427xx.o(.text)
    TIM8_CC_IRQHandler                       0x0800029b   Thumb Code     0  startup_stm32f427xx.o(.text)
    TIM8_TRG_COM_TIM14_IRQHandler            0x0800029b   Thumb Code     0  startup_stm32f427xx.o(.text)
    TIM8_UP_TIM13_IRQHandler                 0x0800029b   Thumb Code     0  startup_stm32f427xx.o(.text)
    UART4_IRQHandler                         0x0800029b   Thumb Code     0  startup_stm32f427xx.o(.text)
    UART5_IRQHandler                         0x0800029b   Thumb Code     0  startup_stm32f427xx.o(.text)
    UART7_IRQHandler                         0x0800029b   Thumb Code     0  startup_stm32f427xx.o(.text)
    UART8_IRQHandler                         0x0800029b   Thumb Code     0  startup_stm32f427xx.o(.text)
    USART1_IRQHandler                        0x0800029b   Thumb Code     0  startup_stm32f427xx.o(.text)
    USART2_IRQHandler                        0x0800029b   Thumb Code     0  startup_stm32f427xx.o(.text)
    USART3_IRQHandler                        0x0800029b   Thumb Code     0  startup_stm32f427xx.o(.text)
    WWDG_IRQHandler                          0x0800029b   Thumb Code     0  startup_stm32f427xx.o(.text)
    __aeabi_uldivmod                         0x080002a5   Thumb Code    98  uldiv.o(.text)
    __aeabi_memcpy                           0x08000307   Thumb Code    36  memcpya.o(.text)
    __aeabi_memcpy4                          0x08000307   Thumb Code     0  memcpya.o(.text)
    __aeabi_memcpy8                          0x08000307   Thumb Code     0  memcpya.o(.text)
    __aeabi_memset                           0x0800032b   Thumb Code    14  memseta.o(.text)
    __aeabi_memset4                          0x0800032b   Thumb Code     0  memseta.o(.text)
    __aeabi_memset8                          0x0800032b   Thumb Code     0  memseta.o(.text)
    __aeabi_memclr                           0x08000339   Thumb Code     4  memseta.o(.text)
    __aeabi_memclr4                          0x08000339   Thumb Code     0  memseta.o(.text)
    __aeabi_memclr8                          0x08000339   Thumb Code     0  memseta.o(.text)
    memset                                   0x0800033d   Thumb Code    18  memseta.o(.text)
    __aeabi_dadd                             0x0800034f   Thumb Code   322  dadd.o(.text)
    __aeabi_dsub                             0x08000491   Thumb Code     6  dadd.o(.text)
    __aeabi_drsub                            0x08000497   Thumb Code     6  dadd.o(.text)
    __aeabi_dmul                             0x0800049d   Thumb Code   228  dmul.o(.text)
    __aeabi_ddiv                             0x08000581   Thumb Code   222  ddiv.o(.text)
    __aeabi_i2d                              0x0800065f   Thumb Code    34  dflti.o(.text)
    __aeabi_f2d                              0x08000681   Thumb Code    38  f2d.o(.text)
    __aeabi_d2f                              0x080006a7   Thumb Code    56  d2f.o(.text)
    __aeabi_uidiv                            0x080006df   Thumb Code     0  uidiv.o(.text)
    __aeabi_uidivmod                         0x080006df   Thumb Code    44  uidiv.o(.text)
    __aeabi_llsl                             0x0800070b   Thumb Code    30  llshl.o(.text)
    _ll_shift_l                              0x0800070b   Thumb Code     0  llshl.o(.text)
    __aeabi_llsr                             0x08000729   Thumb Code    32  llushr.o(.text)
    _ll_ushift_r                             0x08000729   Thumb Code     0  llushr.o(.text)
    __aeabi_lasr                             0x08000749   Thumb Code    36  llsshr.o(.text)
    _ll_sshift_r                             0x08000749   Thumb Code     0  llsshr.o(.text)
    __I$use$fp                               0x0800076d   Thumb Code     0  iusefp.o(.text)
    _float_round                             0x0800076d   Thumb Code    18  fepilogue.o(.text)
    _float_epilogue                          0x0800077f   Thumb Code    92  fepilogue.o(.text)
    _double_round                            0x080007db   Thumb Code    30  depilogue.o(.text)
    _double_epilogue                         0x080007f9   Thumb Code   156  depilogue.o(.text)
    __aeabi_d2ulz                            0x08000895   Thumb Code    48  dfixul.o(.text)
    __aeabi_cdrcmple                         0x080008c5   Thumb Code    48  cdrcmple.o(.text)
    __scatterload                            0x080008f5   Thumb Code    28  init.o(.text)
    __scatterload_rt2                        0x080008f5   Thumb Code     0  init.o(.text)
    BusFault_Handler                         0x08000919   Thumb Code     2  stm32f4xx_it.o(i.BusFault_Handler)
    CAN1_RX0_IRQHandler                      0x0800091d   Thumb Code     6  stm32f4xx_it.o(i.CAN1_RX0_IRQHandler)
    CAN1_TX_IRQHandler                       0x08000929   Thumb Code     6  stm32f4xx_it.o(i.CAN1_TX_IRQHandler)
    CAN2_RX0_IRQHandler                      0x08000935   Thumb Code     6  stm32f4xx_it.o(i.CAN2_RX0_IRQHandler)
    CAN2_TX_IRQHandler                       0x08000941   Thumb Code     6  stm32f4xx_it.o(i.CAN2_TX_IRQHandler)
    Command                                  0x0800094d   Thumb Code   402  stmgood.o(i.Command)
    CompStr                                  0x08000b61   Thumb Code    48  stmgood.o(i.CompStr)
    CopyStr                                  0x08000b91   Thumb Code    22  stmgood.o(i.CopyStr)
    DMA2_Stream1_IRQHandler                  0x08000ba9   Thumb Code    28  stm32f4xx_it.o(i.DMA2_Stream1_IRQHandler)
    DealStr                                  0x08000c75   Thumb Code   128  stmgood.o(i.DealStr)
    Dealdata                                 0x08000cfd   Thumb Code   134  stmgood.o(i.Dealdata)
    DebugMon_Handler                         0x08000d8d   Thumb Code     2  stm32f4xx_it.o(i.DebugMon_Handler)
    Error_Handler                            0x08000d8f   Thumb Code     2  main.o(i.Error_Handler)
    FirstSpace                               0x08000d91   Thumb Code    24  stmgood.o(i.FirstSpace)
    HAL_CAN_ActivateNotification             0x08000da9   Thumb Code    36  stm32f4xx_hal_can.o(i.HAL_CAN_ActivateNotification)
    HAL_CAN_ConfigFilter                     0x08000dcd   Thumb Code   262  stm32f4xx_hal_can.o(i.HAL_CAN_ConfigFilter)
    HAL_CAN_ErrorCallback                    0x08000ed9   Thumb Code     2  stm32f4xx_hal_can.o(i.HAL_CAN_ErrorCallback)
    HAL_CAN_GetRxMessage                     0x08000edb   Thumb Code   232  stm32f4xx_hal_can.o(i.HAL_CAN_GetRxMessage)
    HAL_CAN_IRQHandler                       0x08000fc3   Thumb Code   508  stm32f4xx_hal_can.o(i.HAL_CAN_IRQHandler)
    HAL_CAN_Init                             0x080011bf   Thumb Code   282  stm32f4xx_hal_can.o(i.HAL_CAN_Init)
    HAL_CAN_MspInit                          0x080012d9   Thumb Code   258  can.o(i.HAL_CAN_MspInit)
    HAL_CAN_RxFifo0FullCallback              0x080013f5   Thumb Code     2  stm32f4xx_hal_can.o(i.HAL_CAN_RxFifo0FullCallback)
    HAL_CAN_RxFifo0MsgPendingCallback        0x080013f9   Thumb Code   154  bsp_can.o(i.HAL_CAN_RxFifo0MsgPendingCallback)
    HAL_CAN_RxFifo1FullCallback              0x080014b1   Thumb Code     2  stm32f4xx_hal_can.o(i.HAL_CAN_RxFifo1FullCallback)
    HAL_CAN_RxFifo1MsgPendingCallback        0x080014b3   Thumb Code     2  stm32f4xx_hal_can.o(i.HAL_CAN_RxFifo1MsgPendingCallback)
    HAL_CAN_SleepCallback                    0x080014b5   Thumb Code     2  stm32f4xx_hal_can.o(i.HAL_CAN_SleepCallback)
    HAL_CAN_Start                            0x080014b9   Thumb Code    88  stm32f4xx_hal_can.o(i.HAL_CAN_Start)
    HAL_CAN_TxMailbox0AbortCallback          0x08001511   Thumb Code     2  stm32f4xx_hal_can.o(i.HAL_CAN_TxMailbox0AbortCallback)
    HAL_CAN_TxMailbox0CompleteCallback       0x08001513   Thumb Code     2  stm32f4xx_hal_can.o(i.HAL_CAN_TxMailbox0CompleteCallback)
    HAL_CAN_TxMailbox1AbortCallback          0x08001515   Thumb Code     2  stm32f4xx_hal_can.o(i.HAL_CAN_TxMailbox1AbortCallback)
    HAL_CAN_TxMailbox1CompleteCallback       0x08001517   Thumb Code     2  stm32f4xx_hal_can.o(i.HAL_CAN_TxMailbox1CompleteCallback)
    HAL_CAN_TxMailbox2AbortCallback          0x08001519   Thumb Code     2  stm32f4xx_hal_can.o(i.HAL_CAN_TxMailbox2AbortCallback)
    HAL_CAN_TxMailbox2CompleteCallback       0x0800151b   Thumb Code     2  stm32f4xx_hal_can.o(i.HAL_CAN_TxMailbox2CompleteCallback)
    HAL_CAN_WakeUpFromRxMsgCallback          0x0800151d   Thumb Code     2  stm32f4xx_hal_can.o(i.HAL_CAN_WakeUpFromRxMsgCallback)
    HAL_DMA_Abort                            0x0800151f   Thumb Code   142  stm32f4xx_hal_dma.o(i.HAL_DMA_Abort)
    HAL_DMA_IRQHandler                       0x080015ad   Thumb Code   412  stm32f4xx_hal_dma.o(i.HAL_DMA_IRQHandler)
    HAL_DMA_Init                             0x0800174d   Thumb Code   206  stm32f4xx_hal_dma.o(i.HAL_DMA_Init)
    HAL_DMA_Start_IT                         0x08001821   Thumb Code   120  stm32f4xx_hal_dma.o(i.HAL_DMA_Start_IT)
    HAL_GPIO_Init                            0x08001899   Thumb Code   408  stm32f4xx_hal_gpio.o(i.HAL_GPIO_Init)
    HAL_GPIO_TogglePin                       0x08001a65   Thumb Code    14  stm32f4xx_hal_gpio.o(i.HAL_GPIO_TogglePin)
    HAL_GPIO_WritePin                        0x08001a73   Thumb Code    10  stm32f4xx_hal_gpio.o(i.HAL_GPIO_WritePin)
    HAL_GetTick                              0x08001a7d   Thumb Code     6  stm32f4xx_hal.o(i.HAL_GetTick)
    HAL_IncTick                              0x08001a89   Thumb Code    12  stm32f4xx_hal.o(i.HAL_IncTick)
    HAL_Init                                 0x08001a99   Thumb Code    48  stm32f4xx_hal.o(i.HAL_Init)
    HAL_InitTick                             0x08001acd   Thumb Code    54  stm32f4xx_hal.o(i.HAL_InitTick)
    HAL_MspInit                              0x08001b0d   Thumb Code    52  stm32f4xx_hal_msp.o(i.HAL_MspInit)
    HAL_NVIC_EnableIRQ                       0x08001b45   Thumb Code    26  stm32f4xx_hal_cortex.o(i.HAL_NVIC_EnableIRQ)
    HAL_NVIC_SetPriority                     0x08001b61   Thumb Code    60  stm32f4xx_hal_cortex.o(i.HAL_NVIC_SetPriority)
    HAL_NVIC_SetPriorityGrouping             0x08001ba1   Thumb Code    26  stm32f4xx_hal_cortex.o(i.HAL_NVIC_SetPriorityGrouping)
    HAL_RCC_ClockConfig                      0x08001bc5   Thumb Code   286  stm32f4xx_hal_rcc.o(i.HAL_RCC_ClockConfig)
    HAL_RCC_GetPCLK1Freq                     0x08001cf5   Thumb Code    20  stm32f4xx_hal_rcc.o(i.HAL_RCC_GetPCLK1Freq)
    HAL_RCC_GetPCLK2Freq                     0x08001d15   Thumb Code    20  stm32f4xx_hal_rcc.o(i.HAL_RCC_GetPCLK2Freq)
    HAL_RCC_GetSysClockFreq                  0x08001d35   Thumb Code    88  stm32f4xx_hal_rcc.o(i.HAL_RCC_GetSysClockFreq)
    HAL_RCC_OscConfig                        0x08001d99   Thumb Code   770  stm32f4xx_hal_rcc.o(i.HAL_RCC_OscConfig)
    HAL_SPI_Init                             0x080020b5   Thumb Code   128  stm32f4xx_hal_spi.o(i.HAL_SPI_Init)
    HAL_SPI_MspInit                          0x08002135   Thumb Code    94  spi.o(i.HAL_SPI_MspInit)
    HAL_SYSTICK_Config                       0x080021a1   Thumb Code    40  stm32f4xx_hal_cortex.o(i.HAL_SYSTICK_Config)
    HAL_TIM_MspPostInit                      0x080021c9   Thumb Code    70  tim.o(i.HAL_TIM_MspPostInit)
    HAL_TIM_PWM_ConfigChannel                0x0800221d   Thumb Code   208  stm32f4xx_hal_tim.o(i.HAL_TIM_PWM_ConfigChannel)
    HAL_TIM_PWM_Init                         0x080022ed   Thumb Code    54  stm32f4xx_hal_tim.o(i.HAL_TIM_PWM_Init)
    HAL_TIM_PWM_MspInit                      0x08002325   Thumb Code    30  tim.o(i.HAL_TIM_PWM_MspInit)
    HAL_UART_DMAStop                         0x0800234d   Thumb Code    88  stm32f4xx_hal_uart.o(i.HAL_UART_DMAStop)
    HAL_UART_ErrorCallback                   0x080023a5   Thumb Code    18  bsp_uart.o(i.HAL_UART_ErrorCallback)
    HAL_UART_Init                            0x080023b7   Thumb Code    98  stm32f4xx_hal_uart.o(i.HAL_UART_Init)
    HAL_UART_MspInit                         0x08002419   Thumb Code   220  usart.o(i.HAL_UART_MspInit)
    HAL_UART_Receive_DMA                     0x08002511   Thumb Code   138  stm32f4xx_hal_uart.o(i.HAL_UART_Receive_DMA)
    HAL_UART_RxCpltCallback                  0x080025a9   Thumb Code     2  stm32f4xx_hal_uart.o(i.HAL_UART_RxCpltCallback)
    HAL_UART_RxHalfCpltCallback              0x080025ab   Thumb Code     2  stm32f4xx_hal_uart.o(i.HAL_UART_RxHalfCpltCallback)
    HardFault_Handler                        0x080025ad   Thumb Code     2  stm32f4xx_it.o(i.HardFault_Handler)
    MX_CAN1_Init                             0x080025b1   Thumb Code    62  can.o(i.MX_CAN1_Init)
    MX_CAN2_Init                             0x080025f9   Thumb Code    62  can.o(i.MX_CAN2_Init)
    MX_DMA_Init                              0x08002641   Thumb Code    40  dma.o(i.MX_DMA_Init)
    MX_FREERTOS_Init                         0x0800266d   Thumb Code    96  freertos.o(i.MX_FREERTOS_Init)
    MX_GPIO_Init                             0x080026d5   Thumb Code   254  gpio.o(i.MX_GPIO_Init)
    MX_SPI5_Init                             0x080027ed   Thumb Code    62  spi.o(i.MX_SPI5_Init)
    MX_TIM12_Init                            0x08002835   Thumb Code    76  tim.o(i.MX_TIM12_Init)
    MX_UART7_Init                            0x08002889   Thumb Code    48  usart.o(i.MX_UART7_Init)
    MX_USART6_UART_Init                      0x080028c1   Thumb Code    48  usart.o(i.MX_USART6_UART_Init)
    MemManage_Handler                        0x080028f9   Thumb Code     2  stm32f4xx_it.o(i.MemManage_Handler)
    NMI_Handler                              0x080028fb   Thumb Code     2  stm32f4xx_it.o(i.NMI_Handler)
    SplitStr                                 0x080028fd   Thumb Code    80  stmgood.o(i.SplitStr)
    StrToFloat                               0x0800294d   Thumb Code   282  stmgood.o(i.StrToFloat)
    Strlen                                   0x08002a81   Thumb Code    16  stmgood.o(i.Strlen)
    SubStr                                   0x08002a91   Thumb Code    34  stmgood.o(i.SubStr)
    SysTick_Handler                          0x08002ab9   Thumb Code    24  stm32f4xx_it.o(i.SysTick_Handler)
    SystemClock_Config                       0x08002ad1   Thumb Code   124  main.o(i.SystemClock_Config)
    SystemInit                               0x08002b55   Thumb Code    66  system_stm32f4xx.o(i.SystemInit)
    TIM_Base_SetConfig                       0x08002ba9   Thumb Code   156  stm32f4xx_hal_tim.o(i.TIM_Base_SetConfig)
    TIM_OC2_SetConfig                        0x08002cd1   Thumb Code    98  stm32f4xx_hal_tim.o(i.TIM_OC2_SetConfig)
    UART_RX_IDLE_IRQ                         0x08002eb5   Thumb Code    50  bsp_uart.o(i.UART_RX_IDLE_IRQ)
    USART6_IRQHandler                        0x080031a1   Thumb Code     6  stm32f4xx_it.o(i.USART6_IRQHandler)
    USER_DMA_INIT                            0x080031ad   Thumb Code    66  bsp_uart.o(i.USER_DMA_INIT)
    UsageFault_Handler                       0x080031ef   Thumb Code     2  stm32f4xx_it.o(i.UsageFault_Handler)
    __0printf                                0x080031f1   Thumb Code    22  printfa.o(i.__0printf)
    __1printf                                0x080031f1   Thumb Code     0  printfa.o(i.__0printf)
    __2printf                                0x080031f1   Thumb Code     0  printfa.o(i.__0printf)
    __c89printf                              0x080031f1   Thumb Code     0  printfa.o(i.__0printf)
    printf                                   0x080031f1   Thumb Code     0  printfa.o(i.__0printf)
    __scatterload_copy                       0x08003231   Thumb Code    14  handlers.o(i.__scatterload_copy)
    __scatterload_null                       0x0800323f   Thumb Code     2  handlers.o(i.__scatterload_null)
    __scatterload_zeroinit                   0x08003241   Thumb Code    14  handlers.o(i.__scatterload_zeroinit)
    can_device_init                          0x08003ae5   Thumb Code    84  bsp_can.o(i.can_device_init)
    can_receive_start                        0x08003b41   Thumb Code    38  bsp_can.o(i.can_receive_start)
    cmd                                      0x08003b71   Thumb Code   446  stmgood.o(i.cmd)
    debug_task                               0x08003d81   Thumb Code   100  freertos.o(i.debug_task)
    detect_task                              0x08003f0d   Thumb Code   196  detect_task.o(i.detect_task)
    encoder_data_handle                      0x08003fe1   Thumb Code   104  bsp_can.o(i.encoder_data_handle)
    err_detector_hook                        0x08004051   Thumb Code    24  detect_task.o(i.err_detector_hook)
    fputc                                    0x0800406d   Thumb Code    18  bsp_uart.o(i.fputc)
    go1                                      0x08004085   Thumb Code     6  stmgood.o(i.go1)
    logic_handle_task                        0x080040a1   Thumb Code    28  logic_handle_task.o(i.logic_handle_task)
    main                                     0x080040bd   Thumb Code    66  main.o(i.main)
    multi1                                   0x08004235   Thumb Code   100  stmgood.o(i.multi1)
    multi2                                   0x080042b5   Thumb Code    50  stmgood.o(i.multi2)
    multi3                                   0x080042f1   Thumb Code    50  stmgood.o(i.multi3)
    osDelay                                  0x0800432d   Thumb Code    14  cmsis_os.o(i.osDelay)
    osDelayUntil                             0x0800433b   Thumb Code    14  cmsis_os.o(i.osDelayUntil)
    osKernelStart                            0x08004349   Thumb Code    10  cmsis_os.o(i.osKernelStart)
    osKernelSysTick                          0x08004353   Thumb Code    24  cmsis_os.o(i.osKernelSysTick)
    osThreadCreate                           0x0800436b   Thumb Code    84  cmsis_os.o(i.osThreadCreate)
    pid_ast                                  0x080043c1   Thumb Code   382  pid.o(i.pid_ast)
    pid_handle_task                          0x08004549   Thumb Code   244  pid_handle_task.o(i.pid_handle_task)
    pvPortMalloc                             0x08004995   Thumb Code   210  heap_4.o(i.pvPortMalloc)
    pxPortInitialiseStack                    0x08004a6d   Thumb Code    40  port.o(i.pxPortInitialiseStack)
    uxListRemove                             0x08004a99   Thumb Code    38  list.o(i.uxListRemove)
    vApplicationGetIdleTaskMemory            0x08004ac1   Thumb Code    16  freertos.o(i.vApplicationGetIdleTaskMemory)
    vApplicationStackOverflowHook            0x08004ad5   Thumb Code     2  freertos.o(i.vApplicationStackOverflowHook)
    vListInitialise                          0x08004ad7   Thumb Code    22  list.o(i.vListInitialise)
    vListInitialiseItem                      0x08004aed   Thumb Code     6  list.o(i.vListInitialiseItem)
    vListInsert                              0x08004af3   Thumb Code    48  list.o(i.vListInsert)
    vListInsertEnd                           0x08004b23   Thumb Code    24  list.o(i.vListInsertEnd)
    vPortEnterCritical                       0x08004b3d   Thumb Code    54  port.o(i.vPortEnterCritical)
    vPortExitCritical                        0x08004b7d   Thumb Code    34  port.o(i.vPortExitCritical)
    vPortFree                                0x08004ba5   Thumb Code    88  heap_4.o(i.vPortFree)
    vPortSetupTimerInterrupt                 0x08004c01   Thumb Code    32  port.o(i.vPortSetupTimerInterrupt)
    vPortValidateInterruptPriority           0x08004c25   Thumb Code    74  port.o(i.vPortValidateInterruptPriority)
    vTaskDelay                               0x08004c79   Thumb Code    66  tasks.o(i.vTaskDelay)
    vTaskDelayUntil                          0x08004cc5   Thumb Code   132  tasks.o(i.vTaskDelayUntil)
    vTaskStartScheduler                      0x08004d51   Thumb Code    90  tasks.o(i.vTaskStartScheduler)
    vTaskSuspendAll                          0x08004dbd   Thumb Code    10  tasks.o(i.vTaskSuspendAll)
    vTaskSwitchContext                       0x08004dcd   Thumb Code   106  tasks.o(i.vTaskSwitchContext)
    xPortStartScheduler                      0x08004e41   Thumb Code   222  port.o(i.xPortStartScheduler)
    xPortSysTickHandler                      0x08004f35   Thumb Code    38  port.o(i.xPortSysTickHandler)
    xTaskCreate                              0x08004f61   Thumb Code    90  tasks.o(i.xTaskCreate)
    xTaskCreateStatic                        0x08004fbb   Thumb Code    86  tasks.o(i.xTaskCreateStatic)
    xTaskGetSchedulerState                   0x08005011   Thumb Code    22  tasks.o(i.xTaskGetSchedulerState)
    xTaskGetTickCount                        0x0800502d   Thumb Code     6  tasks.o(i.xTaskGetTickCount)
    xTaskGetTickCountFromISR                 0x08005039   Thumb Code    12  tasks.o(i.xTaskGetTickCountFromISR)
    xTaskIncrementTick                       0x08005049   Thumb Code   192  tasks.o(i.xTaskIncrementTick)
    xTaskResumeAll                           0x08005111   Thumb Code   182  tasks.o(i.xTaskResumeAll)
    AHBPrescTable                            0x0800524c   Data          16  system_stm32f4xx.o(.constdata)
    APBPrescTable                            0x0800525c   Data           8  system_stm32f4xx.o(.constdata)
    Region$$Table$$Base                      0x08005294   Number         0  anon$$obj.o(Region$$Table)
    Region$$Table$$Limit                     0x080052b4   Number         0  anon$$obj.o(Region$$Table)
    Count                                    0x20000000   Data           1  stmgood.o(.data)
    _kp                                      0x20000004   Data           4  stmgood.o(.data)
    _ki                                      0x20000008   Data           4  stmgood.o(.data)
    _kd                                      0x2000000c   Data           4  stmgood.o(.data)
    _kkp                                     0x20000010   Data           4  stmgood.o(.data)
    _kki                                     0x20000014   Data           4  stmgood.o(.data)
    _kkd                                     0x20000018   Data           4  stmgood.o(.data)
    maxout1                                  0x2000001c   Data           4  stmgood.o(.data)
    maxout2                                  0x20000020   Data           4  stmgood.o(.data)
    buffer_gf                                0x20000024   Data           4  stmgood.o(.data)
    TemporaryFlag                            0x20000028   Data           1  bsp_can.o(.data)
    TxData                                   0x2000002b   Data           8  bsp_can.o(.data)
    detect_time_last                         0x20000034   Data           4  detect_task.o(.data)
    detect_time_ms                           0x20000038   Data           4  detect_task.o(.data)
    defaultTaskHandle                        0x20000040   Data           4  freertos.o(.data)
    PID_TASKHandle                           0x20000044   Data           4  freertos.o(.data)
    LOGICTASKHandle                          0x20000048   Data           4  freertos.o(.data)
    DETECTASKHandle                          0x2000004c   Data           4  freertos.o(.data)
    uwTickFreq                               0x20000050   Data           1  stm32f4xx_hal.o(.data)
    uwTickPrio                               0x20000054   Data           4  stm32f4xx_hal.o(.data)
    uwTick                                   0x20000058   Data           4  stm32f4xx_hal.o(.data)
    SystemCoreClock                          0x2000005c   Data           4  system_stm32f4xx.o(.data)
    pxCurrentTCB                             0x20000060   Data           4  tasks.o(.data)
    __stdout                                 0x200000c0   Data           4  stdout.o(.data)
    pid_out                                  0x200000c4   Data         156  pid.o(.bss)
    pid_in                                   0x20000160   Data         260  pid.o(.bss)
    Cmd1                                     0x20000268   Data          20  stmgood.o(.bss)
    Cmd2                                     0x2000027c   Data          80  stmgood.o(.bss)
    Data                                     0x200002cc   Data         100  stmgood.o(.bss)
    Str1                                     0x20000330   Data         100  stmgood.o(.bss)
    xx                                       0x20000398   Data         800  stmgood.o(.bss)
    CAN_TxHeader                             0x200006b8   Data          24  bsp_can.o(.bss)
    MotoData                                 0x200006d0   Data         360  bsp_can.o(.bss)
    uart6_buff                               0x20000838   Data          50  bsp_uart.o(.bss)
    g_err                                    0x2000086c   Data         112  detect_task.o(.bss)
    g_fps                                    0x200008dc   Data          60  detect_task.o(.bss)
    moto_ctrl                                0x20000960   Data          36  logic_handle_task.o(.bss)
    hcan1                                    0x20000984   Data          40  can.o(.bss)
    hcan2                                    0x200009ac   Data          40  can.o(.bss)
    hspi5                                    0x20000c28   Data          88  spi.o(.bss)
    htim12                                   0x20000c80   Data          64  tim.o(.bss)
    huart7                                   0x20000cc0   Data          64  usart.o(.bss)
    huart6                                   0x20000d00   Data          64  usart.o(.bss)
    hdma_usart6_rx                           0x20000d40   Data          96  usart.o(.bss)
    __initial_sp                             0x20004e90   Data           0  startup_stm32f427xx.o(STACK)



==============================================================================

Memory Map of the image

  Image Entry point : 0x080001ad

  Load Region LR_IROM1 (Base: 0x08000000, Size: 0x00005378, Max: 0x00200000, ABSOLUTE)

    Execution Region ER_IROM1 (Base: 0x08000000, Size: 0x000052b4, Max: 0x00200000, ABSOLUTE)

    Base Addr    Size         Type   Attr      Idx    E Section Name        Object

    0x08000000   0x000001ac   Data   RO            3    RESET               startup_stm32f427xx.o
    0x080001ac   0x00000000   Code   RO         5977  * .ARM.Collect$$$$00000000  mc_w.l(entry.o)
    0x080001ac   0x00000004   Code   RO         6265    .ARM.Collect$$$$00000001  mc_w.l(entry2.o)
    0x080001b0   0x00000004   Code   RO         6268    .ARM.Collect$$$$00000004  mc_w.l(entry5.o)
    0x080001b4   0x00000000   Code   RO         6270    .ARM.Collect$$$$00000008  mc_w.l(entry7b.o)
    0x080001b4   0x00000000   Code   RO         6272    .ARM.Collect$$$$0000000A  mc_w.l(entry8b.o)
    0x080001b4   0x00000008   Code   RO         6273    .ARM.Collect$$$$0000000B  mc_w.l(entry9a.o)
    0x080001bc   0x00000000   Code   RO         6275    .ARM.Collect$$$$0000000D  mc_w.l(entry10a.o)
    0x080001bc   0x00000000   Code   RO         6277    .ARM.Collect$$$$0000000F  mc_w.l(entry11a.o)
    0x080001bc   0x00000004   Code   RO         6266    .ARM.Collect$$$$00002712  mc_w.l(entry2.o)
    0x080001c0   0x000000be   Code   RO         5900    .emb_text           port.o
    0x0800027e   0x00000002   PAD
    0x08000280   0x00000024   Code   RO            4    .text               startup_stm32f427xx.o
    0x080002a4   0x00000062   Code   RO         5980    .text               mc_w.l(uldiv.o)
    0x08000306   0x00000024   Code   RO         5982    .text               mc_w.l(memcpya.o)
    0x0800032a   0x00000024   Code   RO         5986    .text               mc_w.l(memseta.o)
    0x0800034e   0x0000014e   Code   RO         6251    .text               mf_w.l(dadd.o)
    0x0800049c   0x000000e4   Code   RO         6253    .text               mf_w.l(dmul.o)
    0x08000580   0x000000de   Code   RO         6255    .text               mf_w.l(ddiv.o)
    0x0800065e   0x00000022   Code   RO         6259    .text               mf_w.l(dflti.o)
    0x08000680   0x00000026   Code   RO         6261    .text               mf_w.l(f2d.o)
    0x080006a6   0x00000038   Code   RO         6263    .text               mf_w.l(d2f.o)
    0x080006de   0x0000002c   Code   RO         6280    .text               mc_w.l(uidiv.o)
    0x0800070a   0x0000001e   Code   RO         6282    .text               mc_w.l(llshl.o)
    0x08000728   0x00000020   Code   RO         6284    .text               mc_w.l(llushr.o)
    0x08000748   0x00000024   Code   RO         6286    .text               mc_w.l(llsshr.o)
    0x0800076c   0x00000000   Code   RO         6288    .text               mc_w.l(iusefp.o)
    0x0800076c   0x0000006e   Code   RO         6289    .text               mf_w.l(fepilogue.o)
    0x080007da   0x000000ba   Code   RO         6291    .text               mf_w.l(depilogue.o)
    0x08000894   0x00000030   Code   RO         6293    .text               mf_w.l(dfixul.o)
    0x080008c4   0x00000030   Code   RO         6295    .text               mf_w.l(cdrcmple.o)
    0x080008f4   0x00000024   Code   RO         6297    .text               mc_w.l(init.o)
    0x08000918   0x00000002   Code   RO         1524    i.BusFault_Handler  stm32f4xx_it.o
    0x0800091a   0x00000002   PAD
    0x0800091c   0x0000000c   Code   RO         1525    i.CAN1_RX0_IRQHandler  stm32f4xx_it.o
    0x08000928   0x0000000c   Code   RO         1526    i.CAN1_TX_IRQHandler  stm32f4xx_it.o
    0x08000934   0x0000000c   Code   RO         1527    i.CAN2_RX0_IRQHandler  stm32f4xx_it.o
    0x08000940   0x0000000c   Code   RO         1528    i.CAN2_TX_IRQHandler  stm32f4xx_it.o
    0x0800094c   0x00000214   Code   RO          395    i.Command           stmgood.o
    0x08000b60   0x00000030   Code   RO          396    i.CompStr           stmgood.o
    0x08000b90   0x00000016   Code   RO          397    i.CopyStr           stmgood.o
    0x08000ba6   0x00000002   PAD
    0x08000ba8   0x00000028   Code   RO         1529    i.DMA2_Stream1_IRQHandler  stm32f4xx_it.o
    0x08000bd0   0x00000028   Code   RO         2393    i.DMA_CalcBaseAndBitshift  stm32f4xx_hal_dma.o
    0x08000bf8   0x00000054   Code   RO         2394    i.DMA_CheckFifoParam  stm32f4xx_hal_dma.o
    0x08000c4c   0x00000028   Code   RO         2395    i.DMA_SetConfig     stm32f4xx_hal_dma.o
    0x08000c74   0x00000088   Code   RO          398    i.DealStr           stmgood.o
    0x08000cfc   0x00000090   Code   RO          399    i.Dealdata          stmgood.o
    0x08000d8c   0x00000002   Code   RO         1530    i.DebugMon_Handler  stm32f4xx_it.o
    0x08000d8e   0x00000002   Code   RO         1144    i.Error_Handler     main.o
    0x08000d90   0x00000018   Code   RO          400    i.FirstSpace        stmgood.o
    0x08000da8   0x00000024   Code   RO         1649    i.HAL_CAN_ActivateNotification  stm32f4xx_hal_can.o
    0x08000dcc   0x0000010c   Code   RO         1651    i.HAL_CAN_ConfigFilter  stm32f4xx_hal_can.o
    0x08000ed8   0x00000002   Code   RO         1654    i.HAL_CAN_ErrorCallback  stm32f4xx_hal_can.o
    0x08000eda   0x000000e8   Code   RO         1657    i.HAL_CAN_GetRxMessage  stm32f4xx_hal_can.o
    0x08000fc2   0x000001fc   Code   RO         1661    i.HAL_CAN_IRQHandler  stm32f4xx_hal_can.o
    0x080011be   0x0000011a   Code   RO         1662    i.HAL_CAN_Init      stm32f4xx_hal_can.o
    0x080012d8   0x0000011c   Code   RO         1212    i.HAL_CAN_MspInit   can.o
    0x080013f4   0x00000002   Code   RO         1669    i.HAL_CAN_RxFifo0FullCallback  stm32f4xx_hal_can.o
    0x080013f6   0x00000002   PAD
    0x080013f8   0x000000b8   Code   RO          773    i.HAL_CAN_RxFifo0MsgPendingCallback  bsp_can.o
    0x080014b0   0x00000002   Code   RO         1671    i.HAL_CAN_RxFifo1FullCallback  stm32f4xx_hal_can.o
    0x080014b2   0x00000002   Code   RO         1672    i.HAL_CAN_RxFifo1MsgPendingCallback  stm32f4xx_hal_can.o
    0x080014b4   0x00000002   Code   RO         1673    i.HAL_CAN_SleepCallback  stm32f4xx_hal_can.o
    0x080014b6   0x00000002   PAD
    0x080014b8   0x00000058   Code   RO         1674    i.HAL_CAN_Start     stm32f4xx_hal_can.o
    0x08001510   0x00000002   Code   RO         1676    i.HAL_CAN_TxMailbox0AbortCallback  stm32f4xx_hal_can.o
    0x08001512   0x00000002   Code   RO         1677    i.HAL_CAN_TxMailbox0CompleteCallback  stm32f4xx_hal_can.o
    0x08001514   0x00000002   Code   RO         1678    i.HAL_CAN_TxMailbox1AbortCallback  stm32f4xx_hal_can.o
    0x08001516   0x00000002   Code   RO         1679    i.HAL_CAN_TxMailbox1CompleteCallback  stm32f4xx_hal_can.o
    0x08001518   0x00000002   Code   RO         1680    i.HAL_CAN_TxMailbox2AbortCallback  stm32f4xx_hal_can.o
    0x0800151a   0x00000002   Code   RO         1681    i.HAL_CAN_TxMailbox2CompleteCallback  stm32f4xx_hal_can.o
    0x0800151c   0x00000002   Code   RO         1683    i.HAL_CAN_WakeUpFromRxMsgCallback  stm32f4xx_hal_can.o
    0x0800151e   0x0000008e   Code   RO         2396    i.HAL_DMA_Abort     stm32f4xx_hal_dma.o
    0x080015ac   0x000001a0   Code   RO         2401    i.HAL_DMA_IRQHandler  stm32f4xx_hal_dma.o
    0x0800174c   0x000000d4   Code   RO         2402    i.HAL_DMA_Init      stm32f4xx_hal_dma.o
    0x08001820   0x00000078   Code   RO         2406    i.HAL_DMA_Start_IT  stm32f4xx_hal_dma.o
    0x08001898   0x000001cc   Code   RO         2289    i.HAL_GPIO_Init     stm32f4xx_hal_gpio.o
    0x08001a64   0x0000000e   Code   RO         2292    i.HAL_GPIO_TogglePin  stm32f4xx_hal_gpio.o
    0x08001a72   0x0000000a   Code   RO         2293    i.HAL_GPIO_WritePin  stm32f4xx_hal_gpio.o
    0x08001a7c   0x0000000c   Code   RO         2841    i.HAL_GetTick       stm32f4xx_hal.o
    0x08001a88   0x00000010   Code   RO         2847    i.HAL_IncTick       stm32f4xx_hal.o
    0x08001a98   0x00000034   Code   RO         2848    i.HAL_Init          stm32f4xx_hal.o
    0x08001acc   0x00000040   Code   RO         2849    i.HAL_InitTick      stm32f4xx_hal.o
    0x08001b0c   0x00000038   Code   RO         1624    i.HAL_MspInit       stm32f4xx_hal_msp.o
    0x08001b44   0x0000001a   Code   RO         2696    i.HAL_NVIC_EnableIRQ  stm32f4xx_hal_cortex.o
    0x08001b5e   0x00000002   PAD
    0x08001b60   0x00000040   Code   RO         2702    i.HAL_NVIC_SetPriority  stm32f4xx_hal_cortex.o
    0x08001ba0   0x00000024   Code   RO         2703    i.HAL_NVIC_SetPriorityGrouping  stm32f4xx_hal_cortex.o
    0x08001bc4   0x00000130   Code   RO         1883    i.HAL_RCC_ClockConfig  stm32f4xx_hal_rcc.o
    0x08001cf4   0x00000020   Code   RO         1890    i.HAL_RCC_GetPCLK1Freq  stm32f4xx_hal_rcc.o
    0x08001d14   0x00000020   Code   RO         1891    i.HAL_RCC_GetPCLK2Freq  stm32f4xx_hal_rcc.o
    0x08001d34   0x00000064   Code   RO         1892    i.HAL_RCC_GetSysClockFreq  stm32f4xx_hal_rcc.o
    0x08001d98   0x0000031c   Code   RO         1895    i.HAL_RCC_OscConfig  stm32f4xx_hal_rcc.o
    0x080020b4   0x00000080   Code   RO         3104    i.HAL_SPI_Init      stm32f4xx_hal_spi.o
    0x08002134   0x0000006c   Code   RO         1359    i.HAL_SPI_MspInit   spi.o
    0x080021a0   0x00000028   Code   RO         2707    i.HAL_SYSTICK_Config  stm32f4xx_hal_cortex.o
    0x080021c8   0x00000054   Code   RO         1427    i.HAL_TIM_MspPostInit  tim.o
    0x0800221c   0x000000d0   Code   RO         3484    i.HAL_TIM_PWM_ConfigChannel  stm32f4xx_hal_tim.o
    0x080022ec   0x00000036   Code   RO         3487    i.HAL_TIM_PWM_Init  stm32f4xx_hal_tim.o
    0x08002322   0x00000002   PAD
    0x08002324   0x00000028   Code   RO         1429    i.HAL_TIM_PWM_MspInit  tim.o
    0x0800234c   0x00000058   Code   RO         4362    i.HAL_UART_DMAStop  stm32f4xx_hal_uart.o
    0x080023a4   0x00000012   Code   RO          947    i.HAL_UART_ErrorCallback  bsp_uart.o
    0x080023b6   0x00000062   Code   RO         4368    i.HAL_UART_Init     stm32f4xx_hal_uart.o
    0x08002418   0x000000f8   Code   RO         1476    i.HAL_UART_MspInit  usart.o
    0x08002510   0x00000098   Code   RO         4372    i.HAL_UART_Receive_DMA  stm32f4xx_hal_uart.o
    0x080025a8   0x00000002   Code   RO         4374    i.HAL_UART_RxCpltCallback  stm32f4xx_hal_uart.o
    0x080025aa   0x00000002   Code   RO         4375    i.HAL_UART_RxHalfCpltCallback  stm32f4xx_hal_uart.o
    0x080025ac   0x00000002   Code   RO         1531    i.HardFault_Handler  stm32f4xx_it.o
    0x080025ae   0x00000002   PAD
    0x080025b0   0x00000048   Code   RO         1213    i.MX_CAN1_Init      can.o
    0x080025f8   0x00000048   Code   RO         1214    i.MX_CAN2_Init      can.o
    0x08002640   0x0000002c   Code   RO         1260    i.MX_DMA_Init       dma.o
    0x0800266c   0x00000068   Code   RO         1284    i.MX_FREERTOS_Init  freertos.o
    0x080026d4   0x00000118   Code   RO         1187    i.MX_GPIO_Init      gpio.o
    0x080027ec   0x00000048   Code   RO         1360    i.MX_SPI5_Init      spi.o
    0x08002834   0x00000054   Code   RO         1430    i.MX_TIM12_Init     tim.o
    0x08002888   0x00000038   Code   RO         1477    i.MX_UART7_Init     usart.o
    0x080028c0   0x00000038   Code   RO         1478    i.MX_USART6_UART_Init  usart.o
    0x080028f8   0x00000002   Code   RO         1532    i.MemManage_Handler  stm32f4xx_it.o
    0x080028fa   0x00000002   Code   RO         1533    i.NMI_Handler       stm32f4xx_it.o
    0x080028fc   0x00000050   Code   RO          401    i.SplitStr          stmgood.o
    0x0800294c   0x00000134   Code   RO          402    i.StrToFloat        stmgood.o
    0x08002a80   0x00000010   Code   RO          404    i.Strlen            stmgood.o
    0x08002a90   0x00000028   Code   RO          405    i.SubStr            stmgood.o
    0x08002ab8   0x00000018   Code   RO         1534    i.SysTick_Handler   stm32f4xx_it.o
    0x08002ad0   0x00000084   Code   RO         1145    i.SystemClock_Config  main.o
    0x08002b54   0x00000054   Code   RO         4670    i.SystemInit        system_stm32f4xx.o
    0x08002ba8   0x000000c8   Code   RO         3505    i.TIM_Base_SetConfig  stm32f4xx_hal_tim.o
    0x08002c70   0x00000060   Code   RO         3518    i.TIM_OC1_SetConfig  stm32f4xx_hal_tim.o
    0x08002cd0   0x0000006c   Code   RO         3519    i.TIM_OC2_SetConfig  stm32f4xx_hal_tim.o
    0x08002d3c   0x00000068   Code   RO         3520    i.TIM_OC3_SetConfig  stm32f4xx_hal_tim.o
    0x08002da4   0x00000050   Code   RO         3521    i.TIM_OC4_SetConfig  stm32f4xx_hal_tim.o
    0x08002df4   0x0000004a   Code   RO         4382    i.UART_DMAError     stm32f4xx_hal_uart.o
    0x08002e3e   0x0000003c   Code   RO         4383    i.UART_DMAReceiveCplt  stm32f4xx_hal_uart.o
    0x08002e7a   0x0000000a   Code   RO         4385    i.UART_DMARxHalfCplt  stm32f4xx_hal_uart.o
    0x08002e84   0x0000001c   Code   RO         4391    i.UART_EndRxTransfer  stm32f4xx_hal_uart.o
    0x08002ea0   0x00000012   Code   RO         4392    i.UART_EndTxTransfer  stm32f4xx_hal_uart.o
    0x08002eb2   0x00000002   PAD
    0x08002eb4   0x00000040   Code   RO          948    i.UART_RX_IDLE_IRQ  bsp_uart.o
    0x08002ef4   0x000002ac   Code   RO         4394    i.UART_SetConfig    stm32f4xx_hal_uart.o
    0x080031a0   0x0000000c   Code   RO         1535    i.USART6_IRQHandler  stm32f4xx_it.o
    0x080031ac   0x00000042   Code   RO          949    i.USER_DMA_INIT     bsp_uart.o
    0x080031ee   0x00000002   Code   RO         1536    i.UsageFault_Handler  stm32f4xx_it.o
    0x080031f0   0x00000020   Code   RO         6223    i.__0printf         mc_w.l(printfa.o)
    0x08003210   0x00000020   Code   RO         2709    i.__NVIC_SetPriority  stm32f4xx_hal_cortex.o
    0x08003230   0x0000000e   Code   RO         6301    i.__scatterload_copy  mc_w.l(handlers.o)
    0x0800323e   0x00000002   Code   RO         6302    i.__scatterload_null  mc_w.l(handlers.o)
    0x08003240   0x0000000e   Code   RO         6303    i.__scatterload_zeroinit  mc_w.l(handlers.o)
    0x0800324e   0x00000002   PAD
    0x08003250   0x00000164   Code   RO         6230    i._fp_digits        mc_w.l(printfa.o)
    0x080033b4   0x000006dc   Code   RO         6231    i._printf_core      mc_w.l(printfa.o)
    0x08003a90   0x00000024   Code   RO         6232    i._printf_post_padding  mc_w.l(printfa.o)
    0x08003ab4   0x0000002e   Code   RO         6233    i._printf_pre_padding  mc_w.l(printfa.o)
    0x08003ae2   0x00000002   PAD
    0x08003ae4   0x0000005c   Code   RO          774    i.can_device_init   bsp_can.o
    0x08003b40   0x00000030   Code   RO          775    i.can_receive_start  bsp_can.o
    0x08003b70   0x00000210   Code   RO          412    i.cmd               stmgood.o
    0x08003d80   0x0000018c   Code   RO         1285    i.debug_task        freertos.o
    0x08003f0c   0x000000d4   Code   RO         1049    i.detect_task       detect_task.o
    0x08003fe0   0x00000070   Code   RO          776    i.encoder_data_handle  bsp_can.o
    0x08004050   0x0000001c   Code   RO         1052    i.err_detector_hook  detect_task.o
    0x0800406c   0x00000018   Code   RO          950    i.fputc             bsp_uart.o
    0x08004084   0x00000010   Code   RO          414    i.go1               stmgood.o
    0x08004094   0x0000000c   Code   RO         5470    i.inHandlerMode     cmsis_os.o
    0x080040a0   0x0000001c   Code   RO         1113    i.logic_handle_task  logic_handle_task.o
    0x080040bc   0x00000050   Code   RO         1146    i.main              main.o
    0x0800410c   0x0000000c   Code   RO         5472    i.makeFreeRtosPriority  cmsis_os.o
    0x08004118   0x000000bc   Code   RO         1053    i.module_offline_callback  detect_task.o
    0x080041d4   0x00000060   Code   RO         1054    i.module_offline_detect  detect_task.o
    0x08004234   0x00000080   Code   RO          421    i.multi1            stmgood.o
    0x080042b4   0x0000003c   Code   RO          422    i.multi2            stmgood.o
    0x080042f0   0x0000003c   Code   RO          423    i.multi3            stmgood.o
    0x0800432c   0x0000000e   Code   RO         5474    i.osDelay           cmsis_os.o
    0x0800433a   0x0000000e   Code   RO         5475    i.osDelayUntil      cmsis_os.o
    0x08004348   0x0000000a   Code   RO         5477    i.osKernelStart     cmsis_os.o
    0x08004352   0x00000018   Code   RO         5478    i.osKernelSysTick   cmsis_os.o
    0x0800436a   0x00000054   Code   RO         5511    i.osThreadCreate    cmsis_os.o
    0x080043be   0x00000002   PAD
    0x080043c0   0x00000188   Code   RO          309    i.pid_ast           pid.o
    0x08004548   0x00000108   Code   RO         1004    i.pid_handle_task   pid_handle_task.o
    0x08004650   0x00000070   Code   RO         5163    i.prvAddCurrentTaskToDelayedList  tasks.o
    0x080046c0   0x000000d0   Code   RO         5164    i.prvAddNewTaskToReadyList  tasks.o
    0x08004790   0x00000034   Code   RO         5165    i.prvDeleteTCB      tasks.o
    0x080047c4   0x0000004c   Code   RO         5839    i.prvHeapInit       heap_4.o
    0x08004810   0x00000060   Code   RO         5166    i.prvIdleTask       tasks.o
    0x08004870   0x0000008e   Code   RO         5167    i.prvInitialiseNewTask  tasks.o
    0x080048fe   0x00000002   PAD
    0x08004900   0x0000004c   Code   RO         5840    i.prvInsertBlockIntoFreeList  heap_4.o
    0x0800494c   0x00000020   Code   RO         5168    i.prvResetNextTaskUnblockTime  tasks.o
    0x0800496c   0x00000028   Code   RO         5901    i.prvTaskExitError  port.o
    0x08004994   0x000000d8   Code   RO         5841    i.pvPortMalloc      heap_4.o
    0x08004a6c   0x0000002c   Code   RO         5902    i.pxPortInitialiseStack  port.o
    0x08004a98   0x00000026   Code   RO         4808    i.uxListRemove      list.o
    0x08004abe   0x00000002   PAD
    0x08004ac0   0x00000014   Code   RO         1289    i.vApplicationGetIdleTaskMemory  freertos.o
    0x08004ad4   0x00000002   Code   RO         1290    i.vApplicationStackOverflowHook  freertos.o
    0x08004ad6   0x00000016   Code   RO         4809    i.vListInitialise   list.o
    0x08004aec   0x00000006   Code   RO         4810    i.vListInitialiseItem  list.o
    0x08004af2   0x00000030   Code   RO         4811    i.vListInsert       list.o
    0x08004b22   0x00000018   Code   RO         4812    i.vListInsertEnd    list.o
    0x08004b3a   0x00000002   PAD
    0x08004b3c   0x00000040   Code   RO         5904    i.vPortEnterCritical  port.o
    0x08004b7c   0x00000028   Code   RO         5905    i.vPortExitCritical  port.o
    0x08004ba4   0x0000005c   Code   RO         5842    i.vPortFree         heap_4.o
    0x08004c00   0x00000024   Code   RO         5906    i.vPortSetupTimerInterrupt  port.o
    0x08004c24   0x00000054   Code   RO         5907    i.vPortValidateInterruptPriority  port.o
    0x08004c78   0x0000004c   Code   RO         5176    i.vTaskDelay        tasks.o
    0x08004cc4   0x0000008c   Code   RO         5177    i.vTaskDelayUntil   tasks.o
    0x08004d50   0x0000006c   Code   RO         5190    i.vTaskStartScheduler  tasks.o
    0x08004dbc   0x00000010   Code   RO         5192    i.vTaskSuspendAll   tasks.o
    0x08004dcc   0x00000074   Code   RO         5193    i.vTaskSwitchContext  tasks.o
    0x08004e40   0x000000f4   Code   RO         5908    i.xPortStartScheduler  port.o
    0x08004f34   0x0000002c   Code   RO         5909    i.xPortSysTickHandler  port.o
    0x08004f60   0x0000005a   Code   RO         5195    i.xTaskCreate       tasks.o
    0x08004fba   0x00000056   Code   RO         5196    i.xTaskCreateStatic  tasks.o
    0x08005010   0x0000001c   Code   RO         5200    i.xTaskGetSchedulerState  tasks.o
    0x0800502c   0x0000000c   Code   RO         5201    i.xTaskGetTickCount  tasks.o
    0x08005038   0x00000010   Code   RO         5202    i.xTaskGetTickCountFromISR  tasks.o
    0x08005048   0x000000c8   Code   RO         5203    i.xTaskIncrementTick  tasks.o
    0x08005110   0x000000c4   Code   RO         5209    i.xTaskResumeAll    tasks.o
    0x080051d4   0x00000070   Data   RO         1292    .constdata          freertos.o
    0x08005244   0x00000008   Data   RO         2408    .constdata          stm32f4xx_hal_dma.o
    0x0800524c   0x00000010   Data   RO         4671    .constdata          system_stm32f4xx.o
    0x0800525c   0x00000008   Data   RO         4672    .constdata          system_stm32f4xx.o
    0x08005264   0x00000030   Data   RO         1293    .conststring        freertos.o
    0x08005294   0x00000020   Data   RO         6299    Region$$Table       anon$$obj.o


    Execution Region RW_IRAM1 (Base: 0x20000000, Size: 0x00004e90, Max: 0x00030000, ABSOLUTE)

    Base Addr    Size         Type   Attr      Idx    E Section Name        Object

    0x20000000   0x00000028   Data   RW          460    .data               stmgood.o
    0x20000028   0x0000000b   Data   RW          784    .data               bsp_can.o
    0x20000033   0x00000001   PAD
    0x20000034   0x00000008   Data   RW         1057    .data               detect_task.o
    0x2000003c   0x00000004   Data   RW         1216    .data               can.o
    0x20000040   0x00000010   Data   RW         1294    .data               freertos.o
    0x20000050   0x0000000c   Data   RW         2855    .data               stm32f4xx_hal.o
    0x2000005c   0x00000004   Data   RW         4673    .data               system_stm32f4xx.o
    0x20000060   0x0000003c   Data   RW         5212    .data               tasks.o
    0x2000009c   0x00000018   Data   RW         5847    .data               heap_4.o
    0x200000b4   0x0000000c   Data   RW         5910    .data               port.o
    0x200000c0   0x00000004   Data   RW         6279    .data               mc_w.l(stdout.o)
    0x200000c4   0x0000009c   Zero   RW          310    .bss                pid.o
    0x20000160   0x00000104   Zero   RW          311    .bss                pid.o
    0x20000264   0x00000004   PAD
    0x20000268   0x00000450   Zero   RW          459    .bss                stmgood.o
    0x200006b8   0x00000180   Zero   RW          782    .bss                bsp_can.o
    0x20000838   0x00000032   Zero   RW          954    .bss                bsp_uart.o
    0x2000086a   0x00000002   PAD
    0x2000086c   0x000000f4   Zero   RW         1055    .bss                detect_task.o
    0x20000960   0x00000024   Zero   RW         1114    .bss                logic_handle_task.o
    0x20000984   0x00000050   Zero   RW         1215    .bss                can.o
    0x200009d4   0x00000254   Zero   RW         1291    .bss                freertos.o
    0x20000c28   0x00000058   Zero   RW         1361    .bss                spi.o
    0x20000c80   0x00000040   Zero   RW         1431    .bss                tim.o
    0x20000cc0   0x000000e0   Zero   RW         1479    .bss                usart.o
    0x20000da0   0x000000f0   Zero   RW         5211    .bss                tasks.o
    0x20000e90   0x00003c00   Zero   RW         5846    .bss                heap_4.o
    0x20004a90   0x00000400   Zero   RW            1    STACK               startup_stm32f427xx.o


==============================================================================

Image component sizes


      Code (inc. data)   RO Data    RW Data    ZI Data      Debug   Object Name

         0          0          0          0          0     756476   ano_dt.o
       436         56          0         11        384      37381   bsp_can.o
       172         20          0          0         50       3022   bsp_uart.o
       428         46          0          4         80       2398   can.o
       170          0          0          0          0      28666   cmsis_os.o
       524         48          0          8        244       4765   detect_task.o
        44          4          0          0          0        742   dma.o
         0          0          0          0          0      18064   event_groups.o
       522        308        160         16        596       3275   freertos.o
       280         26          0          0          0       1067   gpio.o
       460         24          0         24      15360       7043   heap_4.o
       138          0          0          0          0       3322   list.o
        28          0          0          0         36       2168   logic_handle_task.o
       214         22          0          0          0       2096   main.o
       392         10          0          0        416       1911   pid.o
       264         20          0          0          0        630   pid_handle_task.o
       786         82          0         12          0      11813   port.o
       180         24          0          0         88       1593   spi.o
        36          8        428          0       1024        832   startup_stm32f427xx.o
       144         24          0         12          0       3873   stm32f4xx_hal.o
      1438          6          0          0          0      12356   stm32f4xx_hal_can.o
       198         14          0          0          0      33551   stm32f4xx_hal_cortex.o
      1054         16          8          0          0       5883   stm32f4xx_hal_dma.o
       484         52          0          0          0       2769   stm32f4xx_hal_gpio.o
        56          4          0          0          0        826   stm32f4xx_hal_msp.o
      1264         80          0          0          0       4916   stm32f4xx_hal_rcc.o
       128          0          0          0          0       1123   stm32f4xx_hal_spi.o
       850         80          0          0          0       6350   stm32f4xx_hal_tim.o
      1216         22          0          0          0       7274   stm32f4xx_hal_uart.o
       136         42          0          0          0       6517   stm32f4xx_it.o
      2142        320          0         40       1104      10759   stmgood.o
         0          0          0          0          0        384   stream_buffer.o
        84         18         24          4          0       1143   system_stm32f4xx.o
      1726        134          0         60        240      18364   tasks.o
       208         32          0          0         64       2129   tim.o
       360         44          0          0        224       2376   usart.o

    ----------------------------------------------------------------------
     16588       1586        652        192      19916    1007857   Object Totals
         0          0         32          0          0          0   (incl. Generated)
        26          0          0          1          6          0   (incl. Padding)

    ----------------------------------------------------------------------

      Code (inc. data)   RO Data    RW Data    ZI Data      Debug   Library Member Name

         0          0          0          0          0          0   entry.o
         0          0          0          0          0          0   entry10a.o
         0          0          0          0          0          0   entry11a.o
         8          4          0          0          0          0   entry2.o
         4          0          0          0          0          0   entry5.o
         0          0          0          0          0          0   entry7b.o
         0          0          0          0          0          0   entry8b.o
         8          4          0          0          0          0   entry9a.o
        30          0          0          0          0          0   handlers.o
        36          8          0          0          0         68   init.o
         0          0          0          0          0          0   iusefp.o
        30          0          0          0          0         68   llshl.o
        36          0          0          0          0         68   llsshr.o
        32          0          0          0          0         68   llushr.o
        36          0          0          0          0         68   memcpya.o
        36          0          0          0          0        108   memseta.o
      2226         90          0          0          0        444   printfa.o
         0          0          0          4          0          0   stdout.o
        44          0          0          0          0         80   uidiv.o
        98          0          0          0          0         92   uldiv.o
        48          0          0          0          0         68   cdrcmple.o
        56          0          0          0          0         88   d2f.o
       334          0          0          0          0        148   dadd.o
       222          0          0          0          0        100   ddiv.o
       186          0          0          0          0        176   depilogue.o
        48          0          0          0          0         68   dfixul.o
        34          0          0          0          0         76   dflti.o
       228          0          0          0          0         96   dmul.o
        38          0          0          0          0         68   f2d.o
       110          0          0          0          0        168   fepilogue.o

    ----------------------------------------------------------------------
      3932        106          0          4          0       2120   Library Totals
         4          0          0          0          0          0   (incl. Padding)

    ----------------------------------------------------------------------

      Code (inc. data)   RO Data    RW Data    ZI Data      Debug   Library Name

      2624        106          0          4          0       1064   mc_w.l
      1304          0          0          0          0       1056   mf_w.l

    ----------------------------------------------------------------------
      3932        106          0          4          0       2120   Library Totals

    ----------------------------------------------------------------------

==============================================================================


      Code (inc. data)   RO Data    RW Data    ZI Data      Debug   

     20520       1692        652        196      19916     993141   Grand Totals
     20520       1692        652        196      19916     993141   ELF Image Totals
     20520       1692        652        196          0          0   ROM Totals

==============================================================================

    Total RO  Size (Code + RO Data)                21172 (  20.68kB)
    Total RW  Size (RW Data + ZI Data)             20112 (  19.64kB)
    Total ROM Size (Code + RO Data + RW Data)      21368 (  20.87kB)

==============================================================================

