<html>
<body>
<pre>
<h1>µVision Build Log</h1>
<h2>Tool Versions:</h2>
IDE-Version: ¦ÌVision V5.14.0.0
Copyright (C) 2015 ARM Ltd and ARM Germany GmbH. All rights reserved.
License Information: TI 1010024850@qq.com, TI, LIC=GE7X7-EZXKD-654TW-Q39KG-IYFS7-VUVRC
 
Tool Versions:
Toolchain:       MDK-ARM Professional  Version: 5.14.0.0
Toolchain Path:  E:\Keil\ARM\ARMCC\Bin
C Compiler:      Armcc.exe V5.05 update 1 (build 106)
Assembler:       Armasm.exe V5.05 update 1 (build 106)
Linker/Locator:  ArmLink.exe V5.05 update 1 (build 106)
Library Manager: ArmAr.exe V5.05 update 1 (build 106)
Hex Converter:   FromElf.exe V5.05 update 1 (build 106)
CPU DLL:         SARMCM3.DLL V5.14.0.0
Dialog DLL:      DCM.DLL V1.13.1.0
Target DLL:      STLink\ST-LINKIII-KEIL_SWO.dll V2.0.14.0_KEIL
Dialog DLL:      TCM.DLL V1.14.4.0
 
<h2>Project:</h2>
E:\RM2020\RM_ENGINEER\TOE_INEER\MDK-ARM\TOE_INEER.uvprojx
Project File Date:  12/02/2019

<h2>Output:</h2>
Build target 'TOE_INEER'
compiling pid_handle_task.c...
..\MainTasks\pid_handle_task.h(16): warning:  #1-D: last line of file ends without a newline
  #endif
..\MainTasks\logic_handle_task.h(63): warning:  #1-D: last line of file ends without a newline
  #endif
..\MainTasks\pid_handle_task.c: 2 warnings, 0 errors
compiling logic_handle_task.c...
..\MainTasks\logic_handle_task.h(63): warning:  #1-D: last line of file ends without a newline
  #endif
..\MainTasks\pid_handle_task.h(16): warning:  #1-D: last line of file ends without a newline
  #endif
..\MainTasks\logic_handle_task.c: 2 warnings, 0 errors
linking...
Program Size: Code=14908 RO-data=652 RW-data=152 ZI-data=18696  
FromELF: creating hex file...
"TOE_INEER\TOE_INEER.axf" - 0 Error(s), 4 Warning(s).

<h2>Software Packages used:</h2>

Package Vendor: ARM
                http://www.keil.com/pack/ARM.CMSIS.4.2.0.pack
                ARM::CMSIS:CORE:3.40.0
                CMSIS (Cortex Microcontroller Software Interface Standard)
   * Component: CORE Version: 3.40.0

<h2>Collection of Component include folders:</h2>
  E:\RM2020\RM_ENGINEER\TOE_INEER\MDK-ARM\RTE
  E:\Keil\ARM\PACK\ARM\CMSIS\4.2.0\CMSIS\Include
  E:\Keil\ARM\PACK\Keil\STM32F4xx_DFP\1.0.8\Device\Include

<h2>Collection of Component Files used:</h2>

   * Component: ARM::CMSIS:CORE:3.40.0
      Source file:   CMSIS\UserCodeTemplates\ARM\ITM_Retarget.c
</pre>
</body>
</html>
