<html>
<body>
<pre>
<h1>µVision Build Log</h1>
<h2>Tool Versions:</h2>
IDE-Version: ¦ÌVision V5.14.0.0
Copyright (C) 2015 ARM Ltd and ARM Germany GmbH. All rights reserved.
License Information: TI 1010024850@qq.com, TI, LIC=GE7X7-EZXKD-654TW-Q39KG-IYFS7-VUVRC
 
Tool Versions:
Toolchain:       MDK-ARM Professional  Version: 5.14.0.0
Toolchain Path:  E:\Keil\ARM\ARMCC\Bin
C Compiler:      Armcc.exe V5.05 update 1 (build 106)
Assembler:       Armasm.exe V5.05 update 1 (build 106)
Linker/Locator:  ArmLink.exe V5.05 update 1 (build 106)
Library Manager: ArmAr.exe V5.05 update 1 (build 106)
Hex Converter:   FromElf.exe V5.05 update 1 (build 106)
CPU DLL:         SARMCM3.DLL V5.14.0.0
Dialog DLL:      DCM.DLL V1.13.1.0
Target DLL:      STLink\ST-LINKIII-KEIL_SWO.dll V2.0.14.0_KEIL
Dialog DLL:      TCM.DLL V1.14.4.0
 
<h2>Project:</h2>
E:\RM2020\RM_ENGINEER\TOE_INEE\MDK-ARM\TOE_INEE.uvprojx
Project File Date:  01/08/2020

<h2>Output:</h2>
Build target 'TOE_INEE'
compiling bsp_can.c...
..\MainTasks\minorThread.h(97): warning:  #1-D: last line of file ends without a newline
  #endif
..\MainTasks\logic_handle_task.h(84): warning:  #1-D: last line of file ends without a newline
  #endif
..\UserBsp\bsp_can.c: 2 warnings, 0 errors
compiling bsp_uart.c...
..\UserBsp\bsp_uart.c(75): warning:  #1-D: last line of file ends without a newline
        
..\UserBsp\bsp_uart.c: 1 warning, 0 errors
compiling bsp_io.c...
..\MainTasks\logic_handle_task.h(84): warning:  #1-D: last line of file ends without a newline
  #endif
..\UserBsp\bsp_io.h(33): warning:  #1295-D: Deprecated declaration led_init - give arg types
  void led_init();
..\UserBsp\bsp_io.c: 2 warnings, 0 errors
compiling ano_dt.c...
..\RmLib\ano_dt.h(44): warning:  #1-D: last line of file ends without a newline
  #endif
..\RmLib\ano_dt.c: 1 warning, 0 errors
compiling CRC_Check.c...
compiling pid.c...
compiling STMGood.c...
compiling user_lib.c...
compiling oled.c...
compiling minorThread.c...
..\MainTasks\minorThread.h(97): warning:  #1-D: last line of file ends without a newline
  #endif
..\UserBsp\bsp_io.h(33): warning:  #1295-D: Deprecated declaration led_init - give arg types
  void led_init();
..\MainTasks\minorThread.c: 2 warnings, 0 errors
compiling logic_handle_task.c...
..\MainTasks\logic_handle_task.h(84): warning:  #1-D: last line of file ends without a newline
  #endif
..\MainTasks\pid_handle_task.h(16): warning:  #1-D: last line of file ends without a newline
  #endif
..\UserBsp\bsp_io.h(33): warning:  #1295-D: Deprecated declaration led_init - give arg types
  void led_init();
..\MainTasks\logic_handle_task.c(42): warning:  #188-D: enumerated type mixed with another type
                HAL_GPIO_WritePin(EVALVE_GPIO_PORT      , BOUNCE_CTRL, logic_data.bounceFlag | logic_data.bounceSelfLockFlag);
..\MainTasks\logic_handle_task.c(198): warning:  #111-D: statement is unreachable
                }break;
..\MainTasks\logic_handle_task.c(203): warning:  #111-D: statement is unreachable
                }break;  
..\MainTasks\logic_handle_task.c(208): warning:  #111-D: statement is unreachable
                }break;  
..\MainTasks\logic_handle_task.c(213): warning:  #111-D: statement is unreachable
                }break;         
..\MainTasks\logic_handle_task.c(218): warning:  #111-D: statement is unreachable
                }break;
..\MainTasks\logic_handle_task.c(223): warning:  #111-D: statement is unreachable
                }break;         
..\MainTasks\logic_handle_task.c(225): warning:  #940-D: missing return statement at end of non-void function "slipDetect_Action"
  }
..\MainTasks\logic_handle_task.c(57): warning:  #177-D: function "GlobalEvalve_Ctrl" was declared but never referenced
  static void GlobalEvalve_Ctrl(void)
..\MainTasks\logic_handle_task.c(103): warning:  #177-D: function "shorten_Action" was declared but never referenced
  static void shorten_Action(void)
..\MainTasks\logic_handle_task.c(109): warning:  #177-D: function "bounce_Action" was declared but never referenced
  static void bounce_Action(void)
..\MainTasks\logic_handle_task.c(115): warning:  #177-D: function "shrink_Action" was declared but never referenced
  static void shrink_Action(void)
..\MainTasks\logic_handle_task.c(133): warning:  #177-D: function "flipToMinAngle_Action" was declared but never referenced
  static uint8_t flipToMinAngle_Action(void)
..\MainTasks\logic_handle_task.c(267): warning:  #177-D: function "throwFar_Action" was declared but never referenced
  static uint8_t throwFar_Action(void)
..\MainTasks\logic_handle_task.c: 17 warnings, 0 errors
compiling pid_handle_task.c...
..\MainTasks\pid_handle_task.h(16): warning:  #1-D: last line of file ends without a newline
  #endif
..\MainTasks\logic_handle_task.h(84): warning:  #1-D: last line of file ends without a newline
  #endif
..\MainTasks\minorThread.h(97): warning:  #1-D: last line of file ends without a newline
  #endif
..\UserBsp\bsp_io.h(33): warning:  #1295-D: Deprecated declaration led_init - give arg types
  void led_init();
..\MainTasks\pid_handle_task.c: 4 warnings, 0 errors
compiling main.c...
..\UserBsp\bsp_io.h(33): warning:  #1295-D: Deprecated declaration led_init - give arg types
  void led_init();
../Src/main.c: 1 warning, 0 errors
compiling gpio.c...
compiling adc.c...
compiling can.c...
compiling dma.c...
compiling freertos.c...
..\UserBsp\bsp_io.h(33): warning:  #1295-D: Deprecated declaration led_init - give arg types
  void led_init();
..\MainTasks\minorThread.h(97): warning:  #1-D: last line of file ends without a newline
  #endif
..\MainTasks\logic_handle_task.h(84): warning:  #1-D: last line of file ends without a newline
  #endif
../Src/freertos.c(200): warning:  #188-D: enumerated type mixed with another type
                HAL_GPIO_WritePin(EVALVE_GPIO_PORT      , CLAMP_CTRL, OLED_ADC_flag);
../Src/freertos.c: 4 warnings, 0 errors
compiling iwdg.c...
compiling spi.c...
compiling sys.c...
compiling usart.c...
compiling stm32f1xx_it.c...
compiling stm32f1xx_hal_msp.c...
compiling system_stm32f1xx.c...
compiling stm32f1xx_hal_gpio_ex.c...
compiling stm32f1xx_hal_adc.c...
compiling stm32f1xx_hal_adc_ex.c...
compiling stm32f1xx_hal.c...
compiling stm32f1xx_hal_rcc.c...
compiling stm32f1xx_hal_rcc_ex.c...
compiling stm32f1xx_hal_gpio.c...
compiling stm32f1xx_hal_dma.c...
compiling stm32f1xx_hal_cortex.c...
compiling stm32f1xx_hal_pwr.c...
compiling stm32f1xx_hal_flash.c...
compiling stm32f1xx_hal_flash_ex.c...
compiling stm32f1xx_hal_can.c...
compiling stm32f1xx_hal_iwdg.c...
compiling stm32f1xx_hal_spi.c...
compiling stm32f1xx_hal_tim.c...
compiling stm32f1xx_hal_tim_ex.c...
compiling stm32f1xx_hal_uart.c...
linking...
Program Size: Code=23764 RO-data=2716 RW-data=196 ZI-data=9532  
FromELF: creating hex file...
"TOE_INEE\TOE_INEE.axf" - 0 Error(s), 34 Warning(s).

<h2>Software Packages used:</h2>

Package Vendor: ARM
                http://www.keil.com/pack/ARM.CMSIS.4.2.0.pack
                ARM::CMSIS:CORE:3.40.0
                CMSIS (Cortex Microcontroller Software Interface Standard)
   * Component: CORE Version: 3.40.0

<h2>Collection of Component include folders:</h2>
  E:\RM2020\RM_ENGINEER\TOE_INEE\MDK-ARM\RTE
  E:\Keil\ARM\PACK\ARM\CMSIS\4.2.0\CMSIS\Include
  E:\Keil\ARM\PACK\Keil\STM32F1xx_DFP\2.2.0

<h2>Collection of Component Files used:</h2>

   * Component: ARM::CMSIS:CORE:3.40.0
      Source file:   CMSIS\UserCodeTemplates\ARM\ITM_Retarget.c
</pre>
</body>
</html>
