Component: ARM Compiler 5.05 update 1 (build 106) Tool: armlink [4d0efa]

==============================================================================

Section Cross References

    startup_stm32f105xc.o(RESET) refers to startup_stm32f105xc.o(STACK) for __initial_sp
    startup_stm32f105xc.o(RESET) refers to startup_stm32f105xc.o(.text) for Reset_Handler
    startup_stm32f105xc.o(RESET) refers to stm32f1xx_it.o(i.NMI_Handler) for NMI_Handler
    startup_stm32f105xc.o(RESET) refers to stm32f1xx_it.o(i.HardFault_Handler) for HardFault_Handler
    startup_stm32f105xc.o(RESET) refers to stm32f1xx_it.o(i.MemManage_Handler) for MemManage_Handler
    startup_stm32f105xc.o(RESET) refers to stm32f1xx_it.o(i.BusFault_Handler) for BusFault_Handler
    startup_stm32f105xc.o(RESET) refers to stm32f1xx_it.o(i.UsageFault_Handler) for UsageFault_Handler
    startup_stm32f105xc.o(RESET) refers to port.o(.emb_text) for SVC_Handler
    startup_stm32f105xc.o(RESET) refers to stm32f1xx_it.o(i.DebugMon_Handler) for DebugMon_Handler
    startup_stm32f105xc.o(RESET) refers to stm32f1xx_it.o(i.SysTick_Handler) for SysTick_Handler
    startup_stm32f105xc.o(RESET) refers to stm32f1xx_it.o(i.DMA1_Channel1_IRQHandler) for DMA1_Channel1_IRQHandler
    startup_stm32f105xc.o(RESET) refers to stm32f1xx_it.o(i.DMA1_Channel3_IRQHandler) for DMA1_Channel3_IRQHandler
    startup_stm32f105xc.o(RESET) refers to stm32f1xx_it.o(i.CAN1_TX_IRQHandler) for CAN1_TX_IRQHandler
    startup_stm32f105xc.o(RESET) refers to stm32f1xx_it.o(i.CAN1_RX0_IRQHandler) for CAN1_RX0_IRQHandler
    startup_stm32f105xc.o(RESET) refers to stm32f1xx_it.o(i.USART3_IRQHandler) for USART3_IRQHandler
    startup_stm32f105xc.o(.text) refers to system_stm32f1xx.o(i.SystemInit) for SystemInit
    startup_stm32f105xc.o(.text) refers to entry.o(.ARM.Collect$$$$00000000) for __main
    bsp_can.o(i.CAN1_Send_Current) refers to stm32f1xx_hal_can.o(i.HAL_CAN_Transmit_IT) for HAL_CAN_Transmit_IT
    bsp_can.o(i.CAN1_Send_Current) refers to can.o(.bss) for hcan1
    bsp_can.o(i.CAN_InitArgument) refers to bsp_can.o(i.CanFilter_Init) for CanFilter_Init
    bsp_can.o(i.CAN_InitArgument) refers to can.o(.bss) for hcan1
    bsp_can.o(i.CanFilter_Init) refers to stm32f1xx_hal_can.o(i.HAL_CAN_ConfigFilter) for HAL_CAN_ConfigFilter
    bsp_can.o(i.CanFilter_Init) refers to bsp_can.o(.bss) for .bss
    bsp_can.o(i.HAL_CAN_RxCpltCallback) refers to bsp_can.o(i.encoder_data_handle) for encoder_data_handle
    bsp_can.o(i.HAL_CAN_RxCpltCallback) refers to bsp_can.o(.bss) for .bss
    bsp_can.o(i.HAL_CAN_RxCpltCallback) refers to minorthread.o(.bss) for g_fps
    bsp_can.o(i.HAL_CAN_RxCpltCallback) refers to logic_handle_task.o(.bss) for logic_data
    bsp_can.o(i.HAL_CAN_RxCpltCallback) refers to bsp_can.o(.data) for .data
    bsp_can.o(i.HAL_CAN_RxCpltCallback) refers to can.o(.bss) for hcan1
    bsp_can.o(i.encoder_data_handle) refers to fflti.o(.text) for __aeabi_i2f
    bsp_can.o(i.encoder_data_handle) refers to fdiv.o(.text) for __aeabi_fdiv
    bsp_can.o(i.send_can_ms) refers to stm32f1xx_hal_can.o(i.HAL_CAN_Transmit_IT) for HAL_CAN_Transmit_IT
    bsp_can.o(i.send_can_ms) refers to can.o(.bss) for hcan1
    bsp_can.o(i.send_can_ms) refers to bsp_can.o(.data) for .data
    bsp_uart.o(i.UART_RX_IDLE_IRQ) refers to stm32f1xx_hal_uart.o(i.HAL_UART_Receive_DMA) for HAL_UART_Receive_DMA
    bsp_uart.o(i.UART_RX_IDLE_IRQ) refers to usart.o(.bss) for huart3
    bsp_uart.o(i.UART_RX_IDLE_IRQ) refers to bsp_uart.o(.bss) for .bss
    bsp_uart.o(i.USART_InitArgument) refers to bsp_uart.o(i.USER_DMA_INIT) for USER_DMA_INIT
    bsp_uart.o(i.USART_InitArgument) refers to bsp_uart.o(.bss) for .bss
    bsp_uart.o(i.USART_InitArgument) refers to usart.o(.bss) for hdma_usart3_rx
    bsp_uart.o(i.USER_DMA_INIT) refers to stm32f1xx_hal_dma.o(i.HAL_DMA_Start_IT) for HAL_DMA_Start_IT
    bsp_uart.o(i.USER_DMA_INIT) refers to stm32f1xx_hal_uart.o(i.HAL_UART_Receive_DMA) for HAL_UART_Receive_DMA
    bsp_io.o(i.GNS_STATE_DETECT) refers to bsp_io.o(i.LEFT_GNS) for LEFT_GNS
    bsp_io.o(i.GNS_STATE_DETECT) refers to bsp_io.o(i.MID_GNS) for MID_GNS
    bsp_io.o(i.GNS_STATE_DETECT) refers to bsp_io.o(i.RIGHT_GNS) for RIGHT_GNS
    bsp_io.o(i.GNS_STATE_DETECT) refers to logic_handle_task.o(.bss) for logic_data
    bsp_io.o(i.GPIO_InitArgument) refers to bsp_io.o(i.evalve_init) for evalve_init
    bsp_io.o(i.GPIO_InitArgument) refers to oled.o(i.oled_init) for oled_init
    bsp_io.o(i.LEFT_GNS) refers to stm32f1xx_hal_gpio.o(i.HAL_GPIO_ReadPin) for HAL_GPIO_ReadPin
    bsp_io.o(i.LEFT_GNS) refers to ffltui.o(.text) for __aeabi_ui2f
    bsp_io.o(i.LEFT_GNS) refers to fadd.o(.text) for __aeabi_fadd
    bsp_io.o(i.LEFT_GNS) refers to fdiv.o(.text) for __aeabi_fdiv
    bsp_io.o(i.MID_GNS) refers to stm32f1xx_hal_gpio.o(i.HAL_GPIO_ReadPin) for HAL_GPIO_ReadPin
    bsp_io.o(i.MID_GNS) refers to ffltui.o(.text) for __aeabi_ui2f
    bsp_io.o(i.MID_GNS) refers to fadd.o(.text) for __aeabi_fadd
[...]
    i.OLED_CTRL                              0x080034bc   Section        0  minorthread.o(i.OLED_CTRL)
    i.RIGHT_GNS                              0x080035f8   Section        0  bsp_io.o(i.RIGHT_GNS)
    i.SPI_CheckFlag_BSY                      0x08003640   Section        0  stm32f1xx_hal_spi.o(i.SPI_CheckFlag_BSY)
    SPI_CheckFlag_BSY                        0x08003641   Thumb Code    32  stm32f1xx_hal_spi.o(i.SPI_CheckFlag_BSY)
    i.SPI_WaitFlagStateUntilTimeout          0x08003660   Section        0  stm32f1xx_hal_spi.o(i.SPI_WaitFlagStateUntilTimeout)
    SPI_WaitFlagStateUntilTimeout            0x08003661   Thumb Code   150  stm32f1xx_hal_spi.o(i.SPI_WaitFlagStateUntilTimeout)
    i.SplitStr                               0x080036f6   Section        0  stmgood.o(i.SplitStr)
    i.StrToFloat                             0x08003748   Section        0  stmgood.o(i.StrToFloat)
    i.Strlen                                 0x08003858   Section        0  stmgood.o(i.Strlen)
    i.SubStr                                 0x08003868   Section        0  stmgood.o(i.SubStr)
    i.SysTick_Handler                        0x08003890   Section        0  stm32f1xx_it.o(i.SysTick_Handler)
    i.SystemClock_Config                     0x080038a8   Section        0  main.o(i.SystemClock_Config)
    i.SystemInit                             0x0800391c   Section        0  system_stm32f1xx.o(i.SystemInit)
    i.UART_DMAError                          0x08003970   Section        0  stm32f1xx_hal_uart.o(i.UART_DMAError)
    UART_DMAError                            0x08003971   Thumb Code    74  stm32f1xx_hal_uart.o(i.UART_DMAError)
    i.UART_DMAReceiveCplt                    0x080039ba   Section        0  stm32f1xx_hal_uart.o(i.UART_DMAReceiveCplt)
    UART_DMAReceiveCplt                      0x080039bb   Thumb Code    60  stm32f1xx_hal_uart.o(i.UART_DMAReceiveCplt)
    i.UART_DMARxHalfCplt                     0x080039f6   Section        0  stm32f1xx_hal_uart.o(i.UART_DMARxHalfCplt)
    UART_DMARxHalfCplt                       0x080039f7   Thumb Code    10  stm32f1xx_hal_uart.o(i.UART_DMARxHalfCplt)
    i.UART_EndRxTransfer                     0x08003a00   Section        0  stm32f1xx_hal_uart.o(i.UART_EndRxTransfer)
    UART_EndRxTransfer                       0x08003a01   Thumb Code    28  stm32f1xx_hal_uart.o(i.UART_EndRxTransfer)
    i.UART_EndTxTransfer                     0x08003a1c   Section        0  stm32f1xx_hal_uart.o(i.UART_EndTxTransfer)
    UART_EndTxTransfer                       0x08003a1d   Thumb Code    18  stm32f1xx_hal_uart.o(i.UART_EndTxTransfer)
    i.UART_RX_IDLE_IRQ                       0x08003a30   Section        0  bsp_uart.o(i.UART_RX_IDLE_IRQ)
    i.UART_SetConfig                         0x08003a68   Section        0  stm32f1xx_hal_uart.o(i.UART_SetConfig)
    UART_SetConfig                           0x08003a69   Thumb Code   364  stm32f1xx_hal_uart.o(i.UART_SetConfig)
    i.USART3_IRQHandler                      0x08003bd8   Section        0  stm32f1xx_it.o(i.USART3_IRQHandler)
    i.USART_InitArgument                     0x08003be4   Section        0  bsp_uart.o(i.USART_InitArgument)
    i.USER_DMA_INIT                          0x08003bfc   Section        0  bsp_uart.o(i.USER_DMA_INIT)
    i.UsageFault_Handler                     0x08003c3e   Section        0  stm32f1xx_it.o(i.UsageFault_Handler)
    i.__0printf                              0x08003c40   Section        0  printfa.o(i.__0printf)
    i.__0vsprintf                            0x08003c60   Section        0  printfa.o(i.__0vsprintf)
    i.__scatterload_copy                     0x08003c84   Section       14  handlers.o(i.__scatterload_copy)
    i.__scatterload_null                     0x08003c92   Section        2  handlers.o(i.__scatterload_null)
    i.__scatterload_zeroinit                 0x08003c94   Section       14  handlers.o(i.__scatterload_zeroinit)
    i._fp_digits                             0x08003ca4   Section        0  printfa.o(i._fp_digits)
    _fp_digits                               0x08003ca5   Thumb Code   334  printfa.o(i._fp_digits)
    i._printf_core                           0x08003e08   Section        0  printfa.o(i._printf_core)
    _printf_core                             0x08003e09   Thumb Code  1744  printfa.o(i._printf_core)
    i._printf_post_padding                   0x080044e4   Section        0  printfa.o(i._printf_post_padding)
    _printf_post_padding                     0x080044e5   Thumb Code    36  printfa.o(i._printf_post_padding)
    i._printf_pre_padding                    0x08004508   Section        0  printfa.o(i._printf_pre_padding)
    _printf_pre_padding                      0x08004509   Thumb Code    46  printfa.o(i._printf_pre_padding)
    i._sputc                                 0x08004536   Section        0  printfa.o(i._sputc)
    _sputc                                   0x08004537   Thumb Code    10  printfa.o(i._sputc)
    i.cmd                                    0x08004540   Section        0  stmgood.o(i.cmd)
    i.debugThread                            0x08004678   Section        0  freertos.o(i.debugThread)
    i.encoder_data_handle                    0x08004810   Section        0  bsp_can.o(i.encoder_data_handle)
    i.evalve_init                            0x08004884   Section        0  bsp_io.o(i.evalve_init)
    i.fputc                                  0x080048b0   Section        0  bsp_uart.o(i.fputc)
    i.go1                                    0x080048c8   Section        0  stmgood.o(i.go1)
    i.inHandlerMode                          0x080048d8   Section        0  cmsis_os.o(i.inHandlerMode)
    inHandlerMode                            0x080048d9   Thumb Code    12  cmsis_os.o(i.inHandlerMode)
    i.main                                   0x080048e4   Section        0  main.o(i.main)
    i.mainThread                             0x08004950   Section        0  logic_handle_task.o(i.mainThread)
    i.makeFreeRtosPriority                   0x08004970   Section        0  cmsis_os.o(i.makeFreeRtosPriority)
    makeFreeRtosPriority                     0x08004971   Thumb Code    12  cmsis_os.o(i.makeFreeRtosPriority)
    i.minorThread                            0x0800497c   Section        0  minorthread.o(i.minorThread)
    i.module_offline_detect                  0x08004a54   Section        0  minorthread.o(i.module_offline_detect)
    module_offline_detect                    0x08004a55   Thumb Code    90  minorthread.o(i.module_offline_detect)
    i.multi1                                 0x08004ab4   Section        0  stmgood.o(i.multi1)
    i.multi2                                 0x08004b3c   Section        0  stmgood.o(i.multi2)
    i.multi3                                 0x08004bc4   Section        0  stmgood.o(i.multi3)
    i.multi4                                 0x08004c20   Section        0  stmgood.o(i.multi4)
    i.oled_LOGO                              0x08004c40   Section        0  oled.o(i.oled_LOGO)
    i.oled_clear                             0x08004ca4   Section        0  oled.o(i.oled_clear)
    i.oled_drawpoint                         0x08004ce4   Section        0  oled.o(i.oled_drawpoint)
    i.oled_init                              0x08004d2c   Section        0  oled.o(i.oled_init)
    i.oled_printf                            0x08004e4c   Section        0  oled.o(i.oled_printf)
    i.oled_refresh_gram                      0x08004e94   Section        0  oled.o(i.oled_refresh_gram)
    i.oled_set_pos                           0x08004ec8   Section        0  oled.o(i.oled_set_pos)
    oled_set_pos                             0x08004ec9   Thumb Code    42  oled.o(i.oled_set_pos)
    i.oled_showchar                          0x08004ef4   Section        0  oled.o(i.oled_showchar)
    i.oled_shownum                           0x08004f6c   Section        0  oled.o(i.oled_shownum)
    i.oled_showstring                        0x08004fde   Section        0  oled.o(i.oled_showstring)
    i.oled_write_byte                        0x0800500c   Section        0  oled.o(i.oled_write_byte)
    i.osDelay                                0x08005034   Section        0  cmsis_os.o(i.osDelay)
    i.osDelayUntil                           0x08005042   Section        0  cmsis_os.o(i.osDelayUntil)
    i.osKernelStart                          0x08005050   Section        0  cmsis_os.o(i.osKernelStart)
    i.osKernelSysTick                        0x0800505a   Section        0  cmsis_os.o(i.osKernelSysTick)
    i.osThreadCreate                         0x08005072   Section        0  cmsis_os.o(i.osThreadCreate)
    i.pidThread                              0x080050c8   Section        0  pid_handle_task.o(i.pidThread)
    i.pid_adjust                             0x080051ec   Section        0  pid.o(i.pid_adjust)
    i.pid_ast                                0x080051f4   Section        0  pid.o(i.pid_ast)
    i.prvAddCurrentTaskToDelayedList         0x08005338   Section        0  tasks.o(i.prvAddCurrentTaskToDelayedList)
    prvAddCurrentTaskToDelayedList           0x08005339   Thumb Code   102  tasks.o(i.prvAddCurrentTaskToDelayedList)
    i.prvAddNewTaskToReadyList               0x080053a8   Section        0  tasks.o(i.prvAddNewTaskToReadyList)
    prvAddNewTaskToReadyList                 0x080053a9   Thumb Code   194  tasks.o(i.prvAddNewTaskToReadyList)
    i.prvCheckTasksWaitingTermination        0x08005478   Section        0  tasks.o(i.prvCheckTasksWaitingTermination)
    prvCheckTasksWaitingTermination          0x08005479   Thumb Code    70  tasks.o(i.prvCheckTasksWaitingTermination)
    i.prvDeleteTCB                           0x080054c8   Section        0  tasks.o(i.prvDeleteTCB)
    prvDeleteTCB                             0x080054c9   Thumb Code    52  tasks.o(i.prvDeleteTCB)
    i.prvHeapInit                            0x080054fc   Section        0  heap_4.o(i.prvHeapInit)
    prvHeapInit                              0x080054fd   Thumb Code    66  heap_4.o(i.prvHeapInit)
    i.prvIdleTask                            0x08005548   Section        0  tasks.o(i.prvIdleTask)
    prvIdleTask                              0x08005549   Thumb Code    30  tasks.o(i.prvIdleTask)
    i.prvInitialiseNewTask                   0x08005570   Section        0  tasks.o(i.prvInitialiseNewTask)
    prvInitialiseNewTask                     0x08005571   Thumb Code   142  tasks.o(i.prvInitialiseNewTask)
    i.prvInsertBlockIntoFreeList             0x08005600   Section        0  heap_4.o(i.prvInsertBlockIntoFreeList)
    prvInsertBlockIntoFreeList               0x08005601   Thumb Code    72  heap_4.o(i.prvInsertBlockIntoFreeList)
    i.prvResetNextTaskUnblockTime            0x0800564c   Section        0  tasks.o(i.prvResetNextTaskUnblockTime)
    prvResetNextTaskUnblockTime              0x0800564d   Thumb Code    26  tasks.o(i.prvResetNextTaskUnblockTime)
    i.prvTaskExitError                       0x0800566c   Section        0  port.o(i.prvTaskExitError)
    prvTaskExitError                         0x0800566d   Thumb Code    36  port.o(i.prvTaskExitError)
    i.pvPortMalloc                           0x08005694   Section        0  heap_4.o(i.pvPortMalloc)
    i.pxPortInitialiseStack                  0x0800576c   Section        0  port.o(i.pxPortInitialiseStack)
    i.uxListRemove                           0x08005790   Section        0  list.o(i.uxListRemove)
    i.vApplicationGetIdleTaskMemory          0x080057b4   Section        0  freertos.o(i.vApplicationGetIdleTaskMemory)
    i.vListInitialise                        0x080057c8   Section        0  list.o(i.vListInitialise)
    i.vListInitialiseItem                    0x080057de   Section        0  list.o(i.vListInitialiseItem)
    i.vListInsert                            0x080057e4   Section        0  list.o(i.vListInsert)
    i.vListInsertEnd                         0x08005814   Section        0  list.o(i.vListInsertEnd)
    i.vPortEnterCritical                     0x0800582c   Section        0  port.o(i.vPortEnterCritical)
    i.vPortExitCritical                      0x0800586c   Section        0  port.o(i.vPortExitCritical)
    i.vPortFree                              0x08005894   Section        0  heap_4.o(i.vPortFree)
    i.vPortSetupTimerInterrupt               0x080058f0   Section        0  port.o(i.vPortSetupTimerInterrupt)
    i.vPortValidateInterruptPriority         0x08005910   Section        0  port.o(i.vPortValidateInterruptPriority)
    i.vTaskDelay                             0x08005964   Section        0  tasks.o(i.vTaskDelay)
    i.vTaskDelayUntil                        0x080059b0   Section        0  tasks.o(i.vTaskDelayUntil)
    i.vTaskStartScheduler                    0x08005a3c   Section        0  tasks.o(i.vTaskStartScheduler)
    i.vTaskSuspendAll                        0x08005aa8   Section        0  tasks.o(i.vTaskSuspendAll)
    i.vTaskSwitchContext                     0x08005ab8   Section        0  tasks.o(i.vTaskSwitchContext)
    i.xPortStartScheduler                    0x08005b14   Section        0  port.o(i.xPortStartScheduler)
    i.xPortSysTickHandler                    0x08005b88   Section        0  port.o(i.xPortSysTickHandler)
    i.xTaskCreate                            0x08005bb4   Section        0  tasks.o(i.xTaskCreate)
    i.xTaskCreateStatic                      0x08005c0e   Section        0  tasks.o(i.xTaskCreateStatic)
    i.xTaskGetSchedulerState                 0x08005c60   Section        0  tasks.o(i.xTaskGetSchedulerState)
    i.xTaskGetTickCount                      0x08005c7c   Section        0  tasks.o(i.xTaskGetTickCount)
    i.xTaskGetTickCountFromISR               0x08005c88   Section        0  tasks.o(i.xTaskGetTickCountFromISR)
    i.xTaskIncrementTick                     0x08005c98   Section        0  tasks.o(i.xTaskIncrementTick)
    i.xTaskResumeAll                         0x08005d60   Section        0  tasks.o(i.xTaskResumeAll)
    .constdata                               0x08005e24   Section     2164  oled.o(.constdata)
    .constdata                               0x08006698   Section      112  freertos.o(.constdata)
    .constdata                               0x08006708   Section       16  system_stm32f1xx.o(.constdata)
    .constdata                               0x08006718   Section        8  system_stm32f1xx.o(.constdata)
    .conststring                             0x08006720   Section       48  freertos.o(.conststring)
    .data                                    0x20000000   Section        8  bsp_can.o(.data)
    .data                                    0x20000008   Section       36  stmgood.o(.data)
    .data                                    0x2000002c   Section       12  minorthread.o(.data)
    .data                                    0x20000038   Section        8  adc.o(.data)
    .data                                    0x20000040   Section       16  freertos.o(.data)
    .data                                    0x20000050   Section        4  system_stm32f1xx.o(.data)
    .data                                    0x20000054   Section       12  stm32f1xx_hal.o(.data)
    .data                                    0x20000060   Section       60  tasks.o(.data)
    uxDeletedTasksWaitingCleanUp             0x20000064   Data           4  tasks.o(.data)
    uxCurrentNumberOfTasks                   0x20000068   Data           4  tasks.o(.data)
    xTickCount                               0x2000006c   Data           4  tasks.o(.data)
    uxTopReadyPriority                       0x20000070   Data           4  tasks.o(.data)
    xSchedulerRunning                        0x20000074   Data           4  tasks.o(.data)
    uxPendedTicks                            0x20000078   Data           4  tasks.o(.data)
    xYieldPending                            0x2000007c   Data           4  tasks.o(.data)
    xNumOfOverflows                          0x20000080   Data           4  tasks.o(.data)
    uxTaskNumber                             0x20000084   Data           4  tasks.o(.data)
    xNextTaskUnblockTime                     0x20000088   Data           4  tasks.o(.data)
    xIdleTaskHandle                          0x2000008c   Data           4  tasks.o(.data)
    uxSchedulerSuspended                     0x20000090   Data           4  tasks.o(.data)
    pxDelayedTaskList                        0x20000094   Data           4  tasks.o(.data)
    pxOverflowDelayedTaskList                0x20000098   Data           4  tasks.o(.data)
    .data                                    0x2000009c   Section       24  heap_4.o(.data)
    pxEnd                                    0x2000009c   Data           4  heap_4.o(.data)
    xFreeBytesRemaining                      0x200000a0   Data           4  heap_4.o(.data)
    xMinimumEverFreeBytesRemaining           0x200000a4   Data           4  heap_4.o(.data)
    xBlockAllocatedBit                       0x200000a8   Data           4  heap_4.o(.data)
    xStart                                   0x200000ac   Data           8  heap_4.o(.data)
    .data                                    0x200000b4   Section       12  port.o(.data)
    ucMaxSysCallPriority                     0x200000b4   Data           1  port.o(.data)
    uxCriticalNesting                        0x200000b8   Data           4  port.o(.data)
    ulMaxPRIGROUPValue                       0x200000bc   Data           4  port.o(.data)
    .data                                    0x200000c0   Section        4  stdout.o(.data)
    .bss                                     0x200000c4   Section      160  bsp_can.o(.bss)
    .bss                                     0x20000164   Section       50  bsp_uart.o(.bss)
    .bss                                     0x20000198   Section      104  pid.o(.bss)
    .bss                                     0x20000200   Section      156  pid.o(.bss)
    .bss                                     0x200002a0   Section     1104  stmgood.o(.bss)
    .bss                                     0x200006f0   Section     1024  oled.o(.bss)
    OLED_GRAM                                0x200006f0   Data        1024  oled.o(.bss)
    .bss                                     0x20000af0   Section      228  minorthread.o(.bss)
    offline_dev                              0x20000b94   Data          64  minorthread.o(.bss)
    .bss                                     0x20000bd4   Section       56  logic_handle_task.o(.bss)
    .bss                                     0x20000c0c   Section      316  adc.o(.bss)
    .bss                                     0x20000d48   Section      136  can.o(.bss)
    .bss                                     0x20000dd0   Section      596  freertos.o(.bss)
    xIdleTaskTCBBuffer                       0x20000dd0   Data          84  freertos.o(.bss)
    xIdleStack                               0x20000e24   Data         512  freertos.o(.bss)
    .bss                                     0x20001024   Section       12  iwdg.o(.bss)
    .bss                                     0x20001030   Section       88  spi.o(.bss)
    .bss                                     0x20001088   Section      132  usart.o(.bss)
    .bss                                     0x2000110c   Section      240  tasks.o(.bss)
    pxReadyTasksLists                        0x2000110c   Data         140  tasks.o(.bss)
    xDelayedTaskList1                        0x20001198   Data          20  tasks.o(.bss)
    xDelayedTaskList2                        0x200011ac   Data          20  tasks.o(.bss)
    xPendingReadyList                        0x200011c0   Data          20  tasks.o(.bss)
    xTasksWaitingTermination                 0x200011d4   Data          20  tasks.o(.bss)
    xSuspendedTaskList                       0x200011e8   Data          20  tasks.o(.bss)
    .bss                                     0x200011fc   Section     4096  heap_4.o(.bss)
    ucHeap                                   0x200011fc   Data        4096  heap_4.o(.bss)
    STACK                                    0x20002200   Section     1024  startup_stm32f105xc.o(STACK)

    Global Symbols

    Symbol Name                              Value     Ov Type        Size  Object(Section)

    BuildAttributes$$THM_ISAv4$P$D$K$B$S$PE$A:L22UL41UL21$X:L11$S22US41US21$IEEE1$IW$USESV6$~STKCKD$USESV7$~SHL$OTIME$ROPI$EBA8$MICROLIB$REQ8$PRES8$EABIv2 0x00000000   Number         0  anon$$obj.o ABSOLUTE
    __ARM_use_no_argv                        0x00000000   Number         0  main.o ABSOLUTE
    _printf_a                                0x00000000   Number         0  stubs.o ABSOLUTE
    _printf_c                                0x00000000   Number         0  stubs.o ABSOLUTE
    _printf_charcount                        0x00000000   Number         0  stubs.o ABSOLUTE
    _printf_d                                0x00000000   Number         0  stubs.o ABSOLUTE
    _printf_e                                0x00000000   Number         0  stubs.o ABSOLUTE
    _printf_f                                0x00000000   Number         0  stubs.o ABSOLUTE
    _printf_flags                            0x00000000   Number         0  stubs.o ABSOLUTE
    _printf_fp_dec                           0x00000000   Number         0  stubs.o ABSOLUTE
    _printf_fp_hex                           0x00000000   Number         0  stubs.o ABSOLUTE
    _printf_g                                0x00000000   Number         0  stubs.o ABSOLUTE
    _printf_i                                0x00000000   Number         0  stubs.o ABSOLUTE
    _printf_int_dec                          0x00000000   Number         0  stubs.o ABSOLUTE
    _printf_l                                0x00000000   Number         0  stubs.o ABSOLUTE
    _printf_lc                               0x00000000   Number         0  stubs.o ABSOLUTE
    _printf_ll                               0x00000000   Number         0  stubs.o ABSOLUTE
    _printf_lld                              0x00000000   Number         0  stubs.o ABSOLUTE
    _printf_lli                              0x00000000   Number         0  stubs.o ABSOLUTE
    _printf_llo                              0x00000000   Number         0  stubs.o ABSOLUTE
    _printf_llu                              0x00000000   Number         0  stubs.o ABSOLUTE
    _printf_llx                              0x00000000   Number         0  stubs.o ABSOLUTE
    _printf_longlong_dec                     0x00000000   Number         0  stubs.o ABSOLUTE
    _printf_longlong_hex                     0x00000000   Number         0  stubs.o ABSOLUTE
    _printf_longlong_oct                     0x00000000   Number         0  stubs.o ABSOLUTE
    _printf_ls                               0x00000000   Number         0  stubs.o ABSOLUTE
    _printf_mbtowc                           0x00000000   Number         0  stubs.o ABSOLUTE
    _printf_n                                0x00000000   Number         0  stubs.o ABSOLUTE
    _printf_o                                0x00000000   Number         0  stubs.o ABSOLUTE
    _printf_p                                0x00000000   Number         0  stubs.o ABSOLUTE
    _printf_percent                          0x00000000   Number         0  stubs.o ABSOLUTE
    _printf_pre_padding                      0x00000000   Number         0  stubs.o ABSOLUTE
    _printf_return_value                     0x00000000   Number         0  stubs.o ABSOLUTE
    _printf_s                                0x00000000   Number         0  stubs.o ABSOLUTE
    _printf_sizespec                         0x00000000   Number         0  stubs.o ABSOLUTE
    _printf_str                              0x00000000   Number         0  stubs.o ABSOLUTE
    _printf_truncate_signed                  0x00000000   Number         0  stubs.o ABSOLUTE
    _printf_truncate_unsigned                0x00000000   Number         0  stubs.o ABSOLUTE
    _printf_u                                0x00000000   Number         0  stubs.o ABSOLUTE
    _printf_wc                               0x00000000   Number         0  stubs.o ABSOLUTE
    _printf_wctomb                           0x00000000   Number         0  stubs.o ABSOLUTE
    _printf_widthprec                        0x00000000   Number         0  stubs.o ABSOLUTE
    _printf_x                                0x00000000   Number         0  stubs.o ABSOLUTE
    __cpp_initialize__aeabi_                  - Undefined Weak Reference
    __cxa_finalize                            - Undefined Weak Reference
    __decompress                              - Undefined Weak Reference
    _clock_init                               - Undefined Weak Reference
    _microlib_exit                            - Undefined Weak Reference
    __Vectors_Size                           0x00000150   Number         0  startup_stm32f105xc.o ABSOLUTE
    __Vectors                                0x08000000   Data           4  startup_stm32f105xc.o(RESET)
    __Vectors_End                            0x08000150   Data           0  startup_stm32f105xc.o(RESET)
    __main                                   0x08000151   Thumb Code     0  entry.o(.ARM.Collect$$$$00000000)
    _main_stk                                0x08000151   Thumb Code     0  entry2.o(.ARM.Collect$$$$00000001)
    _main_scatterload                        0x08000155   Thumb Code     0  entry5.o(.ARM.Collect$$$$00000004)
    __main_after_scatterload                 0x08000159   Thumb Code     0  entry5.o(.ARM.Collect$$$$00000004)
    _main_clock                              0x08000159   Thumb Code     0  entry7b.o(.ARM.Collect$$$$00000008)
    _main_cpp_init                           0x08000159   Thumb Code     0  entry8b.o(.ARM.Collect$$$$0000000A)
    _main_init                               0x08000159   Thumb Code     0  entry9a.o(.ARM.Collect$$$$0000000B)
    __rt_final_cpp                           0x08000161   Thumb Code     0  entry10a.o(.ARM.Collect$$$$0000000D)
    __rt_final_exit                          0x08000161   Thumb Code     0  entry11a.o(.ARM.Collect$$$$0000000F)
    SVC_Handler                              0x08000165   Thumb Code    32  port.o(.emb_text)
    __asm___6_port_c_39a90d8d__prvStartFirstTask 0x08000189   Thumb Code    28  port.o(.emb_text)
    PendSV_Handler                           0x080001a9   Thumb Code    72  port.o(.emb_text)
    vPortGetIPSR                             0x080001f5   Thumb Code     6  port.o(.emb_text)
    Reset_Handler                            0x080001fd   Thumb Code     8  startup_stm32f105xc.o(.text)
    ADC1_2_IRQHandler                        0x08000217   Thumb Code     0  startup_stm32f105xc.o(.text)
    CAN1_RX1_IRQHandler                      0x08000217   Thumb Code     0  startup_stm32f105xc.o(.text)
    CAN1_SCE_IRQHandler                      0x08000217   Thumb Code     0  startup_stm32f105xc.o(.text)
    CAN2_RX0_IRQHandler                      0x08000217   Thumb Code     0  startup_stm32f105xc.o(.text)
    CAN2_RX1_IRQHandler                      0x08000217   Thumb Code     0  startup_stm32f105xc.o(.text)
    CAN2_SCE_IRQHandler                      0x08000217   Thumb Code     0  startup_stm32f105xc.o(.text)
    CAN2_TX_IRQHandler                       0x08000217   Thumb Code     0  startup_stm32f105xc.o(.text)
    DMA1_Channel2_IRQHandler                 0x08000217   Thumb Code     0  startup_stm32f105xc.o(.text)
    DMA1_Channel4_IRQHandler                 0x08000217   Thumb Code     0  startup_stm32f105xc.o(.text)
    DMA1_Channel5_IRQHandler                 0x08000217   Thumb Code     0  startup_stm32f105xc.o(.text)
    DMA1_Channel6_IRQHandler                 0x08000217   Thumb Code     0  startup_stm32f105xc.o(.text)
    DMA1_Channel7_IRQHandler                 0x08000217   Thumb Code     0  startup_stm32f105xc.o(.text)
    DMA2_Channel1_IRQHandler                 0x08000217   Thumb Code     0  startup_stm32f105xc.o(.text)
    DMA2_Channel2_IRQHandler                 0x08000217   Thumb Code     0  startup_stm32f105xc.o(.text)
    DMA2_Channel3_IRQHandler                 0x08000217   Thumb Code     0  startup_stm32f105xc.o(.text)
    DMA2_Channel4_IRQHandler                 0x08000217   Thumb Code     0  startup_stm32f105xc.o(.text)
    DMA2_Channel5_IRQHandler                 0x08000217   Thumb Code     0  startup_stm32f105xc.o(.text)
    EXTI0_IRQHandler                         0x08000217   Thumb Code     0  startup_stm32f105xc.o(.text)
    EXTI15_10_IRQHandler                     0x08000217   Thumb Code     0  startup_stm32f105xc.o(.text)
    EXTI1_IRQHandler                         0x08000217   Thumb Code     0  startup_stm32f105xc.o(.text)
    EXTI2_IRQHandler                         0x08000217   Thumb Code     0  startup_stm32f105xc.o(.text)
    EXTI3_IRQHandler                         0x08000217   Thumb Code     0  startup_stm32f105xc.o(.text)
    EXTI4_IRQHandler                         0x08000217   Thumb Code     0  startup_stm32f105xc.o(.text)
    EXTI9_5_IRQHandler                       0x08000217   Thumb Code     0  startup_stm32f105xc.o(.text)
    FLASH_IRQHandler                         0x08000217   Thumb Code     0  startup_stm32f105xc.o(.text)
    I2C1_ER_IRQHandler                       0x08000217   Thumb Code     0  startup_stm32f105xc.o(.text)
    I2C1_EV_IRQHandler                       0x08000217   Thumb Code     0  startup_stm32f105xc.o(.text)
    I2C2_ER_IRQHandler                       0x08000217   Thumb Code     0  startup_stm32f105xc.o(.text)
    I2C2_EV_IRQHandler                       0x08000217   Thumb Code     0  startup_stm32f105xc.o(.text)
    OTG_FS_IRQHandler                        0x08000217   Thumb Code     0  startup_stm32f105xc.o(.text)
    OTG_FS_WKUP_IRQHandler                   0x08000217   Thumb Code     0  startup_stm32f105xc.o(.text)
    PVD_IRQHandler                           0x08000217   Thumb Code     0  startup_stm32f105xc.o(.text)
    RCC_IRQHandler                           0x08000217   Thumb Code     0  startup_stm32f105xc.o(.text)
    RTC_Alarm_IRQHandler                     0x08000217   Thumb Code     0  startup_stm32f105xc.o(.text)
    RTC_IRQHandler                           0x08000217   Thumb Code     0  startup_stm32f105xc.o(.text)
    SPI1_IRQHandler                          0x08000217   Thumb Code     0  startup_stm32f105xc.o(.text)
    SPI2_IRQHandler                          0x08000217   Thumb Code     0  startup_stm32f105xc.o(.text)
    SPI3_IRQHandler                          0x08000217   Thumb Code     0  startup_stm32f105xc.o(.text)
    TAMPER_IRQHandler                        0x08000217   Thumb Code     0  startup_stm32f105xc.o(.text)
    TIM1_BRK_IRQHandler                      0x08000217   Thumb Code     0  startup_stm32f105xc.o(.text)
    TIM1_CC_IRQHandler                       0x08000217   Thumb Code     0  startup_stm32f105xc.o(.text)
    TIM1_TRG_COM_IRQHandler                  0x08000217   Thumb Code     0  startup_stm32f105xc.o(.text)
    TIM1_UP_IRQHandler                       0x08000217   Thumb Code     0  startup_stm32f105xc.o(.text)
    TIM2_IRQHandler                          0x08000217   Thumb Code     0  startup_stm32f105xc.o(.text)
    TIM3_IRQHandler                          0x08000217   Thumb Code     0  startup_stm32f105xc.o(.text)
    TIM4_IRQHandler                          0x08000217   Thumb Code     0  startup_stm32f105xc.o(.text)
    TIM5_IRQHandler                          0x08000217   Thumb Code     0  startup_stm32f105xc.o(.text)
    TIM6_IRQHandler                          0x08000217   Thumb Code     0  startup_stm32f105xc.o(.text)
    TIM7_IRQHandler                          0x08000217   Thumb Code     0  startup_stm32f105xc.o(.text)
    UART4_IRQHandler                         0x08000217   Thumb Code     0  startup_stm32f105xc.o(.text)
    UART5_IRQHandler                         0x08000217   Thumb Code     0  startup_stm32f105xc.o(.text)
    USART1_IRQHandler                        0x08000217   Thumb Code     0  startup_stm32f105xc.o(.text)
    USART2_IRQHandler                        0x08000217   Thumb Code     0  startup_stm32f105xc.o(.text)
    WWDG_IRQHandler                          0x08000217   Thumb Code     0  startup_stm32f105xc.o(.text)
    __aeabi_uldivmod                         0x08000221   Thumb Code    98  uldiv.o(.text)
    __aeabi_llsr                             0x08000283   Thumb Code    32  llushr.o(.text)
    _ll_ushift_r                             0x08000283   Thumb Code     0  llushr.o(.text)
    __aeabi_memcpy                           0x080002a3   Thumb Code    36  memcpya.o(.text)
    __aeabi_memcpy4                          0x080002a3   Thumb Code     0  memcpya.o(.text)
    __aeabi_memcpy8                          0x080002a3   Thumb Code     0  memcpya.o(.text)
    __aeabi_memset                           0x080002c7   Thumb Code    14  memseta.o(.text)
    __aeabi_memset4                          0x080002c7   Thumb Code     0  memseta.o(.text)
    __aeabi_memset8                          0x080002c7   Thumb Code     0  memseta.o(.text)
    __aeabi_memclr                           0x080002d5   Thumb Code     4  memseta.o(.text)
    __aeabi_memclr4                          0x080002d5   Thumb Code     0  memseta.o(.text)
    __aeabi_memclr8                          0x080002d5   Thumb Code     0  memseta.o(.text)
    _memset$wrapper                          0x080002d9   Thumb Code    18  memseta.o(.text)
    __aeabi_fadd                             0x080002eb   Thumb Code   164  fadd.o(.text)
    __aeabi_fsub                             0x0800038f   Thumb Code     6  fadd.o(.text)
    __aeabi_frsub                            0x08000395   Thumb Code     6  fadd.o(.text)
    __aeabi_fmul                             0x0800039b   Thumb Code   100  fmul.o(.text)
    __aeabi_fdiv                             0x080003ff   Thumb Code   124  fdiv.o(.text)
    __aeabi_dadd                             0x0800047b   Thumb Code   322  dadd.o(.text)
    __aeabi_dsub                             0x080005bd   Thumb Code     6  dadd.o(.text)
    __aeabi_drsub                            0x080005c3   Thumb Code     6  dadd.o(.text)
    __aeabi_dmul                             0x080005c9   Thumb Code   228  dmul.o(.text)
    __aeabi_ddiv                             0x080006ad   Thumb Code   222  ddiv.o(.text)
    __aeabi_i2f                              0x0800078b   Thumb Code    18  fflti.o(.text)
    __aeabi_ui2f                             0x0800079d   Thumb Code    10  ffltui.o(.text)
    __aeabi_i2d                              0x080007a7   Thumb Code    34  dflti.o(.text)
    __aeabi_f2iz                             0x080007c9   Thumb Code    50  ffixi.o(.text)
    __aeabi_d2iz                             0x080007fb   Thumb Code    62  dfixi.o(.text)
    __aeabi_f2d                              0x08000839   Thumb Code    38  f2d.o(.text)
    __aeabi_d2f                              0x0800085f   Thumb Code    56  d2f.o(.text)
    __aeabi_cfcmpeq                          0x08000899   Thumb Code     0  cfcmple.o(.text)
    __aeabi_cfcmple                          0x08000899   Thumb Code    20  cfcmple.o(.text)
    __aeabi_cfrcmple                         0x080008ad   Thumb Code    20  cfrcmple.o(.text)
    __aeabi_uidiv                            0x080008c1   Thumb Code     0  uidiv.o(.text)
    __aeabi_uidivmod                         0x080008c1   Thumb Code    44  uidiv.o(.text)
    __aeabi_llsl                             0x080008ed   Thumb Code    30  llshl.o(.text)
    _ll_shift_l                              0x080008ed   Thumb Code     0  llshl.o(.text)
    __aeabi_lasr                             0x0800090b   Thumb Code    36  llsshr.o(.text)
    _ll_sshift_r                             0x0800090b   Thumb Code     0  llsshr.o(.text)
    __I$use$fp                               0x0800092f   Thumb Code     0  iusefp.o(.text)
    _float_round                             0x0800092f   Thumb Code    18  fepilogue.o(.text)
    _float_epilogue                          0x08000941   Thumb Code    92  fepilogue.o(.text)
    _double_round                            0x0800099d   Thumb Code    30  depilogue.o(.text)
    _double_epilogue                         0x080009bb   Thumb Code   156  depilogue.o(.text)
    __aeabi_d2ulz                            0x08000a57   Thumb Code    48  dfixul.o(.text)
    __aeabi_cdrcmple                         0x08000a89   Thumb Code    48  cdrcmple.o(.text)
    __scatterload                            0x08000ab9   Thumb Code    28  init.o(.text)
    __scatterload_rt2                        0x08000ab9   Thumb Code     0  init.o(.text)
    ADC_Average                              0x08000add   Thumb Code    42  adc.o(i.ADC_Average)
    ADC_ConversionStop_Disable               0x08000b11   Thumb Code    76  stm32f1xx_hal_adc.o(i.ADC_ConversionStop_Disable)
    ADC_DMAConvCplt                          0x08000b5d   Thumb Code    78  stm32f1xx_hal_adc.o(i.ADC_DMAConvCplt)
    ADC_DMAError                             0x08000bab   Thumb Code    26  stm32f1xx_hal_adc.o(i.ADC_DMAError)
    ADC_DMAHalfConvCplt                      0x08000bc5   Thumb Code    10  stm32f1xx_hal_adc.o(i.ADC_DMAHalfConvCplt)
    ADC_Enable                               0x08000bd1   Thumb Code   104  stm32f1xx_hal_adc.o(i.ADC_Enable)
    ADC_InitArgument                         0x08000c41   Thumb Code    26  adc.o(i.ADC_InitArgument)
    BusFault_Handler                         0x08000c61   Thumb Code     2  stm32f1xx_it.o(i.BusFault_Handler)
    CAN1_RX0_IRQHandler                      0x08000c65   Thumb Code     6  stm32f1xx_it.o(i.CAN1_RX0_IRQHandler)
    CAN1_Send_Current                        0x08000c71   Thumb Code    74  bsp_can.o(i.CAN1_Send_Current)
    CAN1_TX_IRQHandler                       0x08000cc1   Thumb Code     6  stm32f1xx_it.o(i.CAN1_TX_IRQHandler)
    CAN_InitArgument                         0x08000ccd   Thumb Code    32  bsp_can.o(i.CAN_InitArgument)
    CanFilter_Init                           0x08000e19   Thumb Code    94  bsp_can.o(i.CanFilter_Init)
    Command                                  0x08000e7d   Thumb Code   408  stmgood.o(i.Command)
    CompStr                                  0x08001095   Thumb Code    48  stmgood.o(i.CompStr)
    CopyStr                                  0x080010c5   Thumb Code    22  stmgood.o(i.CopyStr)
    DMA1_Channel1_IRQHandler                 0x080010dd   Thumb Code     6  stm32f1xx_it.o(i.DMA1_Channel1_IRQHandler)
    DMA1_Channel3_IRQHandler                 0x080010e9   Thumb Code    28  stm32f1xx_it.o(i.DMA1_Channel3_IRQHandler)
    DealStr                                  0x0800113d   Thumb Code   124  stmgood.o(i.DealStr)
    Dealdata                                 0x080011c1   Thumb Code   134  stmgood.o(i.Dealdata)
    DebugMon_Handler                         0x08001251   Thumb Code     2  stm32f1xx_it.o(i.DebugMon_Handler)
    Error_Handler                            0x08001253   Thumb Code     2  main.o(i.Error_Handler)
    FirstSpace                               0x08001255   Thumb Code    24  stmgood.o(i.FirstSpace)
    GNS_STATE_DETECT                         0x0800126d   Thumb Code    88  bsp_io.o(i.GNS_STATE_DETECT)
    GPIO_InitArgument                        0x080012c9   Thumb Code    14  bsp_io.o(i.GPIO_InitArgument)
    HAL_ADC_ConfigChannel                    0x080012d9   Thumb Code   240  stm32f1xx_hal_adc.o(i.HAL_ADC_ConfigChannel)
    HAL_ADC_ConvCpltCallback                 0x080013d5   Thumb Code     2  stm32f1xx_hal_adc.o(i.HAL_ADC_ConvCpltCallback)
    HAL_ADC_ConvHalfCpltCallback             0x080013d7   Thumb Code     2  stm32f1xx_hal_adc.o(i.HAL_ADC_ConvHalfCpltCallback)
    HAL_ADC_ErrorCallback                    0x080013d9   Thumb Code     2  stm32f1xx_hal_adc.o(i.HAL_ADC_ErrorCallback)
    HAL_ADC_Init                             0x080013dd   Thumb Code   272  stm32f1xx_hal_adc.o(i.HAL_ADC_Init)
    HAL_ADC_MspInit                          0x080014f9   Thumb Code   122  adc.o(i.HAL_ADC_MspInit)
    HAL_ADC_Start                            0x08001589   Thumb Code   184  stm32f1xx_hal_adc.o(i.HAL_ADC_Start)
    HAL_ADC_Start_DMA                        0x08001649   Thumb Code   246  stm32f1xx_hal_adc.o(i.HAL_ADC_Start_DMA)
    HAL_CAN_ConfigFilter                     0x08001755   Thumb Code   242  stm32f1xx_hal_can.o(i.HAL_CAN_ConfigFilter)
    HAL_CAN_ErrorCallback                    0x08001847   Thumb Code     2  stm32f1xx_hal_can.o(i.HAL_CAN_ErrorCallback)
    HAL_CAN_IRQHandler                       0x08001849   Thumb Code   548  stm32f1xx_hal_can.o(i.HAL_CAN_IRQHandler)
    HAL_CAN_Init                             0x08001a7d   Thumb Code   300  stm32f1xx_hal_can.o(i.HAL_CAN_Init)
    HAL_CAN_MspInit                          0x08001ba9   Thumb Code   146  can.o(i.HAL_CAN_MspInit)
    HAL_CAN_RxCpltCallback                   0x08001c4d   Thumb Code   150  bsp_can.o(i.HAL_CAN_RxCpltCallback)
    HAL_CAN_Transmit_IT                      0x08001d01   Thumb Code   292  stm32f1xx_hal_can.o(i.HAL_CAN_Transmit_IT)
    HAL_CAN_TxCpltCallback                   0x08001e25   Thumb Code     2  stm32f1xx_hal_can.o(i.HAL_CAN_TxCpltCallback)
    HAL_DMA_IRQHandler                       0x08001e29   Thumb Code   552  stm32f1xx_hal_dma.o(i.HAL_DMA_IRQHandler)
    HAL_DMA_Init                             0x08002071   Thumb Code   120  stm32f1xx_hal_dma.o(i.HAL_DMA_Init)
    HAL_DMA_Start_IT                         0x080020f5   Thumb Code   112  stm32f1xx_hal_dma.o(i.HAL_DMA_Start_IT)
    HAL_Delay                                0x08002165   Thumb Code    32  stm32f1xx_hal.o(i.HAL_Delay)
    HAL_GPIO_Init                            0x08002189   Thumb Code   408  stm32f1xx_hal_gpio.o(i.HAL_GPIO_Init)
    HAL_GPIO_ReadPin                         0x08002345   Thumb Code    10  stm32f1xx_hal_gpio.o(i.HAL_GPIO_ReadPin)
    HAL_GPIO_TogglePin                       0x0800234f   Thumb Code     8  stm32f1xx_hal_gpio.o(i.HAL_GPIO_TogglePin)
    HAL_GPIO_WritePin                        0x08002357   Thumb Code    10  stm32f1xx_hal_gpio.o(i.HAL_GPIO_WritePin)
    HAL_GetTick                              0x08002361   Thumb Code     6  stm32f1xx_hal.o(i.HAL_GetTick)
    HAL_IWDG_Init                            0x0800236d   Thumb Code    82  stm32f1xx_hal_iwdg.o(i.HAL_IWDG_Init)
    HAL_IWDG_Refresh                         0x080023bf   Thumb Code    12  stm32f1xx_hal_iwdg.o(i.HAL_IWDG_Refresh)
    HAL_IncTick                              0x080023cd   Thumb Code    12  stm32f1xx_hal.o(i.HAL_IncTick)
    HAL_Init                                 0x080023dd   Thumb Code    32  stm32f1xx_hal.o(i.HAL_Init)
    HAL_InitTick                             0x08002401   Thumb Code    54  stm32f1xx_hal.o(i.HAL_InitTick)
    HAL_MspInit                              0x08002441   Thumb Code    62  stm32f1xx_hal_msp.o(i.HAL_MspInit)
    HAL_NVIC_EnableIRQ                       0x08002489   Thumb Code    22  stm32f1xx_hal_cortex.o(i.HAL_NVIC_EnableIRQ)
    HAL_NVIC_SetPriority                     0x080024a1   Thumb Code    60  stm32f1xx_hal_cortex.o(i.HAL_NVIC_SetPriority)
    HAL_NVIC_SetPriorityGrouping             0x080024e1   Thumb Code    26  stm32f1xx_hal_cortex.o(i.HAL_NVIC_SetPriorityGrouping)
    HAL_RCCEx_PeriphCLKConfig                0x08002505   Thumb Code   374  stm32f1xx_hal_rcc_ex.o(i.HAL_RCCEx_PeriphCLKConfig)
    HAL_RCC_ClockConfig                      0x0800268d   Thumb Code   322  stm32f1xx_hal_rcc.o(i.HAL_RCC_ClockConfig)
    HAL_RCC_GetPCLK1Freq                     0x080027e1   Thumb Code    20  stm32f1xx_hal_rcc.o(i.HAL_RCC_GetPCLK1Freq)
    HAL_RCC_GetPCLK2Freq                     0x08002801   Thumb Code    20  stm32f1xx_hal_rcc.o(i.HAL_RCC_GetPCLK2Freq)
    HAL_RCC_GetSysClockFreq                  0x08002821   Thumb Code   148  stm32f1xx_hal_rcc.o(i.HAL_RCC_GetSysClockFreq)
    HAL_RCC_OscConfig                        0x080028e5   Thumb Code   946  stm32f1xx_hal_rcc.o(i.HAL_RCC_OscConfig)
    HAL_SPI_Init                             0x08002cad   Thumb Code   128  stm32f1xx_hal_spi.o(i.HAL_SPI_Init)
    HAL_SPI_MspInit                          0x08002d2d   Thumb Code    94  spi.o(i.HAL_SPI_MspInit)
    HAL_SPI_Transmit                         0x08002d9d   Thumb Code   360  stm32f1xx_hal_spi.o(i.HAL_SPI_Transmit)
    HAL_SYSTICK_Config                       0x08002f05   Thumb Code    40  stm32f1xx_hal_cortex.o(i.HAL_SYSTICK_Config)
    HAL_UART_ErrorCallback                   0x08002f2d   Thumb Code    18  bsp_uart.o(i.HAL_UART_ErrorCallback)
    HAL_UART_Init                            0x08002f3f   Thumb Code    98  stm32f1xx_hal_uart.o(i.HAL_UART_Init)
    HAL_UART_MspInit                         0x08002fa1   Thumb Code   156  usart.o(i.HAL_UART_MspInit)
    HAL_UART_Receive_DMA                     0x08003051   Thumb Code   138  stm32f1xx_hal_uart.o(i.HAL_UART_Receive_DMA)
    HAL_UART_RxCpltCallback                  0x080030e9   Thumb Code     2  stm32f1xx_hal_uart.o(i.HAL_UART_RxCpltCallback)
    HAL_UART_RxHalfCpltCallback              0x080030eb   Thumb Code     2  stm32f1xx_hal_uart.o(i.HAL_UART_RxHalfCpltCallback)
    HardFault_Handler                        0x080030ed   Thumb Code     2  stm32f1xx_it.o(i.HardFault_Handler)
    LEFT_GNS                                 0x080030f1   Thumb Code    68  bsp_io.o(i.LEFT_GNS)
    MID_GNS                                  0x0800313d   Thumb Code    68  bsp_io.o(i.MID_GNS)
    MX_ADC1_Init                             0x08003189   Thumb Code    68  adc.o(i.MX_ADC1_Init)
    MX_CAN1_Init                             0x080031d5   Thumb Code    62  can.o(i.MX_CAN1_Init)
    MX_DMA_Init                              0x0800321d   Thumb Code    56  dma.o(i.MX_DMA_Init)
    MX_FREERTOS_Init                         0x08003259   Thumb Code    96  freertos.o(i.MX_FREERTOS_Init)
    MX_GPIO_Init                             0x080032c1   Thumb Code   188  gpio.o(i.MX_GPIO_Init)
    MX_IWDG_Init                             0x0800338d   Thumb Code    36  iwdg.o(i.MX_IWDG_Init)
    MX_SPI1_Init                             0x080033b9   Thumb Code    66  spi.o(i.MX_SPI1_Init)
    MX_USART3_UART_Init                      0x08003405   Thumb Code    48  usart.o(i.MX_USART3_UART_Init)
    MemManage_Handler                        0x0800343d   Thumb Code     2  stm32f1xx_it.o(i.MemManage_Handler)
    NMI_Handler                              0x0800343f   Thumb Code     2  stm32f1xx_it.o(i.NMI_Handler)
    OLED_Button                              0x08003461   Thumb Code    88  adc.o(i.OLED_Button)
    OLED_CTRL                                0x080034bd   Thumb Code   224  minorthread.o(i.OLED_CTRL)
    RIGHT_GNS                                0x080035f9   Thumb Code    62  bsp_io.o(i.RIGHT_GNS)
    SplitStr                                 0x080036f7   Thumb Code    80  stmgood.o(i.SplitStr)
    StrToFloat                               0x08003749   Thumb Code   258  stmgood.o(i.StrToFloat)
    Strlen                                   0x08003859   Thumb Code    16  stmgood.o(i.Strlen)
    SubStr                                   0x08003869   Thumb Code    34  stmgood.o(i.SubStr)
    SysTick_Handler                          0x08003891   Thumb Code    24  stm32f1xx_it.o(i.SysTick_Handler)
    SystemClock_Config                       0x080038a9   Thumb Code   110  main.o(i.SystemClock_Config)
    SystemInit                               0x0800391d   Thumb Code    68  system_stm32f1xx.o(i.SystemInit)
    UART_RX_IDLE_IRQ                         0x08003a31   Thumb Code    44  bsp_uart.o(i.UART_RX_IDLE_IRQ)
    USART3_IRQHandler                        0x08003bd9   Thumb Code     6  stm32f1xx_it.o(i.USART3_IRQHandler)
    USART_InitArgument                       0x08003be5   Thumb Code    12  bsp_uart.o(i.USART_InitArgument)
    USER_DMA_INIT                            0x08003bfd   Thumb Code    66  bsp_uart.o(i.USER_DMA_INIT)
    UsageFault_Handler                       0x08003c3f   Thumb Code     2  stm32f1xx_it.o(i.UsageFault_Handler)
    __0printf                                0x08003c41   Thumb Code    22  printfa.o(i.__0printf)
    __1printf                                0x08003c41   Thumb Code     0  printfa.o(i.__0printf)
    __2printf                                0x08003c41   Thumb Code     0  printfa.o(i.__0printf)
    __c89printf                              0x08003c41   Thumb Code     0  printfa.o(i.__0printf)
    printf                                   0x08003c41   Thumb Code     0  printfa.o(i.__0printf)
    __0vsprintf                              0x08003c61   Thumb Code    30  printfa.o(i.__0vsprintf)
    __1vsprintf                              0x08003c61   Thumb Code     0  printfa.o(i.__0vsprintf)
    __2vsprintf                              0x08003c61   Thumb Code     0  printfa.o(i.__0vsprintf)
    __c89vsprintf                            0x08003c61   Thumb Code     0  printfa.o(i.__0vsprintf)
    vsprintf                                 0x08003c61   Thumb Code     0  printfa.o(i.__0vsprintf)
    __scatterload_copy                       0x08003c85   Thumb Code    14  handlers.o(i.__scatterload_copy)
    __scatterload_null                       0x08003c93   Thumb Code     2  handlers.o(i.__scatterload_null)
    __scatterload_zeroinit                   0x08003c95   Thumb Code    14  handlers.o(i.__scatterload_zeroinit)
    cmd                                      0x08004541   Thumb Code   256  stmgood.o(i.cmd)
    debugThread                              0x08004679   Thumb Code   172  freertos.o(i.debugThread)
    encoder_data_handle                      0x08004811   Thumb Code   110  bsp_can.o(i.encoder_data_handle)
    evalve_init                              0x08004885   Thumb Code    38  bsp_io.o(i.evalve_init)
    fputc                                    0x080048b1   Thumb Code    18  bsp_uart.o(i.fputc)
    go1                                      0x080048c9   Thumb Code     6  stmgood.o(i.go1)
    main                                     0x080048e5   Thumb Code   102  main.o(i.main)
    mainThread                               0x08004951   Thumb Code    32  logic_handle_task.o(i.mainThread)
    minorThread                              0x0800497d   Thumb Code   198  minorthread.o(i.minorThread)
    multi1                                   0x08004ab5   Thumb Code    88  stmgood.o(i.multi1)
    multi2                                   0x08004b3d   Thumb Code    88  stmgood.o(i.multi2)
    multi3                                   0x08004bc5   Thumb Code    42  stmgood.o(i.multi3)
    multi4                                   0x08004c21   Thumb Code    22  stmgood.o(i.multi4)
    oled_LOGO                                0x08004c41   Thumb Code    94  oled.o(i.oled_LOGO)
    oled_clear                               0x08004ca5   Thumb Code    60  oled.o(i.oled_clear)
    oled_drawpoint                           0x08004ce5   Thumb Code    66  oled.o(i.oled_drawpoint)
    oled_init                                0x08004d2d   Thumb Code   282  oled.o(i.oled_init)
    oled_printf                              0x08004e4d   Thumb Code    72  oled.o(i.oled_printf)
    oled_refresh_gram                        0x08004e95   Thumb Code    46  oled.o(i.oled_refresh_gram)
    oled_showchar                            0x08004ef5   Thumb Code   116  oled.o(i.oled_showchar)
    oled_shownum                             0x08004f6d   Thumb Code   114  oled.o(i.oled_shownum)
    oled_showstring                          0x08004fdf   Thumb Code    46  oled.o(i.oled_showstring)
    oled_write_byte                          0x0800500d   Thumb Code    32  oled.o(i.oled_write_byte)
    osDelay                                  0x08005035   Thumb Code    14  cmsis_os.o(i.osDelay)
    osDelayUntil                             0x08005043   Thumb Code    14  cmsis_os.o(i.osDelayUntil)
    osKernelStart                            0x08005051   Thumb Code    10  cmsis_os.o(i.osKernelStart)
    osKernelSysTick                          0x0800505b   Thumb Code    24  cmsis_os.o(i.osKernelSysTick)
    osThreadCreate                           0x08005073   Thumb Code    84  cmsis_os.o(i.osThreadCreate)
    pidThread                                0x080050c9   Thumb Code   252  pid_handle_task.o(i.pidThread)
    pid_adjust                               0x080051ed   Thumb Code     6  pid.o(i.pid_adjust)
    pid_ast                                  0x080051f5   Thumb Code   314  pid.o(i.pid_ast)
    pvPortMalloc                             0x08005695   Thumb Code   210  heap_4.o(i.pvPortMalloc)
    pxPortInitialiseStack                    0x0800576d   Thumb Code    32  port.o(i.pxPortInitialiseStack)
    uxListRemove                             0x08005791   Thumb Code    36  list.o(i.uxListRemove)
    vApplicationGetIdleTaskMemory            0x080057b5   Thumb Code    16  freertos.o(i.vApplicationGetIdleTaskMemory)
    vListInitialise                          0x080057c9   Thumb Code    22  list.o(i.vListInitialise)
    vListInitialiseItem                      0x080057df   Thumb Code     6  list.o(i.vListInitialiseItem)
    vListInsert                              0x080057e5   Thumb Code    48  list.o(i.vListInsert)
    vListInsertEnd                           0x08005815   Thumb Code    24  list.o(i.vListInsertEnd)
    vPortEnterCritical                       0x0800582d   Thumb Code    54  port.o(i.vPortEnterCritical)
    vPortExitCritical                        0x0800586d   Thumb Code    34  port.o(i.vPortExitCritical)
    vPortFree                                0x08005895   Thumb Code    88  heap_4.o(i.vPortFree)
    vPortSetupTimerInterrupt                 0x080058f1   Thumb Code    26  port.o(i.vPortSetupTimerInterrupt)
    vPortValidateInterruptPriority           0x08005911   Thumb Code    74  port.o(i.vPortValidateInterruptPriority)
    vTaskDelay                               0x08005965   Thumb Code    66  tasks.o(i.vTaskDelay)
    vTaskDelayUntil                          0x080059b1   Thumb Code   132  tasks.o(i.vTaskDelayUntil)
    vTaskStartScheduler                      0x08005a3d   Thumb Code    90  tasks.o(i.vTaskStartScheduler)
    vTaskSuspendAll                          0x08005aa9   Thumb Code    10  tasks.o(i.vTaskSuspendAll)
    vTaskSwitchContext                       0x08005ab9   Thumb Code    82  tasks.o(i.vTaskSwitchContext)
    xPortStartScheduler                      0x08005b15   Thumb Code   102  port.o(i.xPortStartScheduler)
    xPortSysTickHandler                      0x08005b89   Thumb Code    38  port.o(i.xPortSysTickHandler)
    xTaskCreate                              0x08005bb5   Thumb Code    90  tasks.o(i.xTaskCreate)
    xTaskCreateStatic                        0x08005c0f   Thumb Code    82  tasks.o(i.xTaskCreateStatic)
    xTaskGetSchedulerState                   0x08005c61   Thumb Code    22  tasks.o(i.xTaskGetSchedulerState)
    xTaskGetTickCount                        0x08005c7d   Thumb Code     6  tasks.o(i.xTaskGetTickCount)
    xTaskGetTickCountFromISR                 0x08005c89   Thumb Code    12  tasks.o(i.xTaskGetTickCountFromISR)
    xTaskIncrementTick                       0x08005c99   Thumb Code   192  tasks.o(i.xTaskIncrementTick)
    xTaskResumeAll                           0x08005d61   Thumb Code   182  tasks.o(i.xTaskResumeAll)
    asc2_1206                                0x08005e24   Data        1140  oled.o(.constdata)
    LOGO_TOE                                 0x08006298   Data        1024  oled.o(.constdata)
    AHBPrescTable                            0x08006708   Data          16  system_stm32f1xx.o(.constdata)
    APBPrescTable                            0x08006718   Data           8  system_stm32f1xx.o(.constdata)
    Region$$Table$$Base                      0x08006750   Number         0  anon$$obj.o(Region$$Table)
    Region$$Table$$Limit                     0x08006770   Number         0  anon$$obj.o(Region$$Table)
    data2bytes                               0x20000000   Data           2  bsp_can.o(.data)
    data4bytes                               0x20000004   Data           4  bsp_can.o(.data)
    Count                                    0x20000008   Data           1  stmgood.o(.data)
    _kp                                      0x2000000c   Data           4  stmgood.o(.data)
    _ki                                      0x20000010   Data           4  stmgood.o(.data)
    _kd                                      0x20000014   Data           4  stmgood.o(.data)
    _kkp                                     0x20000018   Data           4  stmgood.o(.data)
    _kki                                     0x2000001c   Data           4  stmgood.o(.data)
    _kkd                                     0x20000020   Data           4  stmgood.o(.data)
    maxout1                                  0x20000024   Data           4  stmgood.o(.data)
    maxout2                                  0x20000028   Data           4  stmgood.o(.data)
    canFlag                                  0x2000002c   Data           1  minorthread.o(.data)
    detect_time_last                         0x20000030   Data           4  minorthread.o(.data)
    detect_time_ms                           0x20000034   Data           4  minorthread.o(.data)
    OLED_ADC_flag                            0x20000038   Data           2  adc.o(.data)
    ad1                                      0x2000003c   Data           4  adc.o(.data)
    defaultTaskHandle                        0x20000040   Data           4  freertos.o(.data)
    PidThreadHandle                          0x20000044   Data           4  freertos.o(.data)
    MainTaskHandle                           0x20000048   Data           4  freertos.o(.data)
    MinorTakHandle                           0x2000004c   Data           4  freertos.o(.data)
    SystemCoreClock                          0x20000050   Data           4  system_stm32f1xx.o(.data)
    uwTickFreq                               0x20000054   Data           1  stm32f1xx_hal.o(.data)
    uwTickPrio                               0x20000058   Data           4  stm32f1xx_hal.o(.data)
    uwTick                                   0x2000005c   Data           4  stm32f1xx_hal.o(.data)
    pxCurrentTCB                             0x20000060   Data           4  tasks.o(.data)
    __stdout                                 0x200000c0   Data           4  stdout.o(.data)
    can1_tx                                  0x200000c4   Data          28  bsp_can.o(.bss)
    can1_rx                                  0x200000e0   Data          36  bsp_can.o(.bss)
    MotoData                                 0x20000104   Data          96  bsp_can.o(.bss)
    uart3_buff                               0x20000164   Data          50  bsp_uart.o(.bss)
    pid_out                                  0x20000198   Data         104  pid.o(.bss)
    pid_in                                   0x20000200   Data         156  pid.o(.bss)
    Cmd1                                     0x200002a0   Data          20  stmgood.o(.bss)
    Cmd2                                     0x200002b4   Data          80  stmgood.o(.bss)
    Data                                     0x20000304   Data         100  stmgood.o(.bss)
    Str1                                     0x20000368   Data         100  stmgood.o(.bss)
    xx                                       0x200003d0   Data         800  stmgood.o(.bss)
    g_err                                    0x20000af0   Data         104  minorthread.o(.bss)
    g_fps                                    0x20000b58   Data          30  minorthread.o(.bss)
    r_fps                                    0x20000b76   Data          30  minorthread.o(.bss)
    moto_ctrl                                0x20000bd4   Data          36  logic_handle_task.o(.bss)
    logic_data                               0x20000bf8   Data          20  logic_handle_task.o(.bss)
    ADC_Value                                0x20000c0c   Data         200  adc.o(.bss)
    hadc1                                    0x20000cd4   Data          48  adc.o(.bss)
    hdma_adc1                                0x20000d04   Data          68  adc.o(.bss)
    hcan1                                    0x20000d48   Data          68  can.o(.bss)
    hcan2                                    0x20000d8c   Data          68  can.o(.bss)
    hiwdg                                    0x20001024   Data          12  iwdg.o(.bss)
    hspi1                                    0x20001030   Data          88  spi.o(.bss)
    huart3                                   0x20001088   Data          64  usart.o(.bss)
    hdma_usart3_rx                           0x200010c8   Data          68  usart.o(.bss)
    __initial_sp                             0x20002600   Data           0  startup_stm32f105xc.o(STACK)



==============================================================================

Memory Map of the image

  Image Entry point : 0x08000151

  Load Region LR_IROM1 (Base: 0x08000000, Size: 0x00006834, Max: 0x00010000, ABSOLUTE)

    Execution Region ER_IROM1 (Base: 0x08000000, Size: 0x00006770, Max: 0x00010000, ABSOLUTE)

    Base Addr    Size         Type   Attr      Idx    E Section Name        Object

    0x08000000   0x00000150   Data   RO            3    RESET               startup_stm32f105xc.o
    0x08000150   0x00000000   Code   RO         5154  * .ARM.Collect$$$$00000000  mc_w.l(entry.o)
    0x08000150   0x00000004   Code   RO         5462    .ARM.Collect$$$$00000001  mc_w.l(entry2.o)
    0x08000154   0x00000004   Code   RO         5465    .ARM.Collect$$$$00000004  mc_w.l(entry5.o)
    0x08000158   0x00000000   Code   RO         5467    .ARM.Collect$$$$00000008  mc_w.l(entry7b.o)
    0x08000158   0x00000000   Code   RO         5469    .ARM.Collect$$$$0000000A  mc_w.l(entry8b.o)
    0x08000158   0x00000008   Code   RO         5470    .ARM.Collect$$$$0000000B  mc_w.l(entry9a.o)
    0x08000160   0x00000000   Code   RO         5472    .ARM.Collect$$$$0000000D  mc_w.l(entry10a.o)
    0x08000160   0x00000000   Code   RO         5474    .ARM.Collect$$$$0000000F  mc_w.l(entry11a.o)
    0x08000160   0x00000004   Code   RO         5463    .ARM.Collect$$$$00002712  mc_w.l(entry2.o)
    0x08000164   0x00000096   Code   RO         5077    .emb_text           port.o
    0x080001fa   0x00000002   PAD
    0x080001fc   0x00000024   Code   RO            4    .text               startup_stm32f105xc.o
    0x08000220   0x00000062   Code   RO         5157    .text               mc_w.l(uldiv.o)
    0x08000282   0x00000020   Code   RO         5159    .text               mc_w.l(llushr.o)
    0x080002a2   0x00000024   Code   RO         5161    .text               mc_w.l(memcpya.o)
    0x080002c6   0x00000024   Code   RO         5163    .text               mc_w.l(memseta.o)
    0x080002ea   0x000000b0   Code   RO         5428    .text               mf_w.l(fadd.o)
    0x0800039a   0x00000064   Code   RO         5430    .text               mf_w.l(fmul.o)
    0x080003fe   0x0000007c   Code   RO         5432    .text               mf_w.l(fdiv.o)
    0x0800047a   0x0000014e   Code   RO         5436    .text               mf_w.l(dadd.o)
    0x080005c8   0x000000e4   Code   RO         5438    .text               mf_w.l(dmul.o)
    0x080006ac   0x000000de   Code   RO         5440    .text               mf_w.l(ddiv.o)
    0x0800078a   0x00000012   Code   RO         5442    .text               mf_w.l(fflti.o)
    0x0800079c   0x0000000a   Code   RO         5444    .text               mf_w.l(ffltui.o)
    0x080007a6   0x00000022   Code   RO         5446    .text               mf_w.l(dflti.o)
    0x080007c8   0x00000032   Code   RO         5448    .text               mf_w.l(ffixi.o)
    0x080007fa   0x0000003e   Code   RO         5452    .text               mf_w.l(dfixi.o)
    0x08000838   0x00000026   Code   RO         5454    .text               mf_w.l(f2d.o)
    0x0800085e   0x00000038   Code   RO         5456    .text               mf_w.l(d2f.o)
    0x08000896   0x00000002   PAD
    0x08000898   0x00000014   Code   RO         5458    .text               mf_w.l(cfcmple.o)
    0x080008ac   0x00000014   Code   RO         5460    .text               mf_w.l(cfrcmple.o)
    0x080008c0   0x0000002c   Code   RO         5477    .text               mc_w.l(uidiv.o)
    0x080008ec   0x0000001e   Code   RO         5479    .text               mc_w.l(llshl.o)
    0x0800090a   0x00000024   Code   RO         5481    .text               mc_w.l(llsshr.o)
    0x0800092e   0x00000000   Code   RO         5483    .text               mc_w.l(iusefp.o)
    0x0800092e   0x0000006e   Code   RO         5484    .text               mf_w.l(fepilogue.o)
    0x0800099c   0x000000ba   Code   RO         5486    .text               mf_w.l(depilogue.o)
    0x08000a56   0x00000030   Code   RO         5488    .text               mf_w.l(dfixul.o)
    0x08000a86   0x00000002   PAD
    0x08000a88   0x00000030   Code   RO         5490    .text               mf_w.l(cdrcmple.o)
    0x08000ab8   0x00000024   Code   RO         5492    .text               mc_w.l(init.o)
    0x08000adc   0x00000034   Code   RO         1468    i.ADC_Average       adc.o
    0x08000b10   0x0000004c   Code   RO         2014    i.ADC_ConversionStop_Disable  stm32f1xx_hal_adc.o
    0x08000b5c   0x0000004e   Code   RO         2015    i.ADC_DMAConvCplt   stm32f1xx_hal_adc.o
    0x08000baa   0x0000001a   Code   RO         2016    i.ADC_DMAError      stm32f1xx_hal_adc.o
    0x08000bc4   0x0000000a   Code   RO         2017    i.ADC_DMAHalfConvCplt  stm32f1xx_hal_adc.o
    0x08000bce   0x00000002   PAD
    0x08000bd0   0x00000070   Code   RO         2018    i.ADC_Enable        stm32f1xx_hal_adc.o
    0x08000c40   0x00000020   Code   RO         1469    i.ADC_InitArgument  adc.o
    0x08000c60   0x00000002   Code   RO         1822    i.BusFault_Handler  stm32f1xx_it.o
    0x08000c62   0x00000002   PAD
    0x08000c64   0x0000000c   Code   RO         1823    i.CAN1_RX0_IRQHandler  stm32f1xx_it.o
    0x08000c70   0x00000050   Code   RO           13    i.CAN1_Send_Current  bsp_can.o
    0x08000cc0   0x0000000c   Code   RO         1824    i.CAN1_TX_IRQHandler  stm32f1xx_it.o
    0x08000ccc   0x00000024   Code   RO           14    i.CAN_InitArgument  bsp_can.o
    0x08000cf0   0x00000126   Code   RO         3202    i.CAN_Receive_IT    stm32f1xx_hal_can.o
    0x08000e16   0x00000002   PAD
    0x08000e18   0x00000064   Code   RO           15    i.CanFilter_Init    bsp_can.o
    0x08000e7c   0x00000218   Code   RO          601    i.Command           stmgood.o
    0x08001094   0x00000030   Code   RO          602    i.CompStr           stmgood.o
    0x080010c4   0x00000016   Code   RO          603    i.CopyStr           stmgood.o
    0x080010da   0x00000002   PAD
    0x080010dc   0x0000000c   Code   RO         1825    i.DMA1_Channel1_IRQHandler  stm32f1xx_it.o
    0x080010e8   0x00000028   Code   RO         1826    i.DMA1_Channel3_IRQHandler  stm32f1xx_it.o
    0x08001110   0x0000002a   Code   RO         2677    i.DMA_SetConfig     stm32f1xx_hal_dma.o
    0x0800113a   0x00000002   PAD
    0x0800113c   0x00000084   Code   RO          604    i.DealStr           stmgood.o
    0x080011c0   0x00000090   Code   RO          605    i.Dealdata          stmgood.o
    0x08001250   0x00000002   Code   RO         1827    i.DebugMon_Handler  stm32f1xx_it.o
    0x08001252   0x00000002   Code   RO         1405    i.Error_Handler     main.o
    0x08001254   0x00000018   Code   RO          606    i.FirstSpace        stmgood.o
    0x0800126c   0x0000005c   Code   RO          297    i.GNS_STATE_DETECT  bsp_io.o
    0x080012c8   0x0000000e   Code   RO          298    i.GPIO_InitArgument  bsp_io.o
    0x080012d6   0x00000002   PAD
    0x080012d8   0x000000fc   Code   RO         2020    i.HAL_ADC_ConfigChannel  stm32f1xx_hal_adc.o
    0x080013d4   0x00000002   Code   RO         2021    i.HAL_ADC_ConvCpltCallback  stm32f1xx_hal_adc.o
    0x080013d6   0x00000002   Code   RO         2022    i.HAL_ADC_ConvHalfCpltCallback  stm32f1xx_hal_adc.o
    0x080013d8   0x00000002   Code   RO         2024    i.HAL_ADC_ErrorCallback  stm32f1xx_hal_adc.o
    0x080013da   0x00000002   PAD
    0x080013dc   0x0000011c   Code   RO         2029    i.HAL_ADC_Init      stm32f1xx_hal_adc.o
    0x080014f8   0x00000090   Code   RO         1471    i.HAL_ADC_MspInit   adc.o
    0x08001588   0x000000c0   Code   RO         2035    i.HAL_ADC_Start     stm32f1xx_hal_adc.o
    0x08001648   0x0000010c   Code   RO         2036    i.HAL_ADC_Start_DMA  stm32f1xx_hal_adc.o
    0x08001754   0x000000f2   Code   RO         3203    i.HAL_CAN_ConfigFilter  stm32f1xx_hal_can.o
    0x08001846   0x00000002   Code   RO         3205    i.HAL_CAN_ErrorCallback  stm32f1xx_hal_can.o
    0x08001848   0x00000234   Code   RO         3208    i.HAL_CAN_IRQHandler  stm32f1xx_hal_can.o
    0x08001a7c   0x0000012c   Code   RO         3209    i.HAL_CAN_Init      stm32f1xx_hal_can.o
    0x08001ba8   0x000000a4   Code   RO         1530    i.HAL_CAN_MspInit   can.o
    0x08001c4c   0x000000b4   Code   RO           16    i.HAL_CAN_RxCpltCallback  bsp_can.o
    0x08001d00   0x00000124   Code   RO         3217    i.HAL_CAN_Transmit_IT  stm32f1xx_hal_can.o
    0x08001e24   0x00000002   Code   RO         3218    i.HAL_CAN_TxCpltCallback  stm32f1xx_hal_can.o
    0x08001e26   0x00000002   PAD
    0x08001e28   0x00000248   Code   RO         2683    i.HAL_DMA_IRQHandler  stm32f1xx_hal_dma.o
    0x08002070   0x00000084   Code   RO         2684    i.HAL_DMA_Init      stm32f1xx_hal_dma.o
    0x080020f4   0x00000070   Code   RO         2688    i.HAL_DMA_Start_IT  stm32f1xx_hal_dma.o
    0x08002164   0x00000024   Code   RO         2297    i.HAL_Delay         stm32f1xx_hal.o
    0x08002188   0x000001bc   Code   RO         2614    i.HAL_GPIO_Init     stm32f1xx_hal_gpio.o
    0x08002344   0x0000000a   Code   RO         2616    i.HAL_GPIO_ReadPin  stm32f1xx_hal_gpio.o
    0x0800234e   0x00000008   Code   RO         2617    i.HAL_GPIO_TogglePin  stm32f1xx_hal_gpio.o
    0x08002356   0x0000000a   Code   RO         2618    i.HAL_GPIO_WritePin  stm32f1xx_hal_gpio.o
    0x08002360   0x0000000c   Code   RO         2301    i.HAL_GetTick       stm32f1xx_hal.o
    0x0800236c   0x00000052   Code   RO         3327    i.HAL_IWDG_Init     stm32f1xx_hal_iwdg.o
    0x080023be   0x0000000c   Code   RO         3328    i.HAL_IWDG_Refresh  stm32f1xx_hal_iwdg.o
    0x080023ca   0x00000002   PAD
    0x080023cc   0x00000010   Code   RO         2305    i.HAL_IncTick       stm32f1xx_hal.o
    0x080023dc   0x00000024   Code   RO         2306    i.HAL_Init          stm32f1xx_hal.o
    0x08002400   0x00000040   Code   RO         2307    i.HAL_InitTick      stm32f1xx_hal.o
    0x08002440   0x00000048   Code   RO         1916    i.HAL_MspInit       stm32f1xx_hal_msp.o
    0x08002488   0x00000016   Code   RO         2774    i.HAL_NVIC_EnableIRQ  stm32f1xx_hal_cortex.o
    0x0800249e   0x00000002   PAD
    0x080024a0   0x00000040   Code   RO         2780    i.HAL_NVIC_SetPriority  stm32f1xx_hal_cortex.o
    0x080024e0   0x00000024   Code   RO         2781    i.HAL_NVIC_SetPriorityGrouping  stm32f1xx_hal_cortex.o
    0x08002504   0x00000188   Code   RO         2557    i.HAL_RCCEx_PeriphCLKConfig  stm32f1xx_hal_rcc_ex.o
    0x0800268c   0x00000154   Code   RO         2450    i.HAL_RCC_ClockConfig  stm32f1xx_hal_rcc.o
    0x080027e0   0x00000020   Code   RO         2457    i.HAL_RCC_GetPCLK1Freq  stm32f1xx_hal_rcc.o
    0x08002800   0x00000020   Code   RO         2458    i.HAL_RCC_GetPCLK2Freq  stm32f1xx_hal_rcc.o
    0x08002820   0x000000c4   Code   RO         2459    i.HAL_RCC_GetSysClockFreq  stm32f1xx_hal_rcc.o
    0x080028e4   0x000003c8   Code   RO         2462    i.HAL_RCC_OscConfig  stm32f1xx_hal_rcc.o
    0x08002cac   0x00000080   Code   RO         3368    i.HAL_SPI_Init      stm32f1xx_hal_spi.o
    0x08002d2c   0x00000070   Code   RO         1711    i.HAL_SPI_MspInit   spi.o
    0x08002d9c   0x00000168   Code   RO         3376    i.HAL_SPI_Transmit  stm32f1xx_hal_spi.o
    0x08002f04   0x00000028   Code   RO         2785    i.HAL_SYSTICK_Config  stm32f1xx_hal_cortex.o
    0x08002f2c   0x00000012   Code   RO          234    i.HAL_UART_ErrorCallback  bsp_uart.o
    0x08002f3e   0x00000062   Code   RO         3741    i.HAL_UART_Init     stm32f1xx_hal_uart.o
    0x08002fa0   0x000000b0   Code   RO         1780    i.HAL_UART_MspInit  usart.o
    0x08003050   0x00000098   Code   RO         3745    i.HAL_UART_Receive_DMA  stm32f1xx_hal_uart.o
    0x080030e8   0x00000002   Code   RO         3747    i.HAL_UART_RxCpltCallback  stm32f1xx_hal_uart.o
    0x080030ea   0x00000002   Code   RO         3748    i.HAL_UART_RxHalfCpltCallback  stm32f1xx_hal_uart.o
    0x080030ec   0x00000002   Code   RO         1828    i.HardFault_Handler  stm32f1xx_it.o
    0x080030ee   0x00000002   PAD
    0x080030f0   0x0000004c   Code   RO          299    i.LEFT_GNS          bsp_io.o
    0x0800313c   0x0000004c   Code   RO          300    i.MID_GNS           bsp_io.o
    0x08003188   0x0000004c   Code   RO         1472    i.MX_ADC1_Init      adc.o
    0x080031d4   0x00000048   Code   RO         1531    i.MX_CAN1_Init      can.o
    0x0800321c   0x0000003c   Code   RO         1577    i.MX_DMA_Init       dma.o
    0x08003258   0x00000068   Code   RO         1601    i.MX_FREERTOS_Init  freertos.o
    0x080032c0   0x000000cc   Code   RO         1444    i.MX_GPIO_Init      gpio.o
    0x0800338c   0x0000002c   Code   RO         1680    i.MX_IWDG_Init      iwdg.o
    0x080033b8   0x0000004c   Code   RO         1712    i.MX_SPI1_Init      spi.o
    0x08003404   0x00000038   Code   RO         1781    i.MX_USART3_UART_Init  usart.o
    0x0800343c   0x00000002   Code   RO         1829    i.MemManage_Handler  stm32f1xx_it.o
    0x0800343e   0x00000002   Code   RO         1830    i.NMI_Handler       stm32f1xx_it.o
    0x08003440   0x00000020   Code   RO         2787    i.NVIC_SetPriority  stm32f1xx_hal_cortex.o
    0x08003460   0x0000005c   Code   RO         1473    i.OLED_Button       adc.o
    0x080034bc   0x0000013c   Code   RO         1207    i.OLED_CTRL         minorthread.o
    0x080035f8   0x00000048   Code   RO          301    i.RIGHT_GNS         bsp_io.o
    0x08003640   0x00000020   Code   RO         3392    i.SPI_CheckFlag_BSY  stm32f1xx_hal_spi.o
    0x08003660   0x00000096   Code   RO         3411    i.SPI_WaitFlagStateUntilTimeout  stm32f1xx_hal_spi.o
    0x080036f6   0x00000050   Code   RO          607    i.SplitStr          stmgood.o
    0x08003746   0x00000002   PAD
    0x08003748   0x00000110   Code   RO          608    i.StrToFloat        stmgood.o
    0x08003858   0x00000010   Code   RO          610    i.Strlen            stmgood.o
    0x08003868   0x00000028   Code   RO          611    i.SubStr            stmgood.o
    0x08003890   0x00000018   Code   RO         1831    i.SysTick_Handler   stm32f1xx_it.o
    0x080038a8   0x00000074   Code   RO         1406    i.SystemClock_Config  main.o
    0x0800391c   0x00000054   Code   RO         1941    i.SystemInit        system_stm32f1xx.o
    0x08003970   0x0000004a   Code   RO         3755    i.UART_DMAError     stm32f1xx_hal_uart.o
    0x080039ba   0x0000003c   Code   RO         3756    i.UART_DMAReceiveCplt  stm32f1xx_hal_uart.o
    0x080039f6   0x0000000a   Code   RO         3758    i.UART_DMARxHalfCplt  stm32f1xx_hal_uart.o
    0x08003a00   0x0000001c   Code   RO         3764    i.UART_EndRxTransfer  stm32f1xx_hal_uart.o
    0x08003a1c   0x00000012   Code   RO         3765    i.UART_EndTxTransfer  stm32f1xx_hal_uart.o
    0x08003a2e   0x00000002   PAD
    0x08003a30   0x00000038   Code   RO          235    i.UART_RX_IDLE_IRQ  bsp_uart.o
    0x08003a68   0x00000170   Code   RO         3767    i.UART_SetConfig    stm32f1xx_hal_uart.o
    0x08003bd8   0x0000000c   Code   RO         1832    i.USART3_IRQHandler  stm32f1xx_it.o
    0x08003be4   0x00000018   Code   RO          236    i.USART_InitArgument  bsp_uart.o
    0x08003bfc   0x00000042   Code   RO          237    i.USER_DMA_INIT     bsp_uart.o
    0x08003c3e   0x00000002   Code   RO         1833    i.UsageFault_Handler  stm32f1xx_it.o
    0x08003c40   0x00000020   Code   RO         5400    i.__0printf         mc_w.l(printfa.o)
    0x08003c60   0x00000024   Code   RO         5406    i.__0vsprintf       mc_w.l(printfa.o)
    0x08003c84   0x0000000e   Code   RO         5496    i.__scatterload_copy  mc_w.l(handlers.o)
    0x08003c92   0x00000002   Code   RO         5497    i.__scatterload_null  mc_w.l(handlers.o)
    0x08003c94   0x0000000e   Code   RO         5498    i.__scatterload_zeroinit  mc_w.l(handlers.o)
    0x08003ca2   0x00000002   PAD
    0x08003ca4   0x00000164   Code   RO         5407    i._fp_digits        mc_w.l(printfa.o)
    0x08003e08   0x000006dc   Code   RO         5408    i._printf_core      mc_w.l(printfa.o)
    0x080044e4   0x00000024   Code   RO         5409    i._printf_post_padding  mc_w.l(printfa.o)
    0x08004508   0x0000002e   Code   RO         5410    i._printf_pre_padding  mc_w.l(printfa.o)
    0x08004536   0x0000000a   Code   RO         5412    i._sputc            mc_w.l(printfa.o)
    0x08004540   0x00000138   Code   RO          618    i.cmd               stmgood.o
    0x08004678   0x00000198   Code   RO         1602    i.debugThread       freertos.o
    0x08004810   0x00000074   Code   RO           17    i.encoder_data_handle  bsp_can.o
    0x08004884   0x0000002c   Code   RO          302    i.evalve_init       bsp_io.o
    0x080048b0   0x00000018   Code   RO          238    i.fputc             bsp_uart.o
    0x080048c8   0x00000010   Code   RO          620    i.go1               stmgood.o
    0x080048d8   0x0000000c   Code   RO         4641    i.inHandlerMode     cmsis_os.o
    0x080048e4   0x0000006c   Code   RO         1407    i.main              main.o
    0x08004950   0x00000020   Code   RO         1284    i.mainThread        logic_handle_task.o
    0x08004970   0x0000000c   Code   RO         4643    i.makeFreeRtosPriority  cmsis_os.o
    0x0800497c   0x000000d8   Code   RO         1211    i.minorThread       minorthread.o
    0x08004a54   0x00000060   Code   RO         1212    i.module_offline_detect  minorthread.o
    0x08004ab4   0x00000088   Code   RO          627    i.multi1            stmgood.o
    0x08004b3c   0x00000088   Code   RO          628    i.multi2            stmgood.o
    0x08004bc4   0x0000005c   Code   RO          629    i.multi3            stmgood.o
    0x08004c20   0x00000020   Code   RO          630    i.multi4            stmgood.o
    0x08004c40   0x00000064   Code   RO         1085    i.oled_LOGO         oled.o
    0x08004ca4   0x00000040   Code   RO         1086    i.oled_clear        oled.o
    0x08004ce4   0x00000048   Code   RO         1090    i.oled_drawpoint    oled.o
    0x08004d2c   0x00000120   Code   RO         1091    i.oled_init         oled.o
    0x08004e4c   0x00000048   Code   RO         1092    i.oled_printf       oled.o
    0x08004e94   0x00000034   Code   RO         1093    i.oled_refresh_gram  oled.o
    0x08004ec8   0x0000002a   Code   RO         1094    i.oled_set_pos      oled.o
    0x08004ef2   0x00000002   PAD
    0x08004ef4   0x00000078   Code   RO         1095    i.oled_showchar     oled.o
    0x08004f6c   0x00000072   Code   RO         1096    i.oled_shownum      oled.o
    0x08004fde   0x0000002e   Code   RO         1097    i.oled_showstring   oled.o
    0x0800500c   0x00000028   Code   RO         1098    i.oled_write_byte   oled.o
    0x08005034   0x0000000e   Code   RO         4645    i.osDelay           cmsis_os.o
    0x08005042   0x0000000e   Code   RO         4646    i.osDelayUntil      cmsis_os.o
    0x08005050   0x0000000a   Code   RO         4648    i.osKernelStart     cmsis_os.o
    0x0800505a   0x00000018   Code   RO         4649    i.osKernelSysTick   cmsis_os.o
    0x08005072   0x00000054   Code   RO         4682    i.osThreadCreate    cmsis_os.o
    0x080050c6   0x00000002   PAD
    0x080050c8   0x00000124   Code   RO         1375    i.pidThread         pid_handle_task.o
    0x080051ec   0x00000006   Code   RO          554    i.pid_adjust        pid.o
    0x080051f2   0x00000002   PAD
    0x080051f4   0x00000144   Code   RO          555    i.pid_ast           pid.o
    0x08005338   0x00000070   Code   RO         4342    i.prvAddCurrentTaskToDelayedList  tasks.o
    0x080053a8   0x000000d0   Code   RO         4343    i.prvAddNewTaskToReadyList  tasks.o
    0x08005478   0x00000050   Code   RO         4344    i.prvCheckTasksWaitingTermination  tasks.o
    0x080054c8   0x00000034   Code   RO         4345    i.prvDeleteTCB      tasks.o
    0x080054fc   0x0000004c   Code   RO         5016    i.prvHeapInit       heap_4.o
    0x08005548   0x00000028   Code   RO         4346    i.prvIdleTask       tasks.o
    0x08005570   0x0000008e   Code   RO         4347    i.prvInitialiseNewTask  tasks.o
    0x080055fe   0x00000002   PAD
    0x08005600   0x0000004c   Code   RO         5017    i.prvInsertBlockIntoFreeList  heap_4.o
    0x0800564c   0x00000020   Code   RO         4348    i.prvResetNextTaskUnblockTime  tasks.o
    0x0800566c   0x00000028   Code   RO         5078    i.prvTaskExitError  port.o
    0x08005694   0x000000d8   Code   RO         5018    i.pvPortMalloc      heap_4.o
    0x0800576c   0x00000024   Code   RO         5079    i.pxPortInitialiseStack  port.o
    0x08005790   0x00000024   Code   RO         4143    i.uxListRemove      list.o
    0x080057b4   0x00000014   Code   RO         1606    i.vApplicationGetIdleTaskMemory  freertos.o
    0x080057c8   0x00000016   Code   RO         4144    i.vListInitialise   list.o
    0x080057de   0x00000006   Code   RO         4145    i.vListInitialiseItem  list.o
    0x080057e4   0x00000030   Code   RO         4146    i.vListInsert       list.o
    0x08005814   0x00000018   Code   RO         4147    i.vListInsertEnd    list.o
    0x0800582c   0x00000040   Code   RO         5081    i.vPortEnterCritical  port.o
    0x0800586c   0x00000028   Code   RO         5082    i.vPortExitCritical  port.o
    0x08005894   0x0000005c   Code   RO         5019    i.vPortFree         heap_4.o
    0x080058f0   0x00000020   Code   RO         5083    i.vPortSetupTimerInterrupt  port.o
    0x08005910   0x00000054   Code   RO         5084    i.vPortValidateInterruptPriority  port.o
    0x08005964   0x0000004c   Code   RO         4356    i.vTaskDelay        tasks.o
    0x080059b0   0x0000008c   Code   RO         4357    i.vTaskDelayUntil   tasks.o
    0x08005a3c   0x0000006c   Code   RO         4368    i.vTaskStartScheduler  tasks.o
    0x08005aa8   0x00000010   Code   RO         4370    i.vTaskSuspendAll   tasks.o
    0x08005ab8   0x0000005c   Code   RO         4371    i.vTaskSwitchContext  tasks.o
    0x08005b14   0x00000074   Code   RO         5085    i.xPortStartScheduler  port.o
    0x08005b88   0x0000002c   Code   RO         5086    i.xPortSysTickHandler  port.o
    0x08005bb4   0x0000005a   Code   RO         4373    i.xTaskCreate       tasks.o
    0x08005c0e   0x00000052   Code   RO         4374    i.xTaskCreateStatic  tasks.o
    0x08005c60   0x0000001c   Code   RO         4378    i.xTaskGetSchedulerState  tasks.o
    0x08005c7c   0x0000000c   Code   RO         4379    i.xTaskGetTickCount  tasks.o
    0x08005c88   0x00000010   Code   RO         4380    i.xTaskGetTickCountFromISR  tasks.o
    0x08005c98   0x000000c8   Code   RO         4381    i.xTaskIncrementTick  tasks.o
    0x08005d60   0x000000c4   Code   RO         4387    i.xTaskResumeAll    tasks.o
    0x08005e24   0x00000874   Data   RO         1100    .constdata          oled.o
    0x08006698   0x00000070   Data   RO         1608    .constdata          freertos.o
    0x08006708   0x00000010   Data   RO         1942    .constdata          system_stm32f1xx.o
    0x08006718   0x00000008   Data   RO         1943    .constdata          system_stm32f1xx.o
    0x08006720   0x00000030   Data   RO         1609    .conststring        freertos.o
    0x08006750   0x00000020   Data   RO         5494    Region$$Table       anon$$obj.o


    Execution Region RW_IRAM1 (Base: 0x20000000, Size: 0x00002600, Max: 0x00010000, ABSOLUTE)

    Base Addr    Size         Type   Attr      Idx    E Section Name        Object

    0x20000000   0x00000008   Data   RW           22    .data               bsp_can.o
    0x20000008   0x00000024   Data   RW          666    .data               stmgood.o
    0x2000002c   0x0000000c   Data   RW         1214    .data               minorthread.o
    0x20000038   0x00000008   Data   RW         1475    .data               adc.o
    0x20000040   0x00000010   Data   RW         1610    .data               freertos.o
    0x20000050   0x00000004   Data   RW         1944    .data               system_stm32f1xx.o
    0x20000054   0x0000000c   Data   RW         2313    .data               stm32f1xx_hal.o
    0x20000060   0x0000003c   Data   RW         4390    .data               tasks.o
    0x2000009c   0x00000018   Data   RW         5024    .data               heap_4.o
    0x200000b4   0x0000000c   Data   RW         5087    .data               port.o
    0x200000c0   0x00000004   Data   RW         5476    .data               mc_w.l(stdout.o)
    0x200000c4   0x000000a0   Zero   RW           19    .bss                bsp_can.o
    0x20000164   0x00000032   Zero   RW          240    .bss                bsp_uart.o
    0x20000196   0x00000002   PAD
    0x20000198   0x00000068   Zero   RW          556    .bss                pid.o
    0x20000200   0x0000009c   Zero   RW          557    .bss                pid.o
    0x2000029c   0x00000004   PAD
    0x200002a0   0x00000450   Zero   RW          665    .bss                stmgood.o
    0x200006f0   0x00000400   Zero   RW         1099    .bss                oled.o
    0x20000af0   0x000000e4   Zero   RW         1213    .bss                minorthread.o
    0x20000bd4   0x00000038   Zero   RW         1292    .bss                logic_handle_task.o
    0x20000c0c   0x0000013c   Zero   RW         1474    .bss                adc.o
    0x20000d48   0x00000088   Zero   RW         1533    .bss                can.o
    0x20000dd0   0x00000254   Zero   RW         1607    .bss                freertos.o
    0x20001024   0x0000000c   Zero   RW         1681    .bss                iwdg.o
    0x20001030   0x00000058   Zero   RW         1713    .bss                spi.o
    0x20001088   0x00000084   Zero   RW         1782    .bss                usart.o
    0x2000110c   0x000000f0   Zero   RW         4389    .bss                tasks.o
    0x200011fc   0x00001000   Zero   RW         5023    .bss                heap_4.o
    0x200021fc   0x00000004   PAD
    0x20002200   0x00000400   Zero   RW            1    STACK               startup_stm32f105xc.o


==============================================================================

Image component sizes


      Code (inc. data)   RO Data    RW Data    ZI Data      Debug   Object Name

       396         50          0          8        316       3102   adc.o
       512         52          0          8        160     651620   bsp_can.o
       374         36          0          0          0       4347   bsp_io.o
       188         30          0          0         50       3057   bsp_uart.o
       236         28          0          0        136       1583   can.o
       170          0          0          0          0      23830   cmsis_os.o
        60          4          0          0          0        702   dma.o
         0          0          0          0          0      16768   event_groups.o
       532        248        160         16        596       2685   freertos.o
       204         16          0          0          0        911   gpio.o
       460         24          0         24       4096       6863   heap_4.o
        44          8          0          0         12        647   iwdg.o
       136          0          0          0          0       3082   list.o
        32          0          0          0         56       3420   logic_handle_task.o
       226         12          0          0          0       1980   main.o
       628        120          0         12        228       4199   minorthread.o
      1010         40       2164          0       1024       7729   oled.o
       330         10          0          0        260       2192   pid.o
       292         40          0          0          0        596   pid_handle_task.o
       606         72          0         12          0      10709   port.o
       188         28          0          0         88       1525   spi.o
        36          8        336          0       1024        780   startup_stm32f105xc.o
       164         28          0         12          0       3625   stm32f1xx_hal.o
      1304         62          0          0          0       8214   stm32f1xx_hal_adc.o
      1696         16          0          0          0       5770   stm32f1xx_hal_can.o
       194         14          0          0          0      25271   stm32f1xx_hal_cortex.o
       870         44          0          0          0       3187   stm32f1xx_hal_dma.o
       472         36          0          0          0       3552   stm32f1xx_hal_gpio.o
        94          0          0          0          0       1567   stm32f1xx_hal_iwdg.o
        72         10          0          0          0        802   stm32f1xx_hal_msp.o
      1568        112          0          0          0       5060   stm32f1xx_hal_rcc.o
       392         18          0          0          0       1452   stm32f1xx_hal_rcc_ex.o
       670          0          0          0          0       3350   stm32f1xx_hal_spi.o
       812         18          0          0          0       6019   stm32f1xx_hal_uart.o
       124         36          0          0          0       5518   stm32f1xx_it.o
      2038        388          0         36       1104      10218   stmgood.o
        84         16         24          4          0       1095   system_stm32f1xx.o
      1722        140          0         60        240      17820   tasks.o
       232         28          0          0        132       1625   usart.o

    ----------------------------------------------------------------------
     19204       1792       2716        192       9532     856472   Object Totals
         0          0         32          0          0          0   (incl. Generated)
        36          0          0          0         10          0   (incl. Padding)

    ----------------------------------------------------------------------

      Code (inc. data)   RO Data    RW Data    ZI Data      Debug   Library Member Name

         0          0          0          0          0          0   entry.o
         0          0          0          0          0          0   entry10a.o
         0          0          0          0          0          0   entry11a.o
         8          4          0          0          0          0   entry2.o
         4          0          0          0          0          0   entry5.o
         0          0          0          0          0          0   entry7b.o
         0          0          0          0          0          0   entry8b.o
         8          4          0          0          0          0   entry9a.o
        30          0          0          0          0          0   handlers.o
        36          8          0          0          0         68   init.o
         0          0          0          0          0          0   iusefp.o
        30          0          0          0          0         68   llshl.o
        36          0          0          0          0         68   llsshr.o
        32          0          0          0          0         68   llushr.o
        36          0          0          0          0         68   memcpya.o
        36          0          0          0          0        108   memseta.o
      2272         96          0          0          0        592   printfa.o
         0          0          0          4          0          0   stdout.o
        44          0          0          0          0         80   uidiv.o
        98          0          0          0          0         92   uldiv.o
        48          0          0          0          0         68   cdrcmple.o
        20          0          0          0          0         68   cfcmple.o
        20          0          0          0          0         68   cfrcmple.o
        56          0          0          0          0         88   d2f.o
       334          0          0          0          0        148   dadd.o
       222          0          0          0          0        100   ddiv.o
       186          0          0          0          0        176   depilogue.o
        62          0          0          0          0         80   dfixi.o
        48          0          0          0          0         68   dfixul.o
        34          0          0          0          0         76   dflti.o
       228          0          0          0          0         96   dmul.o
        38          0          0          0          0         68   f2d.o
       176          0          0          0          0        140   fadd.o
       124          0          0          0          0         88   fdiv.o
       110          0          0          0          0        168   fepilogue.o
        50          0          0          0          0         68   ffixi.o
        18          0          0          0          0         68   fflti.o
        10          0          0          0          0         68   ffltui.o
       100          0          0          0          0         76   fmul.o

    ----------------------------------------------------------------------
      4560        112          0          4          0       2992   Library Totals
         6          0          0          0          0          0   (incl. Padding)

    ----------------------------------------------------------------------

      Code (inc. data)   RO Data    RW Data    ZI Data      Debug   Library Name

      2670        112          0          4          0       1212   mc_w.l
      1884          0          0          0          0       1780   mf_w.l

    ----------------------------------------------------------------------
      4560        112          0          4          0       2992   Library Totals

    ----------------------------------------------------------------------

==============================================================================


      Code (inc. data)   RO Data    RW Data    ZI Data      Debug   

     23764       1904       2716        196       9532     848436   Grand Totals
     23764       1904       2716        196       9532     848436   ELF Image Totals
     23764       1904       2716        196          0          0   ROM Totals

==============================================================================

    Total RO  Size (Code + RO Data)                26480 (  25.86kB)
    Total RW  Size (RW Data + ZI Data)              9728 (   9.50kB)
    Total ROM Size (Code + RO Data + RW Data)      26676 (  26.05kB)

==============================================================================

